<6>[    0.000000] Initializing cgroup subsys cpu
<5>[    0.000000] Linux version 2.6.35.7-cyanogenmod (android@giulio-laptop) (gcc version 4.4.0 (GCC) ) #1 PREEMPT Sun Oct 24 15:58:31 CEST 2010
<4>[    0.000000] CPU: ARMv7 Processor [510f00f2] revision 2 (ARMv7), cr=10c53c7f
<4>[    0.000000] CPU: VIPT nonaliasing data cache, VIVT ASID tagged instruction cache
<4>[    0.000000] Machine: bravoc
<4>[    0.000000] Ignoring unrecognised tag 0x4d534d71
<4>[    0.000000] Ignoring unrecognised tag 0x4d534d72
<4>[    0.000000] Ignoring unrecognised tag 0x4d534d73
<7>[    0.000000] tag_panel_parsing: panel type = 4
<4>[    0.000000] Ignoring unrecognised tag 0x4d534d75
<4>[    0.000000] Ignoring unrecognised tag 0x4d534d76
<4>[    0.000000] Ignoring unrecognised tag 0x5441000a
<6>[    0.000000] CAM_AWB_CAL Data size = 514 , 0x59504550, size = 2048
<4>[    0.000000] Ignoring unrecognised tag 0x59504551
<4>[    0.000000] Ignoring unrecognised tag 0x41387898
<4>[    0.000000] Memory policy: ECC disabled, Data cache writeback
<7>[    0.000000] On node 0 totalpages: 106240
<7>[    0.000000] free_area_init_node: node 0, pgdat c044410c, node_mem_map c0504000
<7>[    0.000000]   Normal zone: 878 pages used for memmap
<7>[    0.000000]   Normal zone: 0 pages reserved
<7>[    0.000000]   Normal zone: 105362 pages, LIFO batch:31
<4>[    0.000000] Built 1 zonelists in Zone order, mobility grouping on.  Total pages: 105362
<5>[    0.000000] Kernel command line: board_bravoc.disable_uart3=0 board_bravoc.usb_h2w_sw=0 board_bravoc.disable_sdcard=0 diag.enabled=0 board_bravoc.debug_uart=0 smisize=0 userdata_sel=0 androidboot.emmc=false  androidboot.baseband=2.05.10.06.29 androidboot.cid=UTSI_001 androidboot.batt_poweron=die_battery androidboot.carrier=COMMON androidboot.mid=PB9940000 androidboot.keycaps=qwerty androidboot.mode=normal androidboot.serialno=XXXXXXXXXX androidboot.bootloader=0.98.0000 no_console_suspend=1 msmsdcc_sdioirq=1 wire.search_count=5
<6>[    0.000000] PID hash table entries: 2048 (order: 1, 8192 bytes)
<6>[    0.000000] Dentry cache hash table entries: 65536 (order: 6, 262144 bytes)
<6>[    0.000000] Inode-cache hash table entries: 32768 (order: 5, 131072 bytes)
<6>[    0.000000] Memory: 232MB 183MB = 415MB total
<5>[    0.000000] Memory: 415936k/415936k available, 9024k reserved, 0K highmem
<5>[    0.000000] Virtual kernel memory layout:
<5>[    0.000000]     vector  : 0xffff0000 - 0xffff1000   (   4 kB)
<5>[    0.000000]     fixmap  : 0xfff00000 - 0xfffe0000   ( 896 kB)
<5>[    0.000000]     DMA     : 0xffa00000 - 0xffe00000   (   4 MB)
<5>[    0.000000]     vmalloc : 0xdb800000 - 0xf8000000   ( 456 MB)
<5>[    0.000000]     lowmem  : 0xc0000000 - 0xdb700000   ( 439 MB)
<5>[    0.000000]     modules : 0xbf000000 - 0xc0000000   (  16 MB)
<5>[    0.000000]       .init : 0xc0008000 - 0xc0023000   ( 108 kB)
<5>[    0.000000]       .text : 0xc0023000 - 0xc03f5000   (3912 kB)
<5>[    0.000000]       .data : 0xc0414000 - 0xc0444720   ( 194 kB)
<6>[    0.000000] Hierarchical RCU implementation.
<6>[    0.000000] 	RCU-based detection of stalled CPUs is disabled.
<6>[    0.000000] 	Verbose stalled-CPUs detection is disabled.
<6>[    0.000000] NR_IRQS:332
<6>[    0.000000] Calibrating delay loop... 509.54 BogoMIPS (lpj=2547712)
<6>[    0.229461] pid_max: default: 32768 minimum: 301
<4>[    0.229675] Mount-cache hash table entries: 512
<6>[    0.229980] Initializing cgroup subsys cpuacct
<6>[    0.230010] CPU: Testing write buffer coherency: ok
<6>[    0.231445] regulator: core version 0.5
<6>[    0.231597] NET: Registered protocol family 16
<4>[    0.231964] bravo_init() revision=5
<6>[    4.407745] ram_console: got buffer at 3a00000, size 40000
<6>[    4.407867] ram_console: found existing buffer, size 106166, start 106166
<6>[    4.883087] console [ram0] enabled
<4>[    4.883850] bravo_init_mmc()+
<4>[    4.884094] bravo_init_mmc()-
<4>[    4.886840] bio: create slab <bio-0> at 0
<6>[    4.887420] msm_i2c_probe
<6>[    4.887756] msm_i2c_probe: clk_ctl 35d, 100000 Hz
<3>[    7.856994] msm_i2c msm_i2c.0: Error waiting for notbusy (0)
<3>[    7.857208] msm_i2c msm_i2c.0: Transaction timed out
<3>[    7.857360] msm_i2c msm_i2c.0: Error during data xfer 48 (-110)
<4>[    7.857543] msm_i2c msm_i2c.0: Still the bus master, status a700, intf 0
<4>[    7.857788] msm_i2c msm_i2c.0: i2c_scl: 1, i2c_sda: 1
<6>[    7.858093] msm_i2c msm_i2c.0: Bus busy cleared after 1 clock cycles, status d0, intf 300
<3>[    7.858276] tps65023 0-0048: Read from reg 0x6 failed
<6>[    7.858520] regulator: dcdc1: 975 <--> 1275 mV 
<6>[    7.858703] regulator: dcdc2: 1260 mV 
<6>[    7.858886] regulator: dcdc3: 800 <--> 3300 mV at 1800 mV 
<3>[   10.830841] msm_i2c msm_i2c.0: Error waiting for notbusy (0)
<3>[   10.830963] msm_i2c msm_i2c.0: Transaction timed out
<3>[   10.831207] msm_i2c msm_i2c.0: Error during data xfer 48 (-110)
<4>[   10.831390] msm_i2c msm_i2c.0: Still the bus master, status a700, intf 0
<4>[   10.831604] msm_i2c msm_i2c.0: i2c_scl: 0, i2c_sda: 0
<6>[   10.831817] msm_i2c msm_i2c.0: Bus busy cleared after 1 clock cycles, status d0, intf 300
<3>[   10.832092] tps65023 0-0048: Read from reg 0x8 failed
<6>[   10.832336] regulator: ldo1: 1000 <--> 3150 mV 
<6>[   10.832519] regulator: ldo2: 3300 mV 
<6>[   10.833312] Bluetooth: Core ver 2.15
<6>[   10.833587] NET: Registered protocol family 31
<6>[   10.833709] Bluetooth: HCI device and connection manager initialized
<6>[   10.833953] Bluetooth: HCI socket layer initialized
<6>[   10.834167] Switching to clocksource gp_timer
<6>[   10.834991] NET: Registered protocol family 2
<6>[   10.835327] IP route cache hash table entries: 4096 (order: 2, 16384 bytes)
<6>[   10.835754] TCP established hash table entries: 16384 (order: 5, 131072 bytes)
<6>[   10.836273] TCP bind hash table entries: 16384 (order: 4, 65536 bytes)
<6>[   10.836639] TCP: Hash tables configured (established 16384 bind 16384)
<6>[   10.836761] TCP reno registered
<6>[   10.836883] UDP hash table entries: 256 (order: 0, 4096 bytes)
<6>[   10.837127] UDP-Lite hash table entries: 256 (order: 0, 4096 bytes)
<6>[   10.837493] NET: Registered protocol family 1
<6>[   10.837768] Unpacking initramfs...
<6>[   10.848937] Freeing initrd memory: 164K
<6>[   10.849731] smd_init()
<6>[   10.849853] smd_core_init()
<6>[   10.850036] smd_core_init() done
<3>[   10.850158] msm_init_last_radio_log: last radio log is 40000 bytes long
<6>[   10.850708] smd_alloc_channel() cid=00 size=08192 'SMD_DS'
<6>[   10.850921] smd_alloc_channel() cid=01 size=08192 'SMD_DIAG'
<6>[   10.851196] smd_alloc_channel() cid=02 size=08192 'SMD_RPCCALL'
<6>[   10.851379] smd_alloc_channel() cid=07 size=32768 'SMD_DATA1'
<6>[   10.851654] smd_alloc_channel() cid=08 size=08192 'SMD_DATA2'
<6>[   10.851806] smd_alloc_channel() cid=09 size=08192 'SMD_DATA3'
<6>[   10.852081] smd_alloc_channel() cid=11 size=32768 'SMD_DATA5'
<6>[   10.852233] smd_alloc_channel() cid=12 size=32768 'SMD_DATA6'
<6>[   10.852508] smd_alloc_channel() cid=13 size=32768 'SMD_DATA7'
<6>[   10.852691] smd_alloc_channel() cid=15 size=32768 'SMD_DATA9'
<6>[   10.852966] smd_alloc_channel() cid=26 size=08192 'SMD_DATA20'
<6>[   10.853118] smd_alloc_channel() cid=27 size=08192 'SMD_GPSNMEA'
<6>[   10.853424] smd_alloc_channel() cid=40 size=08192 'DSP_DIAG'
<3>[   10.853576] smd_alloc_channel() cid 41 does not exist
<6>[   10.853820] smd_alloc_channel() cid=42 size=08192 'DSP_DAL_AQ_VID'
<6>[   10.854003] smd_alloc_channel() cid=43 size=08192 'DSP_DAL_AQ_AUD'
<6>[   10.854278] smd_alloc_channel() cid=46 size=08192 'DSP_DAL00'
<6>[   10.854949] SMD: ch 2 1 -> 2
<6>[   10.856842] mdp_probe: initialized
<4>[   10.857025] spi: SPI_CONFIG=88
<4>[   10.857147] spi: SPI_IO_CONTROL=401
<4>[   10.857391] spi: SPI_OPERATIONAL=85
<4>[   10.857513] spi: SPI_ERROR_FLAGS_EN=7f
<4>[   10.857635] spi: SPI_ERROR_FLAGS=7f
<4>[   10.857849] -bravo_init_spi_hack()
<6>[   10.858001] bravo_init_panel: tft panel
<7>[   10.858337] Registered led device: lcd-backlight
<3>[   10.860137] smd_alloc_channel() cid 47 does not exist
<6>[   10.860290] smd_alloc_channel() cid=48 size=08192 'SMD_DAL_AM_AUD'
<6>[   10.860626] smd_alloc_channel() cid=49 size=08192 'SMD_DAL00'
<6>[   10.860809] smd_alloc_channel() cid=50 size=08192 'SMD_DATA5_CNTL'
<6>[   10.861114] smd_alloc_channel() cid=51 size=08192 'SMD_DATA6_CNTL'
<6>[   10.861297] smd_alloc_channel() cid=52 size=08192 'SMD_DATA7_CNTL'
<6>[   10.862518] bravo-microp 0-0066: microp version [05][1E]
<7>[   10.862731] Registered led device: green
<7>[   10.863037] Registered led device: amber
<7>[   10.863220] Registered led device: blue
<7>[   10.863372] Registered led device: button-backlight
<3>[   10.867034] microp_spi_vote_enable: Changing SPI [1]
<6>[   10.884796] acpuclk_set_vdd_level got regulator
<6>[   10.895629] tpa2018d1_init
<6>[   10.896789] smb329 version: 0x02
<3>[   10.898132] smd_alloc_channel() cid 41 does not exist
<3>[   10.898345] smd_alloc_channel() cid 47 does not exist
<6>[   10.899566] H2W: htc_35mm_jack driver register
<6>[   10.900299] input: h2w headset as /devices/virtual/input/input0
<7>[   10.904205] Registered led device: flashlight
<6>[   10.904479] flashlight_probe: The Flashlight Driver is ready
<6>[   10.916992] ashmem: initialized
<7>[   10.919403] yaffs built Oct 24 2010 15:55:49 Installing. 
<6>[   10.923889] alg: No test for stdrng (krng)
<6>[   10.924346] io scheduler noop registered
<6>[   10.924652] io scheduler deadline registered
<6>[   10.925140] io scheduler cfq registered
<6>[   10.925476] io scheduler bfq registered (default)
<6>[   10.927185] msmfb_probe() installing 480 x 800 panel
<6>[   10.927886] mdp_lcdc_probe: initialized
<3>[   10.928283] kgsl kgsl: |kgsl_platform_probe| no grp_pclk, continuing
<6>[   10.929626] msm_serial: driver initialized
<6>[   10.930236] msm_serial_hs.0: ttyHS0 at MMIO 0xa0200000 (irq = 44) is a MSM HS UART
<6>[   10.930969] msm_serial_hs module loaded
<6>[   10.934326] loop: module loaded
<6>[   10.934753] pmem: 1 init
<6>[   10.936035] pmem_adsp: 1 init
<6>[   10.937713] pmem_venc: 1 init
<6>[   10.938476] AKM8973 compass driver: init
<6>[   10.940032] input: compass as /devices/virtual/input/input1
<6>[   10.940673] msm_nand: allocated dma buffer at ffa01000, dma_addr 3b1ca000
<6>[   10.940887] msm_nand: read CFG0 = aa5400c0 CFG1 = 6746a
<6>[   10.941101] msm_nand: CFG0 cw/page=3 ud_sz=512 ecc_sz=10 spare_sz=4
<6>[   10.941284] msm_nand: NAND_READ_ID = 5500bcec
<6>[   10.941619] msn_nand: nandid 5500bcec status c03120
<6>[   10.941741] msm_nand: manuf Samsung (0xec) device 0xbc blocksz 20000 pagesz 800 size 20000000
<6>[   10.941925] msm_nand: save CFG0 = e85408c0 CFG1 = 4745e
<6>[   10.942047] msm_nand: CFG0: cw/page=3 ud_sz=516 ecc_sz=10 spare_sz=0 num_addr_cycles=5
<6>[   10.942321] msm_nand: DEV_CMD1: f00f3000
<6>[   10.942474] msm_nand: NAND_EBI2_ECC_BUF_CFG: 1ff
<5>[   10.942596] Creating 6 MTD partitions on "msm_nand":
<5>[   10.942718] 0x00001ff60000-0x000020000000 : "misc"
<5>[   10.944152] 0x000004240000-0x0000046c0000 : "recovery"
<5>[   10.949768] 0x0000046c0000-0x0000049c0000 : "boot"
<5>[   10.953765] 0x0000049c0000-0x0000143c0000 : "system"
<5>[   11.236419] 0x0000143c0000-0x000016bc0000 : "cache"
<5>[   11.282653] 0x000016bc0000-0x00001ff60000 : "userdata"
<6>[   11.450805] PPP generic driver version 2.4.2
<6>[   11.451141] PPP Deflate Compression module registered
<6>[   11.451416] PPP BSD Compression module registered
<6>[   11.452331] PPP MPPE Compression module registered
<6>[   11.452606] NET: Registered protocol family 24
<6>[   11.453704] tun: Universal TUN/TAP device driver, 1.6
<6>[   11.453857] tun: (C) 1999-2004 Max Krasnyansky <maxk@qualcomm.com>
<6>[   11.455322] msm72k_udc: msm72k_probe
<6>[   11.455535] msm72k_udc: msm72k_probe() io=db860000, irq=58, dma=ffa02000(3b202000)
<6>[   11.456115] android init
<6>[   11.456298] android_probe pdata: c041bf78
<6>[   11.456634] android_bind
<7>[   11.456756] android_bind_config
<6>[   11.456970] android_usb gadget: android_usb ready
<6>[   11.457122] msm72k_udc: msm72k_udc: registered gadget driver 'android_usb'
<6>[   11.457458] f_adb init
<6>[   11.457611] android_register_function adb
<6>[   11.457885] f_mass_storage init
<6>[   11.458038] android_register_function usb_mass_storage
<6>[   11.458160] f_rndis init
<6>[   11.458526] android_register_function rndis
<6>[   11.458679] rndis_function_bind_config MAC: 02:37:28:00:0B:0F
<4>[   11.458831] android_usb gadget: using random self ethernet address
<4>[   11.459106] android_usb gadget: using random host ethernet address
<6>[   11.459716] usb0: MAC 7a:75:b1:58:bd:11
<6>[   11.459869] usb0: HOST MAC 96:e2:7b:39:6b:bb
<6>[   11.460083] mass_storage_bind_config
<6>[   11.460449] fsg_probe pdata: c041d204
<6>[   11.460968] msm72k_udc: IDLE -> ONLINE
<6>[   11.461303] hsusb: reset controller
<6>[   11.461822] android_usb gadget: Number of LUNs=1
<6>[   11.462036] adb_bind_config
<6>[   11.463226] bravo_ts_power: power 1
<6>[   11.515014] msm_hsusb_phy_reset: success
<3>[   11.605621] msm_i2c msm_i2c.0: error, status 63c8
<3>[   11.605895] msm_i2c msm_i2c.0: Error during data xfer 40 (-5)
<6>[   11.705200] usb: notify offline
<6>[   11.705444] msm_hsusb: enable pullup
<6>[   11.705657] msm72k_udc: ONLINE -> OFFLINE
<6>[   11.706054] msm_hsusb: disable pullup
<4>[   11.706298] ### notify_usb_connected(0) ###
<6>[   11.706542] usb: notify offline
<6>[   11.715850] synaptics_ts_probe: Product Major Version 1
<6>[   11.716766] synaptics_ts_probe: Product Minor Version 1
<6>[   11.717834] synaptics_ts_probe: product property 2
<6>[   11.718750] synaptics_ts_probe: device control 81
<6>[   11.719635] synaptics_ts_probe: interrupt enable 1
<6>[   11.721923] synaptics_ts_probe: 0xe0: 1 1 1 2 1 1 0 1
<6>[   11.723205] synaptics_ts_probe: Sensor properties 701
<6>[   11.726959] synaptics_ts_probe: max_x 4050, max_y 6822
<6>[   11.727203] synaptics_ts_probe: inactive_x -8 -8, inactive_y -42 -42
<6>[   11.727600] synaptics_ts_probe: snap_x 0-0 0-0, snap_y 0-0 0-0
<6>[   11.728179] input: synaptics-rmi-touchscreen as /devices/virtual/input/input2
<6>[   11.729278] synaptics_ts_probe: Start touchscreen synaptics-rmi-touchscreen in interrupt mode
<6>[   11.729858] capella_cm3602_probe: probe
<6>[   11.730377] input: proximity as /devices/virtual/input/input3
<6>[   11.730865] capella_cm3602_setup
<6>[   11.731964] GPIO Matrix Keypad Driver: Start keypad matrix for bravoc-keypad in interrupt mode
<6>[   11.732513] GPIO Input Driver: Start gpio inputs for bravoc-keypad in interrupt mode
<6>[   11.733123] input: bravoc-keypad as /devices/virtual/input/input4
<6>[   11.734558] input: lightsensor-level as /devices/virtual/input/input5
<6>[   11.735137] set_ls_kvalue: ALS calibrated als_kadc=0x6da5006f
<6>[   11.735626] set_ls_kvalue: als_kadc=0x6f, als_gadc=0xc0
<4>[   11.735839] ls_table: data[0] , data[0] = 0, 0
<4>[   11.736267] ls_table: data[1] , data[1] = 0, 0
<4>[   11.736511] ls_table: data[2] , data[2] = 0, 8
<4>[   11.736724] ls_table: data[3] , data[3] = 0, 11
<4>[   11.737152] ls_table: data[4] , data[4] = 0, 22
<4>[   11.737365] ls_table: data[5] , data[5] = 0, a7
<4>[   11.737792] ls_table: data[6] , data[6] = 0, e7
<6>[   11.738037] gpio_keys_scan_keys: key 1-74, 0 (94) changed to 0
<4>[   11.738464] ls_table: data[7] , data[7] = 1, 93
<4>[   11.738677] ls_table: data[8] , data[8] = 1, f1
<4>[   11.738922] ls_table: data[9] , data[9] = 3, ff
<6>[   11.740478] proximity FAR
<7>[   11.743225] __capella_cm3602_power: Turn the capella_cm3602 power on
<6>[   11.743865] using input dev h2w headset for key reset
<6>[   11.744140] using input dev bravoc-keypad for key reset
<6>[   11.744964] input: curcial-oj as /devices/virtual/input/input6
<6>[   11.745666] using input dev curcial-oj for key reset
<6>[   11.746978] msm_hsusb_phy_reset: success
<3>[   11.749389] curcial_oj_poweron:OJ:power status ok 
<4>[   11.761108] microp_oj_interrupt_mode: microp_interrupt_enable called
<3>[   11.761535] microp_spi_vote_enable: Changing OJ interrupt mode [1]
<3>[   11.763366] microp_spi_vote_enable: already in voted state, [spi_device 4,enable 1], [spi_status 1, spi_devices_vote 5]
<3>[   11.765380] curcial_oj_shutdown
<6>[   11.803405] OpticalJoystick Device ID: 0d
<6>[   11.806579] OJ Driver: Revision : 02
<6>[   11.810394] OJ: driver loaded
<6>[   11.811096] using rtc device, msm_rtc, for alarms
<6>[   11.811309] rs30000048:00010000 rs30000048:00010000: rtc core: registered msm_rtc as rtc0
<6>[   11.812072] s5k3e2fx_sensor_probe
<6>[   12.469238] Driver for 1-wire Dallas network protocol.
<3>[   12.470733] msm_i2c msm_i2c.0: error, status 63c8
<3>[   12.471160] msm_i2c msm_i2c.0: Error during data xfer 18 (-5)
<4>[   12.471435] ds2482 0-0018: i2c write c3 87 failed, -5, retries left 5
<3>[   12.472198] msm_i2c msm_i2c.0: error, status 63c8
<3>[   12.472442] msm_i2c msm_i2c.0: Error during data xfer 18 (-5)
<4>[   12.472900] ds2482 0-0018: i2c write c3 87 failed, -5, retries left 4
<3>[   12.473480] msm_i2c msm_i2c.0: error, status 63c8
<3>[   12.473907] msm_i2c msm_i2c.0: Error during data xfer 18 (-5)
<4>[   12.474182] ds2482 0-0018: i2c write c3 87 failed, -5, retries left 3
<3>[   12.474945] msm_i2c msm_i2c.0: error, status 63c8
<3>[   12.475189] msm_i2c msm_i2c.0: Error during data xfer 18 (-5)
<4>[   12.475646] ds2482 0-0018: i2c write c3 87 failed, -5, retries left 2
<3>[   12.476257] msm_i2c msm_i2c.0: error, status 63c8
<3>[   12.476684] msm_i2c msm_i2c.0: Error during data xfer 18 (-5)
<4>[   12.476959] ds2482 0-0018: i2c write c3 87 failed, -5, retries left 1
<3>[   12.477722] msm_i2c msm_i2c.0: error, status 63c8
<3>[   12.477966] msm_i2c msm_i2c.0: Error during data xfer 18 (-5)
<4>[   12.478393] ds2482 0-0018: i2c write c3 87 failed, -5, retries left 0
<6>[   12.479888] device-mapper: uevent: version 1.0.3
<6>[   12.480865] device-mapper: ioctl: 4.17.0-ioctl (2010-03-05) initialised: dm-devel@redhat.com
<6>[   12.481445] Bluetooth: HCI UART driver ver 2.2
<6>[   12.481872] Bluetooth: HCI H4 protocol initialized
<6>[   12.482116] Bluetooth: HCILL protocol initialized
<6>[   12.484100] mmc0: Qualcomm MSM SDCC at 0x00000000a0300000 irq 24,0 dma 8
<6>[   12.484344] mmc0: 4 bit data mode enabled
<6>[   12.484771] mmc0: MMC clock 144000 -> 49152000 Hz, PCLK 64000000 Hz
<6>[   12.484985] mmc0: Slot eject status = 1
<6>[   12.485229] mmc0: Power save feature enable = 1
<6>[   12.485626] mmc0: DM non-cached buffer at ffa04000, dma_addr 0x3b228000
<6>[   12.485870] mmc0: DM cmd busaddr 0x3b228000, cmdptr busaddr 0x3b228300
<6>[   12.487213] mmc1: Qualcomm MSM SDCC at 0x00000000a0400000 irq 26,0 dma 8
<6>[   12.487640] mmc1: 4 bit data mode enabled
<6>[   12.487884] mmc1: MMC clock 144000 -> 49152000 Hz, PCLK 64000000 Hz
<6>[   12.488281] mmc1: Slot eject status = 0
<6>[   12.488525] mmc1: Power save feature enable = 1
<6>[   12.488739] mmc1: DM non-cached buffer at ffa05000, dma_addr 0x3b229000
<6>[   12.489166] mmc1: DM cmd busaddr 0x3b229000, cmdptr busaddr 0x3b229300
<6>[   12.490905] logger: created 64K log 'log_main'
<6>[   12.491455] logger: created 256K log 'log_events'
<6>[   12.491821] logger: created 64K log 'log_radio'
<6>[   12.492340] logger: created 64K log 'log_system'
<6>[   12.493041] GACT probability NOT on
<6>[   12.493286] Mirror/redirect action on
<6>[   12.493713] u32 classifier
<6>[   12.493927]     Actions configured
<6>[   12.494140] Netfilter messages via NETLINK v0.30.
<6>[   12.494628] nf_conntrack version 0.5.0 (6501 buckets, 26004 max)
<4>[   12.495178] CONFIG_NF_CT_ACCT is deprecated and will be removed soon. Please use
<4>[   12.495574] nf_conntrack.acct=1 kernel parameter, acct=1 nf_conntrack module option or
<4>[   12.496063] sysctl net.netfilter.nf_conntrack_acct=1 to enable it.
<6>[   12.496490] ctnetlink v0.93: registering with nfnetlink.
<6>[   12.497100] xt_time: kernel timezone is -0000
<6>[   12.497619] ip_tables: (C) 2000-2006 Netfilter Core Team
<6>[   12.497985] arp_tables: (C) 2002 David S. Miller
<6>[   12.498504] TCP cubic registered
<6>[   12.498748] NET: Registered protocol family 17
<6>[   12.498992] NET: Registered protocol family 15
<5>[   12.499542] Bridge firewalling registered
<6>[   12.500061] Bluetooth: L2CAP ver 2.14
<6>[   12.500488] Bluetooth: L2CAP socket layer initialized
<6>[   12.500762] Bluetooth: SCO (Voice Link) ver 0.6
<6>[   12.500976] Bluetooth: SCO socket layer initialized
<6>[   12.501617] Bluetooth: RFCOMM TTY layer initialized
<6>[   12.501861] Bluetooth: RFCOMM socket layer initialized
<6>[   12.502288] Bluetooth: RFCOMM ver 1.11
<6>[   12.502532] Bluetooth: BNEP (Ethernet Emulation) ver 1.3
<6>[   12.502746] Bluetooth: HIDP (Human Interface Emulation) ver 1.2
<6>[   12.503295] ThumbEE CPU extension supported.
<6>[   12.504089] clock_late_init() disabled 22 unused clocks
<4>[   12.505645] bravo_wifi_init: start
<6>[   12.506408] VFP support v0.3: implementor 51 architecture 0 part 0f variant 0 rev 1
<4>[   12.509002] regulator_init_complete: incomplete constraints, leaving ldo2 on
<4>[   12.510162] regulator_init_complete: incomplete constraints, leaving ldo1 on
<4>[   12.511413] regulator_init_complete: incomplete constraints, leaving dcdc3 on
<4>[   12.512664] regulator_init_complete: incomplete constraints, leaving dcdc2 on
<4>[   12.513824] regulator_init_complete: incomplete constraints, leaving dcdc1 on
<6>[   12.515563] rs30000048:00010000 rs30000048:00010000: setting system clock to 2010-10-24 16:49:07 UTC (1287938947)
<4>[   12.515838] Warning: unable to open an initial console.
<6>[   12.516021] Freeing init memory: 108K
<6>[   12.557159] keychord: using input dev h2w headset for fevent
<6>[   12.557281] keychord: using input dev bravoc-keypad for fevent
<6>[   12.557495] keychord: using input dev curcial-oj for fevent
<6>[   12.558898] yaffs: dev is 32505859 name is "mtdblock3" rw
<6>[   12.559112] yaffs: passed flags ""
<7>[   12.559234] yaffs: Attempting MTD mount of 31.3,"mtdblock3"
<7>[   12.648162] yaffs: restored from checkpoint
<7>[   12.648895] yaffs_read_super: isCheckpointed 1
<6>[   12.656768] yaffs: dev is 32505861 name is "mtdblock5" rw
<6>[   12.657012] yaffs: passed flags ""
<7>[   12.657135] yaffs: Attempting MTD mount of 31.5,"mtdblock5"
<4>[   12.745697] mmc1: host does not support reading read-only switch. assuming write-enable.
<6>[   12.746063] mmc1: new high speed SDHC card at address 0001
<6>[   12.747283] mmcblk0: mmc1:0001 00000 7.41 GiB 
<6>[   12.747894]  mmcblk0: p1 p2
<6>[   13.052825] batt:  92%, 4109 mV, 21 mA (111 avg), 28.5 C, 1248 mAh
<6>[   13.053527] smb329: charger off/slow
<6>[   13.062347] batt: charging OFF
<6>[   15.899291] cable_status_update: status=1
<6>[   15.929382] msm72k_udc: OFFLINE -> ONLINE
<6>[   15.929748] hsusb: reset controller
<6>[   15.989440] msm_hsusb_phy_reset: success
<6>[   16.179626] usb: notify offline
<6>[   16.179870] msm_hsusb: enable pullup
<6>[   16.183074] msm72k_udc: msm72k_udc: suspend
<6>[   16.207305] batt: charging SLOW
<6>[   16.207885] smb329: charger off/slow
<6>[   16.301483] msm72k_udc: msm72k_udc: reset
<6>[   16.303741] msm72k_udc: msm72k_udc: portchange USB_SPEED_HIGH
<6>[   16.481079] msm72k_udc: msm72k_udc: reset
<6>[   16.483337] msm72k_udc: msm72k_udc: portchange USB_SPEED_HIGH
<4>[   16.726623] ### notify_usb_connected(1) ###
<6>[   16.726867] android_usb gadget: high speed config #1: android
<7>[   24.955932] yaffs_read_super: isCheckpointed 0
<6>[   25.059387] yaffs: dev is 32505860 name is "mtdblock4" rw
<6>[   25.059814] yaffs: passed flags ""
<7>[   25.060028] yaffs: Attempting MTD mount of 31.4,"mtdblock4"
<7>[   25.062225] yaffs: restored from checkpoint
<7>[   25.062622] yaffs_read_super: isCheckpointed 1
<6>[   25.496154] NET: Registered protocol family 10
<6>[   25.496765] lo: Disabled Privacy Extensions
<3>[   31.625030] init: service 'console' requires console
<6>[   31.639770] enabling adb
<6>[   31.639923] msm_hsusb: disable pullup
<6>[   31.654815] msm_hsusb: enable pullup
<6>[   31.655273] adb_open
<6>[   31.657989] msm72k_udc: msm72k_udc: suspend
<6>[   31.787078] msm72k_udc: msm72k_udc: reset
<6>[   31.787322] usb: notify offline
<6>[   31.788146] adb_release
<6>[   31.789093] adb_open
<6>[   31.789306] msm72k_udc: msm72k_udc: portchange USB_SPEED_HIGH
<6>[   31.967834] msm72k_udc: msm72k_udc: reset
<6>[   31.970092] msm72k_udc: msm72k_udc: portchange USB_SPEED_HIGH
<6>[   31.983184] warning: `rild' uses 32-bit capabilities (legacy support in use)
<6>[   32.118408] SMD: ch 0 1 -> 2
<6>[   32.120361] qmi: smd closed
<6>[   32.120574] SMD: ch 50 1 -> 2
<6>[   32.121002] qmi: smd opened
<6>[   32.121276] qmi: smd closed
<6>[   32.121490] SMD: ch 51 1 -> 2
<6>[   32.121704] qmi: smd opened
<6>[   32.122161] qmi: smd closed
<6>[   32.122375] SMD: ch 52 1 -> 2
<6>[   32.122589] qmi: smd opened
<6>[   32.123931] qmi: ctl: wds use client_id 0x01
<6>[   32.124420] qmi: ctl: wds use client_id 0x01
<6>[   32.124755] qmi: ctl: wds use client_id 0x01
<4>[   32.199249] ### notify_usb_connected(1) ###
<6>[   32.199493] android_usb gadget: high speed config #1: android
<6>[   32.937774] htc-acoustic: open
<3>[   32.939331] smd_alloc_channel() cid 41 does not exist
<3>[   32.939544] smd_alloc_channel() cid 47 does not exist
<6>[   32.939971] htc-acoustic: release
<6>[   32.958770] audio: init: codecs
<6>[   32.959075] SMD: ch 43 1 -> 2
<6>[   33.070434] dal_attach: status = 0, name = 'DAL_AQ_AUD'
<6>[   33.070922] audio: init: INIT
<6>[   33.071380] audio: init: OPEN control
<6>[   33.452392] audio: init: attach ACDB
<6>[   33.453033] SMD: ch 48 1 -> 2
<6>[   33.557128] dal_attach: status = 0, name = 'DAL_AM_AUD'
<6>[   33.557434] audio: init: attach ADIE
<6>[   33.558319] dal_attach: status = 0, name = 'DAL_AM_AUD'
<6>[   38.484558] lcdc_unblank: ()
<6>[   38.484710] sony_tft_panel_unblank: +()
<6>[   38.484985] sony_tft_panel_unblank: -() already unblanked
<6>[   38.642333] msm_kgsl: initilized dev=1 mmu=on
<3>[   38.648406] init: untracked pid 182 exited
<3>[   38.653930] init: untracked pid 183 exited
<6>[   49.946105] capella_cm3602_open
<6>[   49.946319] capella_cm3602_ioctl cmd 2
<6>[   49.946441] capella_cm3602_disable
<6>[   49.946533] capella_cm3602_disable: already disabled
<6>[   49.946746] capella_cm3602_ioctl cmd 1
<6>[   49.946868] lightsensor_ioctl set value = 1
<6>[   49.946960] lightsensor_enable
<4>[   49.949951] microp_write_interrupt: microp_interrupt_enable called
<6>[   49.950225] lightsensor_ioctl get enabled status: 1
<6>[   49.972473] request_suspend_state: wakeup (3->0) at 45779979281 (2010-10-24 16:49:44.918231708 UTC)
<6>[   49.976806] sony_tft_set_pwm_val: 30
<7>[   50.277252] ALS value: 0x6, level: 2 #
<6>[   50.491638] capella_cm3602_ioctl cmd 1
<6>[   50.491760] lightsensor_ioctl get enabled status: 1
<3>[   50.499664] microp_spi_vote_enable: already in voted state, [spi_device 1,enable 1], [spi_status 1, spi_devices_vote 5]
<6>[   55.518829] acdb: load 'default.acdb'
<3>[   55.548583] init: untracked pid 340 exited
<6>[   63.182800] batt:  92%, 4099 mV, 54 mA (57 avg), 28.3 C, 1248 mAh
<4>[   74.799987] wds: 0020 @ 01
<6>[   74.800659] qmi: wds: got handle 0x01c4b288
<4>[   74.802368] wds: 0022 @ ff
<6>[   74.802673] qmi: wds: CONNECTED
<4>[   74.804626] wds: 002d @ 01
<4>[   74.804840] qmi: got network profile
<6>[   74.805664] rmnet_open()
<6>[   74.806030] SMD: ch 11 1 -> 2
<7>[   85.296966] rmnet0: no IPv6 routers present
<6>[  107.265380] sony_tft_set_pwm_val: 28
<6>[  107.281707] sony_tft_set_pwm_val: 27
<6>[  107.297668] sony_tft_set_pwm_val: 25
<6>[  107.313171] sony_tft_set_pwm_val: 24
<6>[  107.329589] sony_tft_set_pwm_val: 22
<6>[  107.345001] sony_tft_set_pwm_val: 21
<6>[  107.361389] sony_tft_set_pwm_val: 20
<6>[  113.297882] batt:  92%, 4133 mV, 90 mA (18 avg), 28.5 C, 1249 mAh
<6>[  114.274688] sony_tft_set_pwm_val: 18
<6>[  114.291320] sony_tft_set_pwm_val: 17
<6>[  114.306823] sony_tft_set_pwm_val: 15
<6>[  114.323211] sony_tft_set_pwm_val: 14
<6>[  114.339935] sony_tft_set_pwm_val: 13
<6>[  114.357452] sony_tft_set_pwm_val: 12
<6>[  114.371887] sony_tft_set_pwm_val: 10
<6>[  114.388427] sony_tft_set_pwm_val: 9
<6>[  114.404754] sony_tft_set_pwm_val: 8
<6>[  114.420257] sony_tft_set_pwm_val: 6
<6>[  114.437042] sony_tft_set_pwm_val: 5
<6>[  114.453796] sony_tft_set_pwm_val: 4
<6>[  114.469757] sony_tft_set_pwm_val: 2
<6>[  114.485687] sony_tft_set_pwm_val: 1
<6>[  114.501464] request_suspend_state: sleep (0->3) at 110246015865 (2010-10-24 16:50:47.914164633 UTC)
<3>[  114.501770] curcial_oj_early_suspend: enter
<6>[  114.503448] capella_cm3602_ioctl cmd 1
<6>[  114.503692] lightsensor_ioctl set value = 0
<6>[  114.503936] lightsensor_disable
<3>[  114.504394] curcial_oj_shutdown
<6>[  114.505706] sony_tft_set_pwm_val: 0
<3>[  114.507843] curcial_oj_poweron:OJ:power status ok 
<4>[  114.509765] microp_oj_interrupt_mode: microp_interrupt_disable called
<3>[  114.509979] microp_spi_vote_enable: Changing OJ interrupt mode [0]
<3>[  114.512023] microp_spi_vote_enable: already in voted state, [spi_device 4,enable 0], [spi_status 1, spi_devices_vote 1]
<4>[  114.513977] microp_write_interrupt: microp_interrupt_disable called
<6>[  114.514221] lightsensor_ioctl get enabled status: 0
<6>[  114.517089] capella_cm3602_ioctl cmd 1
<6>[  114.517333] lightsensor_ioctl get enabled status: 0
<6>[  114.524322] lcdc_blank: ()
<6>[  114.524566] sony_tft_panel_blank: +()
<3>[  114.685760] microp_spi_vote_enable: Changing SPI [0]
<6>[  115.026733] sony_tft_panel_blank: -()
<6>[  115.027740] bravo_ts_power: power 0
<7>[  115.027984] __capella_cm3602_power: Turn the capella_cm3602 power off
<6>[  115.036163] lcdc_suspend: suspending
<7>[  115.041809] save exit: isCheckpointed 1
<6>[  115.047698] active wake lock vbus_present
<6>[  115.048065] active wake lock SMD_DS, time left 32
