<6>[    0.000000] Initializing cgroup subsys cpu
<5>[    0.000000] Linux version 2.6.34.4-cyanogenmod (shade@toxygene) (gcc version 4.4.0 (GCC) ) #1 PREEMPT Sun Aug 15 03:04:53 EDT 2010
<4>[    0.000000] CPU: ARMv6-compatible processor [4117b362] revision 2 (ARMv6TEJ), cr=00c5387f
<4>[    0.000000] CPU: VIPT aliasing data cache, VIPT aliasing instruction cache
<4>[    0.000000] Machine: trout
<7>[    0.000000] find the smi tag
<7>[    0.000000] parse_tag_smi: smi size = 64
<4>[    0.000000] trout_fixup:smisize=64
<4>[    0.000000] trout_fixup:bank size=0x6500000
<7>[    0.000000] find the smi tag
<7>[    0.000000] parse_tag_smi: smi size = 64
<7>[    0.000000] find the hwid tag
<7>[    0.000000] parse_tag_hwid: hwid = 0x0
<7>[    0.000000] find the skuid tag
<7>[    0.000000] parse_tag_skuid: hwid = 0x1be01
<4>[    0.000000] Ignoring unrecognised tag 0x4d534d74
<7>[    0.000000] find the engineer tag
<7>[    0.000000] parse_tag_engineerid: hwid = 0xffffffff
<6>[    0.000000] AKM Data size = 1018 , 0x89768976, size = 4064
<4>[    0.000000] Memory policy: ECC disabled, Data cache writeback
<7>[    0.000000] On node 0 totalpages: 25856
<7>[    0.000000] free_area_init_node: node 0, pgdat c04154f8, node_mem_map c04ce000
<7>[    0.000000]   Normal zone: 202 pages used for memmap
<7>[    0.000000]   Normal zone: 0 pages reserved
<7>[    0.000000]   Normal zone: 25654 pages, LIFO batch:7
<4>[    0.000000] Built 1 zonelists in Zone order, mobility grouping on.  Total pages: 25654
<5>[    0.000000] Kernel command line: board_trout.disable_uart3=0 board_trout.usb_h2w_sw=0 board_trout.disable_sdcard=0 smisize=64  androidboot.baseband=2.22.23.02 androidboot.cid=T-MOB005 androidboot.carrier=TMUK androidboot.keycaps=qwerty androidboot.mode=normal androidboot.serialno=XXXXXXXXXX androidboot.bootloader=1.33.2005 mtdparts=msm_nand:256K@0x0000024C0000(misc),5120K@0x0000026C0000(recovery),2560K@0x000002BC0000(boot),92160k@0x000002E40000(system),2048k@0x8840000(cache),-@0x8A40000(userdata)
<6>[    0.000000] PID hash table entries: 512 (order: -1, 2048 bytes)
<6>[    0.000000] Dentry cache hash table entries: 16384 (order: 4, 65536 bytes)
<6>[    0.000000] Inode-cache hash table entries: 8192 (order: 3, 32768 bytes)
<6>[    0.000000] Memory: 101MB = 101MB total
<5>[    0.000000] Memory: 97400k/97400k available, 6024k reserved, 0K highmem
<5>[    0.000000] Virtual kernel memory layout:
<5>[    0.000000]     vector  : 0xffff0000 - 0xffff1000   (   4 kB)
<5>[    0.000000]     fixmap  : 0xfff00000 - 0xfffe0000   ( 896 kB)
<5>[    0.000000]     DMA     : 0xffa00000 - 0xffe00000   (   4 MB)
<5>[    0.000000]     vmalloc : 0xc6800000 - 0xf8000000   ( 792 MB)
<5>[    0.000000]     lowmem  : 0xc0000000 - 0xc6500000   ( 101 MB)
<5>[    0.000000]     modules : 0xbf000000 - 0xc0000000   (  16 MB)
<5>[    0.000000]       .init : 0xc0008000 - 0xc0025000   ( 116 kB)
<5>[    0.000000]       .text : 0xc0025000 - 0xc03ca000   (3732 kB)
<5>[    0.000000]       .data : 0xc03e8000 - 0xc0415b00   ( 183 kB)
<6>[    0.000000] Hierarchical RCU implementation.
<6>[    0.000000] NR_IRQS:250
<4>[    0.000000] trout_init_irq()
<6>[    0.000000] Calibrating delay loop... 383.38 BogoMIPS (lpj=1916928)
<4>[    0.220550] Mount-cache hash table entries: 512
<6>[    0.221466] Initializing cgroup subsys cpuacct
<6>[    0.221557] CPU: Testing write buffer coherency: ok
<6>[    0.226135] NET: Registered protocol family 16
<6>[    0.226501] trout_init_gpio: cpld_usb_hw2_sw = 0
<4>[    0.227355] trout_init() revision=128
<4>[    6.652496] ------------[ cut here ]------------
<4>[    6.652587] WARNING: at /home/shade/dev/android/android-cm-froyo-ds/kernel-msm/drivers/gpio/gpiolib.c:103 gpio_ensure_requested+0x4c/0x110()
<4>[    6.652618] autorequest GPIO-1
<4>[    6.652648] Modules linked in:
<4>[    6.652740] [<c002a764>] (unwind_backtrace+0x0/0xf0) from [<c0052d54>] (warn_slowpath_common+0x48/0x60)
<4>[    6.652801] [<c0052d54>] (warn_slowpath_common+0x48/0x60) from [<c0052da4>] (warn_slowpath_fmt+0x24/0x30)
<4>[    6.652862] [<c0052da4>] (warn_slowpath_fmt+0x24/0x30) from [<c018be04>] (gpio_ensure_requested+0x4c/0x110)
<4>[    6.652923] [<c018be04>] (gpio_ensure_requested+0x4c/0x110) from [<c018bf4c>] (gpio_direction_output+0x84/0x16c)
<4>[    6.653015] [<c018bf4c>] (gpio_direction_output+0x84/0x16c) from [<c000d9fc>] (trout_init+0x4c/0x160)
<4>[    6.653076] [<c000d9fc>] (trout_init+0x4c/0x160) from [<c000a4dc>] (customize_machine+0x18/0x24)
<4>[    6.653137] [<c000a4dc>] (customize_machine+0x18/0x24) from [<c0025384>] (do_one_initcall+0x5c/0x1b0)
<4>[    6.653167] [<c0025384>] (do_one_initcall+0x5c/0x1b0) from [<c0008408>] (kernel_init+0xa8/0x160)
<4>[    6.653228] [<c0008408>] (kernel_init+0xa8/0x160) from [<c002689c>] (kernel_thread_exit+0x0/0x8)
<4>[    6.653320] ---[ end trace 1b75b31a2719ed1c ]---
<6>[    6.653350] acpu_clock_init()
<6>[    6.653472] ACPU running at 480000 KHz
<6>[    6.754730] ram_console: got buffer at 16d00000, size 20000
<6>[    6.755096] ram_console: found existing buffer, size 114660, start 54409
<6>[    7.645050] console [ram0] enabled
<4>[    7.655181] bio: create slab <bio-0> at 0
<6>[    7.657348] msm_i2c_probe
<6>[    7.657928] msm_i2c_probe: clk_ctl 35d, 100000 Hz
<6>[    7.661071] Bluetooth: Core ver 2.15
<6>[    7.662261] NET: Registered protocol family 31
<6>[    7.662567] Bluetooth: HCI device and connection manager initialized
<6>[    7.663146] Bluetooth: HCI socket layer initialized
<6>[    7.663818] Switching to clocksource gp_timer
<6>[    7.666351] NET: Registered protocol family 2
<6>[    7.667297] IP route cache hash table entries: 1024 (order: 0, 4096 bytes)
<6>[    7.668548] TCP established hash table entries: 4096 (order: 3, 32768 bytes)
<6>[    7.669433] TCP bind hash table entries: 4096 (order: 2, 16384 bytes)
<6>[    7.670135] TCP: Hash tables configured (established 4096 bind 4096)
<6>[    7.670440] TCP reno registered
<6>[    7.670745] UDP hash table entries: 256 (order: 0, 4096 bytes)
<6>[    7.671356] UDP-Lite hash table entries: 256 (order: 0, 4096 bytes)
<6>[    7.672332] NET: Registered protocol family 1
<6>[    7.673217] Unpacking initramfs...
<6>[    7.711761] Freeing initrd memory: 164K
<6>[    7.713500] smd_init()
<6>[    7.713836] smd_core_init()
<6>[    7.714324] smd_core_init() done
<3>[    7.714782] msm_init_last_radio_log: could not retrieve SMEM_CLKREGIM_BSP
<6>[    7.716003] smd_alloc_channel() cid=00 size=08192 'SMD_DS'
<6>[    7.716644] smd_alloc_channel() cid=02 size=08192 'SMD_RPCCALL'
<6>[    7.717407] smd_alloc_channel() cid=07 size=08192 'SMD_DATA1'
<6>[    7.717895] smd_alloc_channel() cid=08 size=08192 'SMD_DATA2'
<6>[    7.718597] smd_alloc_channel() cid=09 size=08192 'SMD_DATA3'
<6>[    7.719024] smd_alloc_channel() cid=10 size=08192 'SMD_DATA4'
<6>[    7.719726] smd_alloc_channel() cid=11 size=08192 'SMD_DATA5'
<6>[    7.720184] smd_alloc_channel() cid=12 size=08192 'SMD_DATA6'
<6>[    7.720886] smd_alloc_channel() cid=13 size=08192 'SMD_DATA7'
<6>[    7.721374] smd_alloc_channel() cid=17 size=08192 'SMD_DATA11'
<6>[    7.722076] smd_alloc_channel() cid=27 size=08192 'SMD_GPSNMEA'
<6>[    7.722564] smd_alloc_channel() cid=33 size=08192 'SMD_CS_A2M'
<6>[    7.723266] smd_alloc_channel() cid=38 size=08192 'SMD_DATA5_CNTL'
<6>[    7.723999] smd_alloc_channel() cid=39 size=08192 'SMD_DATA6_CNTL'
<6>[    7.726165] SMD: ch 2 1 -> 2
<7>[    7.731170] get_smi_size=64
<6>[    7.732574] mdp_probe: initialized
<7>[    7.733703] Registered led device: lcd-backlight
<6>[    7.735473] H2W: Registering H2W (headset) driver
<6>[    7.744964] smd_alloc_channel() cid=40 size=08192 'SMD_DATA7_CNTL'
<6>[    7.748962] RPC_TIME_TOD_SET_APPS_BASES:
<6>[    7.748962] 	tick = 302861
<6>[    7.748992] 	stamp = 4039720896
<6>[    7.750854] input: h2w headset as /devices/virtual/input/input0
<6>[    7.759704] ashmem: initialized
<6>[    7.761413] squashfs: version 4.0 (2009/01/31) Phillip Lougher
<7>[    7.761779] yaffs built Aug 15 2010 03:01:52 Installing. 
<6>[    7.777404] adsp: probe
<6>[    7.784515] alg: No test for stdrng (krng)
<6>[    7.784912] io scheduler noop registered
<6>[    7.785308] io scheduler deadline registered (default)
<6>[    7.786071] mddi: init() base=0xc6834000 irq=16
<6>[    7.844787] mddi cmd send rtd: int 3a000, stat 8063, rtd val d
<6>[    7.845825] mddi: registering panel mddi_c_d263_0000
<6>[    7.847412] mddi: publish: 
<6>[    7.897216] msmfb_probe() installing 320 x 480 panel
<6>[    7.902099] msm_serial: detected port #0
<6>[    7.903961] msm_serial.0: ttyMSM0 at MMIO 0xa9a00000 (irq = 9) is a MSM
<6>[    7.906036] msm_serial: detected port #2
<6>[    7.907897] msm_serial.2: ttyMSM2 at MMIO 0xa9c00000 (irq = 11) is a MSM
<6>[    7.910003] msm_serial: driver initialized
<6>[    7.912933] msm_serial_hs.0: ttyHS0 at MMIO 0xa0200000 (irq = 45) is a MSM HS UART
<6>[    7.915405] msm_serial_hs module loaded
<6>[    7.931365] loop: module loaded
<6>[    7.932495] pmem: 1 init
<6>[    7.935089] pmem_adsp: 0 init
<6>[    7.937622] pmem_camera: 0 init
<6>[    7.944213] msm_nand: allocated dma buffer at ffa0b000, dma_addr 161da000
<6>[    7.944793] msm_nand: read CFG0 = aad400c0 CFG1 = 4745c
<6>[    7.945190] msm_nand: CFG0 cw/page=3 ud_sz=512 ecc_sz=10 spare_sz=5
<6>[    7.945526] msm_nand: NAND_READ_ID = 1500aaec
<6>[    7.946105] msn_nand: nandid 1500aaec status c03120
<6>[    7.946350] msm_nand: manuf Samsung (0xec) device 0xaa blocksz 20000 pagesz 800 size 10000000
<6>[    7.946777] msm_nand: save CFG0 = e8d408c0 CFG1 = 4745c
<6>[    7.946990] msm_nand: CFG0: cw/page=3 ud_sz=516 ecc_sz=10 spare_sz=1 num_addr_cycles=5
<6>[    7.947479] msm_nand: DEV_CMD1: f00f3000
<6>[    7.947814] msm_nand: NAND_EBI2_ECC_BUF_CFG: 1ff
<5>[    7.948242] 6 cmdlinepart partitions found on MTD device msm_nand
<5>[    7.948455] Creating 6 MTD partitions on "msm_nand":
<5>[    7.948852] 0x0000024c0000-0x000002500000 : "misc"
<5>[    7.950836] 0x0000026c0000-0x000002bc0000 : "recovery"
<5>[    7.959442] 0x000002bc0000-0x000002e40000 : "boot"
<5>[    7.964324] 0x000002e40000-0x000008840000 : "system"
<5>[    8.092620] 0x000008840000-0x000008a40000 : "cache"
<5>[    8.097106] 0x000008a40000-0x000010000000 : "userdata"
<6>[    8.264038] PPP generic driver version 2.4.2
<6>[    8.265045] PPP Deflate Compression module registered
<6>[    8.265289] PPP BSD Compression module registered
<6>[    8.268615] PPP MPPE Compression module registered
<6>[    8.269226] NET: Registered protocol family 24
<6>[    8.272369] tun: Universal TUN/TAP device driver, 1.6
<6>[    8.272979] tun: (C) 1999-2004 Max Krasnyansky <maxk@qualcomm.com>
<6>[    8.276885] msm72k_udc: msm72k_probe
<6>[    8.277679] msm72k_udc: msm72k_probe() io=c68fe000, irq=47, dma=ffa0c000(161cb000)
<6>[    8.278778] android init
<6>[    8.279205] android_probe pdata: c03f14b8
<6>[    8.279937] android_bind
<7>[    8.280273] android_bind_config
<6>[    8.280578] android_usb gadget: android_usb ready
<6>[    8.281127] msm72k_udc: msm72k_udc: registered gadget driver 'android_usb'
<6>[    8.281677] f_adb init
<6>[    8.282226] android_register_function adb
<6>[    8.282531] f_mass_storage init
<6>[    8.282836] android_register_function usb_mass_storage
<6>[    8.283386] f_rndis init
<6>[    8.283905] android_register_function rndis
<6>[    8.284240] rndis_function_bind_config MAC: 02:35:36:09:07:67
<4>[    8.285064] android_usb gadget: using random self ethernet address
<4>[    8.285400] android_usb gadget: using random host ethernet address
<6>[    8.286987] usb0: MAC 02:dd:41:39:44:68
<6>[    8.287292] usb0: HOST MAC b6:2e:df:b1:62:22
<6>[    8.288177] mass_storage_bind_config
<6>[    8.288787] fsg_probe pdata: c03f1c60
<6>[    8.289642] msm72k_udc: IDLE -> ONLINE
<6>[    8.290100] hsusb: reset controller
<6>[    8.291168] android_usb gadget: Number of LUNs=1
<6>[    8.291442] adb_bind_config
<6>[    8.292877] ekt8232_probe enter.
<3>[    8.293334] elan-touch 0-0010: without platform data??!!
<3>[    8.453765] elan-touch 0-0010: __hello_packet_handler: failed!
<6>[    8.454162] looks like it's not Elan, so..i'll quit
<6>[    8.470733] msm_hsusb_phy_reset: success
<3>[    8.505828] msm_i2c msm_i2c.0: error, status c8
<3>[    8.507568] msm_i2c msm_i2c.0: Error during data xfer (-5)
<3>[    8.587249] trout_gpio_irq_handler: got masked interrupt: 0:80
<6>[    8.615264] msm72k_udc: ulpi: write 0x40 to 0x31
<6>[    8.616149] msm72k_udc: ulpi: write 0x1d to 0x0d
<6>[    8.617736] msm72k_udc: ulpi: write 0x1d to 0x10
<6>[    8.618652] msm72k_udc: ept #0 out max:64 head:ffa0c000 bit:0
<6>[    8.620269] msm72k_udc: ept #1 out max:512 head:ffa0c080 bit:1
<6>[    8.621154] msm72k_udc: ept #2 out max:512 head:ffa0c100 bit:2
<6>[    8.622741] msm72k_udc: ept #3 out max:512 head:ffa0c180 bit:3
<6>[    8.623657] msm72k_udc: ept #4 out max:512 head:ffa0c200 bit:4
<6>[    8.625549] msm72k_udc: ept #5 out max:512 head:ffa0c280 bit:5
<6>[    8.626495] msm72k_udc: ept #6 out max:512 head:ffa0c300 bit:6
<6>[    8.628143] msm72k_udc: ept #7 out max:512 head:ffa0c380 bit:7
<3>[    8.629089] trout_gpio_irq_handler: got masked interrupt: 0:80
<6>[    8.630767] synaptics_ts_probe: Product Major Version 1
<6>[    8.631774] msm72k_udc: ept #8 out max:512 head:ffa0c400 bit:8
<6>[    8.633422] msm72k_udc: ept #9 out max:512 head:ffa0c480 bit:9
<6>[    8.634338] msm72k_udc: ept #10 out max:512 head:ffa0c500 bit:10
<3>[    8.636108] trout_gpio_irq_handler: got masked interrupt: 0:80
<6>[    8.637084] synaptics_ts_probe: Product Minor Version c
<6>[    8.638793] msm72k_udc: ept #11 out max:512 head:ffa0c580 bit:11
<6>[    8.639739] msm72k_udc: ept #12 out max:512 head:ffa0c600 bit:12
<6>[    8.641357] msm72k_udc: ept #13 out max:512 head:ffa0c680 bit:13
<3>[    8.642333] trout_gpio_irq_handler: got masked interrupt: 0:80
<6>[    8.643981] synaptics_ts_probe: product property 2
<6>[    8.644958] msm72k_udc: ept #14 out max:512 head:ffa0c700 bit:14
<6>[    8.647247] msm72k_udc: ept #15 out max:512 head:ffa0c780 bit:15
<3>[    8.647521] trout_gpio_irq_handler: got masked interrupt: 0:80
<6>[    8.647979] synaptics_ts_probe: device control 81
<6>[    8.648254] msm72k_udc: ept #0 in max:64 head:ffa0c040 bit:16
<6>[    8.648681] msm72k_udc: ept #1 in max:512 head:ffa0c0c0 bit:17
<6>[    8.648895] msm72k_udc: ept #2 in max:512 head:ffa0c140 bit:18
<6>[    8.649291] msm72k_udc: ept #3 in max:512 head:ffa0c1c0 bit:19
<3>[    8.649536] trout_gpio_irq_handler: got masked interrupt: 0:80
<6>[    8.649993] synaptics_ts_probe: interrupt enable 3
<6>[    8.650268] msm72k_udc: ept #4 in max:512 head:ffa0c240 bit:20
<6>[    8.650665] msm72k_udc: ept #5 in max:512 head:ffa0c2c0 bit:21
<6>[    8.650909] msm72k_udc: ept #6 in max:512 head:ffa0c340 bit:22
<6>[    8.651397] msm72k_udc: ept #7 in max:512 head:ffa0c3c0 bit:23
<6>[    8.651641] msm72k_udc: ept #8 in max:512 head:ffa0c440 bit:24
<6>[    8.652038] msm72k_udc: ept #9 in max:512 head:ffa0c4c0 bit:25
<6>[    8.652252] msm72k_udc: ept #10 in max:512 head:ffa0c540 bit:26
<6>[    8.652648] msm72k_udc: ept #11 in max:512 head:ffa0c5c0 bit:27
<6>[    8.652862] msm72k_udc: ept #12 in max:512 head:ffa0c640 bit:28
<6>[    8.653259] msm72k_udc: ept #13 in max:512 head:ffa0c6c0 bit:29
<6>[    8.653472] msm72k_udc: ept #14 in max:512 head:ffa0c740 bit:30
<6>[    8.653869] msm72k_udc: ept #15 in max:512 head:ffa0c7c0 bit:31
<6>[    8.654144] usb: notify offline
<6>[    8.654571] synaptics_ts_probe: 0xe0: 1 1 1 2 1 c 0 0
<6>[    8.654846] msm_hsusb: enable pullup
<6>[    8.655364] msm72k_udc: ONLINE -> OFFLINE
<6>[    8.655578] msm_hsusb: disable pullup
<6>[    8.655944] usb: notify offline
<6>[    8.656860] synaptics_ts_probe: Sensor properties 601
<6>[    8.664276] synaptics_ts_probe: max_x 3480, max_y 5368
<6>[    8.664489] synaptics_ts_probe: inactive_x -80 -80, inactive_y -32 -32
<6>[    8.664916] synaptics_ts_probe: snap_x 240-248 240-248, snap_y 80-88 80-88
<6>[    8.665893] input: synaptics-rmi-touchscreen as /devices/virtual/input/input1
<6>[    8.667114] synaptics_ts_probe: Start touchscreen synaptics-rmi-touchscreen in interrupt mode
<6>[    8.668640] GPIO Input Driver: Start gpio inputs for trout-nav in interrupt mode
<6>[    8.669891] input: trout-nav as /devices/virtual/input/input2
<6>[    8.671142] GPIO Matrix Keypad Driver: Start keypad matrix for trout-keypad-v3 in interrupt mode
<6>[    8.672058] GPIO Input Driver: Start gpio inputs for trout-keypad-v3 in interrupt mode
<6>[    8.672821] GPIO Input Driver: Start gpio inputs for trout-keypad-v3 in interrupt mode
<6>[    8.673889] input: trout-keypad-v3 as /devices/virtual/input/input3
<6>[    8.676116] using input dev h2w headset for key reset
<6>[    8.676483] using input dev trout-nav for key reset
<6>[    8.677032] using input dev trout-keypad-v3 for key reset
<6>[    8.678924] using rtc device, msm_rtc, for alarms
<6>[    8.679504] rs30000048:0da5b528 rs30000048:0da5b528: rtc core: registered msm_rtc as rtc0
<6>[    8.680206] AKM8976A compass driver: init
<6>[    8.686248] input: compass as /devices/virtual/input/input4
<7>[    8.691741] Registered led device: blue
<7>[    8.692504] Registered led device: green
<7>[    8.692993] Registered led device: red
<6>[    8.693420] Linux video capture interface: v2.00
<6>[    8.843231] device-mapper: uevent: version 1.0.3
<6>[    8.844360] device-mapper: ioctl: 4.17.0-ioctl (2010-03-05) initialised: dm-devel@redhat.com
<6>[    8.845397] Bluetooth: HCI UART driver ver 2.2
<6>[    8.845642] Bluetooth: HCI H4 protocol initialized
<6>[    8.846038] Bluetooth: HCILL protocol initialized
<6>[    8.848236] mmc0: Qualcomm MSM SDCC at 0x00000000a0400000 irq 24,0 dma 8
<6>[    8.848632] mmc0: 4 bit data mode enabled
<6>[    8.848876] mmc0: MMC clock 144000 -> 50000000 Hz, PCLK 64000000 Hz
<6>[    8.849090] mmc0: Slot eject status = 1
<6>[    8.849456] mmc0: Power save feature enable = 1
<6>[    8.849670] mmc0: DM non-cached buffer at ffa0e000, dma_addr 0x16229000
<6>[    8.850067] mmc0: DM cmd busaddr 0x16229000, cmdptr busaddr 0x16229300
<4>[    8.851257] trout_sdslot_switchvdd: Disabling SD slot power
<6>[    8.851928] mmc1: Qualcomm MSM SDCC at 0x00000000a0500000 irq 26,194 dma 8
<6>[    8.852142] mmc1: 4 bit data mode enabled
<6>[    8.852539] mmc1: MMC clock 144000 -> 50000000 Hz, PCLK 64000000 Hz
<6>[    8.852752] mmc1: Slot eject status = 0
<6>[    8.853118] mmc1: Power save feature enable = 1
<6>[    8.853332] mmc1: DM non-cached buffer at ffa0f000, dma_addr 0x1622a000
<6>[    8.853729] mmc1: DM cmd busaddr 0x1622a000, cmdptr busaddr 0x1622a300
<7>[    8.854461] Registered led device: spotlight
<7>[    8.855010] Registered led device: keyboard-backlight
<7>[    8.855590] Registered led device: button-backlight
<6>[    8.858459] logger: created 64K log 'log_main'
<6>[    8.858886] logger: created 256K log 'log_events'
<6>[    8.859283] logger: created 64K log 'log_radio'
<6>[    8.859832] logger: created 64K log 'log_system'
<4>[    8.860900] GACT probability NOT on
<4>[    8.861114] Mirror/redirect action on
<4>[    8.861511] u32 classifier
<4>[    8.861724]     Actions configured 
<4>[    8.861938] Netfilter messages via NETLINK v0.30.
<4>[    8.862487] nf_conntrack version 0.5.0 (1524 buckets, 6096 max)
<4>[    8.863067] CONFIG_NF_CT_ACCT is deprecated and will be removed soon. Please use
<4>[    8.863494] nf_conntrack.acct=1 kernel parameter, acct=1 nf_conntrack module option or
<4>[    8.863861] sysctl net.netfilter.nf_conntrack_acct=1 to enable it.
<4>[    8.864379] ctnetlink v0.93: registering with nfnetlink.
<6>[    8.865051] xt_time: kernel timezone is -0000
<6>[    8.865875] ip_tables: (C) 2000-2006 Netfilter Core Team
<6>[    8.866333] arp_tables: (C) 2002 David S. Miller
<6>[    8.866851] TCP cubic registered
<6>[    8.867065] NET: Registered protocol family 17
<6>[    8.867523] NET: Registered protocol family 15
<5>[    8.867919] Bridge firewalling registered
<6>[    8.868225] Bluetooth: L2CAP ver 2.14
<6>[    8.868621] Bluetooth: L2CAP socket layer initialized
<6>[    8.868865] Bluetooth: SCO (Voice Link) ver 0.6
<6>[    8.869079] Bluetooth: SCO socket layer initialized
<6>[    8.869842] Bluetooth: RFCOMM TTY layer initialized
<6>[    8.870117] Bluetooth: RFCOMM socket layer initialized
<6>[    8.870513] Bluetooth: RFCOMM ver 1.11
<6>[    8.870727] Bluetooth: BNEP (Ethernet Emulation) ver 1.3
<6>[    8.871124] Bluetooth: HIDP (Human Interface Emulation) ver 1.2
<6>[    8.871948] clock_late_init() disabled 18 unused clocks
<6>[    8.874725] rs30000048:0da5b528 rs30000048:0da5b528: setting system clock to 2010-08-15 16:42:13 UTC (1281890533)
<4>[    8.875213] Warning: unable to open an initial console.
<6>[    8.875854] Freeing init memory: 116K
<4>[    8.898284] trout_sdslot_switchvdd: Setting level to 2950
<4>[    8.970977] trout_sdslot_switchvdd: Setting level to 2750
<4>[    9.014465] mmc1: host does not support reading read-only switch. assuming write-enable.
<6>[    9.014923] mmc1: new high speed SDHC card at address 0001
<6>[    9.025756] mmcblk0: mmc1:0001 00000 7.60 GiB 
<6>[    9.026641]  mmcblk0: p1 p2 p3
<6>[    9.100067] keychord: using input dev trout-keypad-v3 for fevent
<6>[    9.105316] yaffs: dev is 32505859 name is "mtdblock3" rw
<6>[    9.105804] yaffs: passed flags ""
<7>[    9.106048] yaffs: Attempting MTD mount of 31.3,"mtdblock3"
<7>[    9.203247] yaffs: restored from checkpoint
<7>[    9.204132] yaffs_read_super: isCheckpointed 1
<6>[    9.236328] yaffs: dev is 32505861 name is "mtdblock5" rw
<6>[    9.237243] yaffs: passed flags ""
<7>[    9.238128] yaffs: Attempting MTD mount of 31.5,"mtdblock5"
<7>[    9.330718] yaffs: restored from checkpoint
<7>[    9.332672] yaffs_read_super: isCheckpointed 1
<6>[    9.390472] yaffs: dev is 32505860 name is "mtdblock4" rw
<6>[    9.391387] yaffs: passed flags ""
<7>[    9.392272] yaffs: Attempting MTD mount of 31.4,"mtdblock4"
<7>[    9.425750] yaffs_read_super: isCheckpointed 0
<6>[   10.643127] NET: Registered protocol family 10
<6>[   10.644805] lo: Disabled Privacy Extensions
<6>[   13.674652] EXT4-fs (mmcblk0p2): recovery complete
<6>[   13.677398] EXT4-fs (mmcblk0p2): mounted filesystem with ordered data mode
<7>[   13.791564] save exit: isCheckpointed 0
<7>[   13.810760] save exit: isCheckpointed 0
<7>[   13.812683] save exit: isCheckpointed 0
<6>[   14.008575] yaffs: dev is 32505860 name is "mtdblock4" rw
<6>[   14.009002] yaffs: passed flags ""
<7>[   14.009216] yaffs: Attempting MTD mount of 31.4,"mtdblock4"
<7>[   14.059722] yaffs_read_super: isCheckpointed 0
<6>[   14.818481] Adding 16368k swap on /sd-ext/swapfile.swp.  Priority:-1 extents:3 across:22520k SS
<3>[   14.899169] init: service 'console' requires console
<6>[   15.089782] enabling adb
<6>[   15.096984] adb_open
<6>[   15.633972] warning: `rild' uses 32-bit capabilities (legacy support in use)
<6>[   15.813018] SMD: ch 0 1 -> 2
<6>[   15.816192] qmi: smd closed
<6>[   15.816558] SMD: ch 38 1 -> 2
<6>[   15.817138] qmi: smd opened
<6>[   15.817901] qmi: smd closed
<6>[   15.818237] SMD: ch 39 1 -> 2
<6>[   15.818542] qmi: smd opened
<6>[   15.819549] qmi: smd closed
<6>[   15.819915] SMD: ch 40 1 -> 2
<6>[   15.820220] qmi: smd opened
<6>[   15.821166] qmi: ctl: wds use client_id 0x01
<6>[   15.821929] qmi: ctl: wds use client_id 0x01
<6>[   15.822387] qmi: ctl: wds use client_id 0x01
<6>[   15.873443] htc-acoustic: open
<6>[   15.875335] htc-acoustic: ioctl
<3>[   15.875671] htc-acoustic: ioctl: invalid command
<6>[   15.974334] htc-acoustic: mmap
<6>[   15.982818] htc-acoustic: ioctl
<6>[   15.983062] htc-acoustic: ioctl: ACOUSTIC_ARM11_DONE called 193.
<6>[   15.986419] htc-acoustic: ioctl: ONCRPC_ACOUSTIC_INIT_PROC success.
<6>[   15.986724] htc-acoustic: release
<6>[   18.032684] htc-acoustic: open
<6>[   18.059814] htc-acoustic: mmap
<6>[   18.060852] htc-acoustic: ioctl
<6>[   18.061126] htc-acoustic: ioctl: ACOUSTIC_ARM11_DONE called 172.
<6>[   18.064605] htc-acoustic: ioctl: ONCRPC_ACOUSTIC_INIT_PROC success.
<6>[   18.065307] htc-acoustic: release
<6>[   18.138732] snd_set_device 1 1 1
<6>[   18.145080] snd_set_volume 256 0 5
<6>[   25.307800] msm72k_udc: OFFLINE -> ONLINE
<6>[   25.308410] hsusb: reset controller
<6>[   25.347564] msm_hsusb_phy_reset: success
<6>[   25.491790] msm72k_udc: ulpi: write 0x40 to 0x31
<6>[   25.492218] msm72k_udc: ulpi: write 0x1d to 0x0d
<6>[   25.492431] msm72k_udc: ulpi: write 0x1d to 0x10
<6>[   25.492645] msm72k_udc: ept #0 out max:64 head:ffa0c000 bit:0
<6>[   25.493041] msm72k_udc: ept #1 out max:512 head:ffa0c080 bit:1
<6>[   25.493255] msm72k_udc: ept #2 out max:512 head:ffa0c100 bit:2
<6>[   25.493652] msm72k_udc: ept #3 out max:512 head:ffa0c180 bit:3
<6>[   25.493865] msm72k_udc: ept #4 out max:512 head:ffa0c200 bit:4
<6>[   25.494262] msm72k_udc: ept #5 out max:512 head:ffa0c280 bit:5
<6>[   25.494659] msm72k_udc: ept #6 out max:512 head:ffa0c300 bit:6
<6>[   25.494873] msm72k_udc: ept #7 out max:512 head:ffa0c380 bit:7
<6>[   25.495269] msm72k_udc: ept #8 out max:512 head:ffa0c400 bit:8
<6>[   25.495483] msm72k_udc: ept #9 out max:512 head:ffa0c480 bit:9
<6>[   25.495880] msm72k_udc: ept #10 out max:512 head:ffa0c500 bit:10
<6>[   25.496093] msm72k_udc: ept #11 out max:512 head:ffa0c580 bit:11
<6>[   25.496459] msm72k_udc: ept #12 out max:512 head:ffa0c600 bit:12
<6>[   25.496704] msm72k_udc: ept #13 out max:512 head:ffa0c680 bit:13
<6>[   25.497070] msm72k_udc: ept #14 out max:512 head:ffa0c700 bit:14
<6>[   25.497314] msm72k_udc: ept #15 out max:512 head:ffa0c780 bit:15
<6>[   25.497680] msm72k_udc: ept #0 in max:64 head:ffa0c040 bit:16
<6>[   25.497894] msm72k_udc: ept #1 in max:512 head:ffa0c0c0 bit:17
<6>[   25.498291] msm72k_udc: ept #2 in max:512 head:ffa0c140 bit:18
<6>[   25.498504] msm72k_udc: ept #3 in max:512 head:ffa0c1c0 bit:19
<6>[   25.498901] msm72k_udc: ept #4 in max:512 head:ffa0c240 bit:20
<6>[   25.499114] msm72k_udc: ept #5 in max:512 head:ffa0c2c0 bit:21
<6>[   25.499511] msm72k_udc: ept #6 in max:512 head:ffa0c340 bit:22
<6>[   25.499725] msm72k_udc: ept #7 in max:512 head:ffa0c3c0 bit:23
<6>[   25.500122] msm72k_udc: ept #8 in max:512 head:ffa0c440 bit:24
<6>[   25.500335] msm72k_udc: ept #9 in max:512 head:ffa0c4c0 bit:25
<6>[   25.500732] msm72k_udc: ept #10 in max:512 head:ffa0c540 bit:26
<6>[   25.500946] msm72k_udc: ept #11 in max:512 head:ffa0c5c0 bit:27
<6>[   25.501342] msm72k_udc: ept #12 in max:512 head:ffa0c640 bit:28
<6>[   25.511810] msm72k_udc: ept #13 in max:512 head:ffa0c6c0 bit:29
<6>[   25.512237] msm72k_udc: ept #14 in max:512 head:ffa0c740 bit:30
<6>[   25.512634] msm72k_udc: ept #15 in max:512 head:ffa0c7c0 bit:31
<6>[   25.512878] usb: notify offline
<6>[   25.513092] msm_hsusb: enable pullup
<6>[   25.516510] msm72k_udc: msm72k_udc: suspend
<6>[   25.666717] msm72k_udc: msm72k_udc: reset
<6>[   25.668975] msm72k_udc: msm72k_udc: portchange USB_SPEED_HIGH
<6>[   25.789764] msm72k_udc: msm72k_udc: reset
<6>[   25.792022] msm72k_udc: msm72k_udc: portchange USB_SPEED_HIGH
<6>[   25.949249] android_usb gadget: high speed config #1: android
<6>[   25.949554] msm72k_udc: ept #4 in max:512 head:ffa0c240 bit:20
<6>[   25.949951] msm72k_udc: ept #3 out max:512 head:ffa0c180 bit:3
<6>[   25.950683] msm72k_udc: ept #3 in max:512 head:ffa0c1c0 bit:19
<6>[   25.951110] msm72k_udc: ept #2 out max:512 head:ffa0c100 bit:2
<4>[   32.740234] init sharp panel
<6>[   33.325622] hw3d_open: pid 222 tid 226 opening client node
<6>[   33.325897] hw3d_open: pid 222 tid 226 got gpu
<4>[   33.401184] remapping device 3b3
<6>[   33.433013] hw3d_open: pid 211 tid 216 opening master node
<3>[   38.489776] init: untracked pid 240 exited
