[    0.000000] Initializing cgroup subsys cpu
[    0.000000] Linux version 2.6.35-cyanogenmod+ (root@pershoot-ubuntu) (gcc version 4.3.1 (GCC) ) #18 PREEMPT Wed Aug 11 00:54:35 EDT 2010
[    0.000000] CPU: ARMv7 Processor [510f00f2] revision 2 (ARMv7), cr=10c53c7f
[    0.000000] CPU: VIPT nonaliasing data cache, VIVT ASID tagged instruction cache
[    0.000000] Machine: mahimahi
[    0.000000] Ignoring unrecognised tag 0x4d534d71
[    0.000000] Ignoring unrecognised tag 0x4d534d72
[    0.000000] Ignoring unrecognised tag 0x4d534d73
[    0.000000] Ignoring unrecognised tag 0x4d534d74
[    0.000000] Ignoring unrecognised tag 0x4d534d75
[    0.000000] Ignoring unrecognised tag 0x4d534d76
[    0.000000] Ignoring unrecognised tag 0x5441000a
[    0.000000] Ignoring unrecognised tag 0x41387898
[    0.000000] Memory policy: ECC disabled, Data cache writeback
[    0.000000] Built 1 zonelists in Zone order, mobility grouping on.  Total pages: 101888
[    0.000000] Kernel command line: board_mahimahi.disable_uart3=0 board_mahimahi.usb_h2w_sw=0 board_mahimahi.disable_sdcard=0 diag.enabled=0 board_mahimahi.debug_uart=0 smisize=0  androidboot.baseband=5.08.00.04 androidboot.cid=GOOGL001 androidboot.carrier=GOOGLE androidboot.mid=PB9910000 androidboot.keycaps=qwerty androidboot.mode=normal androidboot.serialno=XXXXXXXXXX androidboot.bootloader=0.33.0012 no_console_suspend=1 msmsdcc_sdioirq=1 wire.search_count=5
[    0.000000] PID hash table entries: 512 (order: -1, 2048 bytes)
[    0.000000] Dentry cache hash table entries: 16384 (order: 4, 65536 bytes)
[    0.000000] Inode-cache hash table entries: 8192 (order: 3, 32768 bytes)
[    0.000000] Memory: 128MB 91MB 183MB = 402MB total
[    0.000000] Memory: 402552k/402552k available, 9096k reserved, 280576K highmem
[    0.000000] Virtual kernel memory layout:
[    0.000000]     vector  : 0xffff0000 - 0xffff1000   (   4 kB)
[    0.000000]     fixmap  : 0xfff00000 - 0xfffe0000   ( 896 kB)
[    0.000000]     DMA     : 0xffa00000 - 0xffe00000   (   4 MB)
[    0.000000]     vmalloc : 0xc8800000 - 0xf8000000   ( 760 MB)
[    0.000000]     lowmem  : 0xc0000000 - 0xc8000000   ( 128 MB)
[    0.000000]     pkmap   : 0xbfe00000 - 0xc0000000   (   2 MB)
[    0.000000]     modules : 0xbf000000 - 0xbfe00000   (  14 MB)
[    0.000000]       .init : 0xc0008000 - 0xc0028000   ( 128 kB)
[    0.000000]       .text : 0xc0028000 - 0xc0466000   (4344 kB)
[    0.000000]       .data : 0xc0486000 - 0xc04b8ae0   ( 203 kB)
[    0.000000] Hierarchical RCU implementation.
[    0.000000] 	RCU-based detection of stalled CPUs is disabled.
[    0.000000] 	Verbose stalled-CPUs detection is disabled.
[    0.000000] NR_IRQS:316
[    0.000000] Calibrating delay loop... 509.54 BogoMIPS (lpj=2547712)
[    0.229461] pid_max: default: 32768 minimum: 301
[    0.229705] Mount-cache hash table entries: 512
[    0.230041] Initializing cgroup subsys ns
[    0.230072] Initializing cgroup subsys cpuacct
[    0.230072] Initializing cgroup subsys devices
[    0.230102] Initializing cgroup subsys freezer
[    0.230102] CPU: Testing write buffer coherency: ok
[    0.231689] regulator: core version 0.5
[    0.231872] NET: Registered protocol family 16
[    0.232269] mahimahi_init() revision=129
[    4.493896] ram_console: got buffer at 3a00000, size 40000
[    4.494018] ram_console: found existing buffer, size 229348, start 28448
[    5.426910] console [ram0] enabled
[    5.427734] mahimahi_init_mmc()+
[    5.427978] mahimahi_init_mmc()-
[    5.431549] bio: create slab <bio-0> at 0
[    5.432189] msm_i2c_probe
[    5.432403] msm_i2c_probe: clk_ctl 35d, 100000 Hz
[    8.401123] msm_i2c msm_i2c.0: Error waiting for notbusy
[    8.401214] msm_i2c msm_i2c.0: Transaction timed out
[    8.401428] msm_i2c msm_i2c.0: Error during data xfer (-110)
[    8.401611] msm_i2c msm_i2c.0: Still the bus master, status a700, intf 0
[    8.401794] msm_i2c msm_i2c.0: i2c_scl: 1, i2c_sda: 1
[    8.401916] ------------[ cut here ]------------
[    8.402130] WARNING: at drivers/gpio/gpiolib.c:103 gpio_ensure_requested+0x54/0x114()
[    8.402221] autorequest GPIO-95
[    8.402404] Modules linked in:
[    8.402648] [<c002e0e4>] (unwind_backtrace+0x0/0xf0) from [<c002d1b4>] (dump_stack+0x14/0x1c)
[    8.402862] [<c002d1b4>] (dump_stack+0x14/0x1c) from [<c005f84c>] (warn_slowpath_common+0x4c/0x64)
[    8.402984] [<c005f84c>] (warn_slowpath_common+0x4c/0x64) from [<c005f8f8>] (warn_slowpath_fmt+0x30/0x40)
[    8.403198] [<c005f8f8>] (warn_slowpath_fmt+0x30/0x40) from [<c01b4fa8>] (gpio_ensure_requested+0x54/0x114)
[    8.403411] [<c01b4fa8>] (gpio_ensure_requested+0x54/0x114) from [<c01b5218>] (gpio_direction_output+0x88/0x170)
[    8.403625] [<c01b5218>] (gpio_direction_output+0x88/0x170) from [<c0224f68>] (msm_i2c_recover_bus_busy+0x180/0x2f0)
[    8.403839] [<c0224f68>] (msm_i2c_recover_bus_busy+0x180/0x2f0) from [<c0225344>] (msm_i2c_xfer+0x26c/0x2a8)
[    8.404022] [<c0225344>] (msm_i2c_xfer+0x26c/0x2a8) from [<c0222bfc>] (i2c_transfer+0xac/0xf4)
[    8.404235] [<c0222bfc>] (i2c_transfer+0xac/0xf4) from [<c01cc51c>] (tps_65023_read_3bytes+0x58/0x68)
[    8.404357] [<c01cc51c>] (tps_65023_read_3bytes+0x58/0x68) from [<c01cc554>] (tps_65023_reg_read+0x28/0x74)
[    8.404571] [<c01cc554>] (tps_65023_reg_read+0x28/0x74) from [<c01cc634>] (tps65023_dcdc_get_voltage+0x40/0x98)
[    8.404785] [<c01cc634>] (tps65023_dcdc_get_voltage+0x40/0x98) from [<c01c9548>] (_regulator_get_voltage+0x24/0x2c)
[    8.404998] [<c01c9548>] (_regulator_get_voltage+0x24/0x2c) from [<c01cae9c>] (regulator_register+0x4e0/0xd3c)
[    8.405212] [<c01cae9c>] (regulator_register+0x4e0/0xd3c) from [<c037ad20>] (tps_65023_probe+0x104/0x1f0)
[    8.405426] [<c037ad20>] (tps_65023_probe+0x104/0x1f0) from [<c02229d0>] (i2c_device_probe+0x94/0xc0)
[    8.405639] [<c02229d0>] (i2c_device_probe+0x94/0xc0) from [<c01e5a38>] (driver_probe_device+0xb4/0x180)
[    8.405761] [<c01e5a38>] (driver_probe_device+0xb4/0x180) from [<c01e5bc8>] (__device_attach+0x40/0x48)
[    8.405944] [<c01e5bc8>] (__device_attach+0x40/0x48) from [<c01e4ecc>] (bus_for_each_drv+0x50/0x8c)
[    8.406158] [<c01e4ecc>] (bus_for_each_drv+0x50/0x8c) from [<c01e5c54>] (device_attach+0x58/0x74)
[    8.406372] [<c01e5c54>] (device_attach+0x58/0x74) from [<c01e4d00>] (bus_probe_device+0x28/0x48)
[    8.406585] [<c01e4d00>] (bus_probe_device+0x28/0x48) from [<c01e3514>] (device_add+0x324/0x4d8)
[    8.406707] [<c01e3514>] (device_add+0x324/0x4d8) from [<c01e36dc>] (device_register+0x14/0x18)
[    8.406921] [<c01e36dc>] (device_register+0x14/0x18) from [<c0223ecc>] (i2c_new_device+0x108/0x184)
[    8.407104] [<c0223ecc>] (i2c_new_device+0x108/0x184) from [<c0224614>] (i2c_register_adapter+0x120/0x1f4)
[    8.407318] [<c0224614>] (i2c_register_adapter+0x120/0x1f4) from [<c02247a4>] (i2c_add_numbered_adapter+0xbc/0xcc)
[    8.407531] [<c02247a4>] (i2c_add_numbered_adapter+0xbc/0xcc) from [<c022559c>] (msm_i2c_probe+0x21c/0x324)
[    8.407745] [<c022559c>] (msm_i2c_probe+0x21c/0x324) from [<c01e6a6c>] (platform_drv_probe+0x18/0x20)
[    8.407958] [<c01e6a6c>] (platform_drv_probe+0x18/0x20) from [<c01e5a58>] (driver_probe_device+0xd4/0x180)
[    8.408050] [<c01e5a58>] (driver_probe_device+0xd4/0x180) from [<c01e5b64>] (__driver_attach+0x60/0x84)
[    8.408264] [<c01e5b64>] (__driver_attach+0x60/0x84) from [<c01e51c8>] (bus_for_each_dev+0x50/0x80)
[    8.408477] [<c01e51c8>] (bus_for_each_dev+0x50/0x80) from [<c01e58a4>] (driver_attach+0x1c/0x28)
[    8.408691] [<c01e58a4>] (driver_attach+0x1c/0x28) from [<c01e4a44>] (bus_add_driver+0xa4/0x25c)
[    8.408874] [<c01e4a44>] (bus_add_driver+0xa4/0x25c) from [<c01e5e6c>] (driver_register+0xa4/0x134)
[    8.408996] [<c01e5e6c>] (driver_register+0xa4/0x134) from [<c01e6ed8>] (platform_driver_register+0x48/0x60)
[    8.409210] [<c01e6ed8>] (platform_driver_register+0x48/0x60) from [<c001ad60>] (msm_i2c_init_driver+0x10/0x1c)
[    8.409423] [<c001ad60>] (msm_i2c_init_driver+0x10/0x1c) from [<c00283b0>] (do_one_initcall+0x60/0x1d0)
[    8.409637] [<c00283b0>] (do_one_initcall+0x60/0x1d0) from [<c0008440>] (kernel_init+0xcc/0x194)
[    8.409820] [<c0008440>] (kernel_init+0xcc/0x194) from [<c0029a4c>] (kernel_thread_exit+0x0/0x8)
[    8.410034] ---[ end trace 1b75b31a2719ed1c ]---
[    8.410156] ------------[ cut here ]------------
[    8.410278] WARNING: at drivers/gpio/gpiolib.c:103 gpio_ensure_requested+0x54/0x114()
[    8.410461] autorequest GPIO-96
[    8.410583] Modules linked in:
[    8.410888] [<c002e0e4>] (unwind_backtrace+0x0/0xf0) from [<c002d1b4>] (dump_stack+0x14/0x1c)
[    8.411010] [<c002d1b4>] (dump_stack+0x14/0x1c) from [<c005f84c>] (warn_slowpath_common+0x4c/0x64)
[    8.411193] [<c005f84c>] (warn_slowpath_common+0x4c/0x64) from [<c005f8f8>] (warn_slowpath_fmt+0x30/0x40)
[    8.411407] [<c005f8f8>] (warn_slowpath_fmt+0x30/0x40) from [<c01b4fa8>] (gpio_ensure_requested+0x54/0x114)
[    8.411621] [<c01b4fa8>] (gpio_ensure_requested+0x54/0x114) from [<c01b5218>] (gpio_direction_output+0x88/0x170)
[    8.411834] [<c01b5218>] (gpio_direction_output+0x88/0x170) from [<c0224f7c>] (msm_i2c_recover_bus_busy+0x194/0x2f0)
[    8.412048] [<c0224f7c>] (msm_i2c_recover_bus_busy+0x194/0x2f0) from [<c0225344>] (msm_i2c_xfer+0x26c/0x2a8)
[    8.412231] [<c0225344>] (msm_i2c_xfer+0x26c/0x2a8) from [<c0222bfc>] (i2c_transfer+0xac/0xf4)
[    8.412353] [<c0222bfc>] (i2c_transfer+0xac/0xf4) from [<c01cc51c>] (tps_65023_read_3bytes+0x58/0x68)
[    8.412567] [<c01cc51c>] (tps_65023_read_3bytes+0x58/0x68) from [<c01cc554>] (tps_65023_reg_read+0x28/0x74)
[    8.412780] [<c01cc554>] (tps_65023_reg_read+0x28/0x74) from [<c01cc634>] (tps65023_dcdc_get_voltage+0x40/0x98)
[    8.412994] [<c01cc634>] (tps65023_dcdc_get_voltage+0x40/0x98) from [<c01c9548>] (_regulator_get_voltage+0x24/0x2c)
[    8.413208] [<c01c9548>] (_regulator_get_voltage+0x24/0x2c) from [<c01cae9c>] (regulator_register+0x4e0/0xd3c)
[    8.413391] [<c01cae9c>] (regulator_register+0x4e0/0xd3c) from [<c037ad20>] (tps_65023_probe+0x104/0x1f0)
[    8.413604] [<c037ad20>] (tps_65023_probe+0x104/0x1f0) from [<c02229d0>] (i2c_device_probe+0x94/0xc0)
[    8.413726] [<c02229d0>] (i2c_device_probe+0x94/0xc0) from [<c01e5a38>] (driver_probe_device+0xb4/0x180)
[    8.413940] [<c01e5a38>] (driver_probe_device+0xb4/0x180) from [<c01e5bc8>] (__device_attach+0x40/0x48)
[    8.414123] [<c01e5bc8>] (__device_attach+0x40/0x48) from [<c01e4ecc>] (bus_for_each_drv+0x50/0x8c)
[    8.414337] [<c01e4ecc>] (bus_for_each_drv+0x50/0x8c) from [<c01e5c54>] (device_attach+0x58/0x74)
[    8.414550] [<c01e5c54>] (device_attach+0x58/0x74) from [<c01e4d00>] (bus_probe_device+0x28/0x48)
[    8.414764] [<c01e4d00>] (bus_probe_device+0x28/0x48) from [<c01e3514>] (device_add+0x324/0x4d8)
[    8.414886] [<c01e3514>] (device_add+0x324/0x4d8) from [<c01e36dc>] (device_register+0x14/0x18)
[    8.415069] [<c01e36dc>] (device_register+0x14/0x18) from [<c0223ecc>] (i2c_new_device+0x108/0x184)
[    8.415283] [<c0223ecc>] (i2c_new_device+0x108/0x184) from [<c0224614>] (i2c_register_adapter+0x120/0x1f4)
[    8.415496] [<c0224614>] (i2c_register_adapter+0x120/0x1f4) from [<c02247a4>] (i2c_add_numbered_adapter+0xbc/0xcc)
[    8.415710] [<c02247a4>] (i2c_add_numbered_adapter+0xbc/0xcc) from [<c022559c>] (msm_i2c_probe+0x21c/0x324)
[    8.415893] [<c022559c>] (msm_i2c_probe+0x21c/0x324) from [<c01e6a6c>] (platform_drv_probe+0x18/0x20)
[    8.416015] [<c01e6a6c>] (platform_drv_probe+0x18/0x20) from [<c01e5a58>] (driver_probe_device+0xd4/0x180)
[    8.416229] [<c01e5a58>] (driver_probe_device+0xd4/0x180) from [<c01e5b64>] (__driver_attach+0x60/0x84)
[    8.416442] [<c01e5b64>] (__driver_attach+0x60/0x84) from [<c01e51c8>] (bus_for_each_dev+0x50/0x80)
[    8.416656] [<c01e51c8>] (bus_for_each_dev+0x50/0x80) from [<c01e58a4>] (driver_attach+0x1c/0x28)
[    8.416839] [<c01e58a4>] (driver_attach+0x1c/0x28) from [<c01e4a44>] (bus_add_driver+0xa4/0x25c)
[    8.416961] [<c01e4a44>] (bus_add_driver+0xa4/0x25c) from [<c01e5e6c>] (driver_register+0xa4/0x134)
[    8.417175] [<c01e5e6c>] (driver_register+0xa4/0x134) from [<c01e6ed8>] (platform_driver_register+0x48/0x60)
[    8.417358] [<c01e6ed8>] (platform_driver_register+0x48/0x60) from [<c001ad60>] (msm_i2c_init_driver+0x10/0x1c)
[    8.417572] [<c001ad60>] (msm_i2c_init_driver+0x10/0x1c) from [<c00283b0>] (do_one_initcall+0x60/0x1d0)
[    8.417785] [<c00283b0>] (do_one_initcall+0x60/0x1d0) from [<c0008440>] (kernel_init+0xcc/0x194)
[    8.417999] [<c0008440>] (kernel_init+0xcc/0x194) from [<c0029a4c>] (kernel_thread_exit+0x0/0x8)
[    8.418090] ---[ end trace 1b75b31a2719ed1d ]---
[    8.418395] msm_i2c msm_i2c.0: Bus busy cleared after 1 clock cycles, status d0, intf 300
[    8.418640] tps65023 0-0048: Read from reg 0x6 failed
[    8.418762] regulator: dcdc1: 950 <--> 1275 mV 
[    8.418975] regulator: dcdc2: 1260 mV 
[    8.419219] regulator: dcdc3: 800 <--> 3300 mV at 1800 mV 
[   11.392181] msm_i2c msm_i2c.0: Error waiting for notbusy
[   11.392364] msm_i2c msm_i2c.0: Transaction timed out
[   11.392486] msm_i2c msm_i2c.0: Error during data xfer (-110)
[   11.392730] msm_i2c msm_i2c.0: Still the bus master, status a700, intf 0
[   11.392852] msm_i2c msm_i2c.0: i2c_scl: 0, i2c_sda: 0
[   11.393157] msm_i2c msm_i2c.0: Bus busy cleared after 1 clock cycles, status d0, intf 300
[   11.393310] tps65023 0-0048: Read from reg 0x8 failed
[   11.393493] regulator: ldo1: 1000 <--> 3150 mV 
[   11.393676] regulator: ldo2: 3300 mV 
[   11.394622] Bluetooth: Core ver 2.15
[   11.394775] NET: Registered protocol family 31
[   11.394866] Bluetooth: HCI device and connection manager initialized
[   11.395080] Bluetooth: HCI socket layer initialized
[   11.395294] Switching to clocksource gp_timer
[   11.396057] NET: Registered protocol family 2
[   11.396270] IP route cache hash table entries: 1024 (order: 0, 4096 bytes)
[   11.396789] TCP established hash table entries: 4096 (order: 3, 32768 bytes)
[   11.396972] TCP bind hash table entries: 4096 (order: 2, 16384 bytes)
[   11.397186] TCP: Hash tables configured (established 4096 bind 4096)
[   11.397308] TCP reno registered
[   11.397491] UDP hash table entries: 256 (order: 0, 4096 bytes)
[   11.397613] UDP-Lite hash table entries: 256 (order: 0, 4096 bytes)
[   11.397949] NET: Registered protocol family 1
[   11.398254] Unpacking initramfs...
[   11.410858] Freeing initrd memory: 160K
[   11.411682] smd_init()
[   11.411804] smd_core_init()
[   11.411956] smd_core_init() done
[   11.412078] msm_init_last_radio_log: last radio log is 40000 bytes long
[   11.412506] smd_alloc_channel() cid=00 size=08192 'SMD_DS'
[   11.412689] smd_alloc_channel() cid=01 size=08192 'SMD_DIAG'
[   11.412933] smd_alloc_channel() cid=02 size=08192 'SMD_RPCCALL'
[   11.413177] smd_alloc_channel() cid=07 size=32768 'SMD_DATA1'
[   11.413330] smd_alloc_channel() cid=08 size=08192 'SMD_DATA2'
[   11.413604] smd_alloc_channel() cid=09 size=08192 'SMD_DATA3'
[   11.413757] smd_alloc_channel() cid=11 size=32768 'SMD_DATA5'
[   11.414001] smd_alloc_channel() cid=12 size=32768 'SMD_DATA6'
[   11.414154] smd_alloc_channel() cid=13 size=32768 'SMD_DATA7'
[   11.414398] smd_alloc_channel() cid=15 size=08192 'SMD_DATA9'
[   11.414550] smd_alloc_channel() cid=27 size=08192 'SMD_GPSNMEA'
[   11.414794] smd_alloc_channel() cid=40 size=08192 'DSP_DIAG'
[   11.414947] smd_alloc_channel() cid 41 does not exist
[   11.415161] smd_alloc_channel() cid=42 size=08192 'DSP_DAL_AQ_VID'
[   11.415313] smd_alloc_channel() cid=43 size=08192 'DSP_DAL_AQ_AUD'
[   11.415740] smd_alloc_channel() cid=46 size=08192 'DSP_DAL00'
[   11.415893] smd_alloc_channel() cid 47 does not exist
[   11.416107] smd_alloc_channel() cid=48 size=08192 'SMD_DAL_AM_AUD'
[   11.416259] smd_alloc_channel() cid=49 size=08192 'SMD_DAL00'
[   11.416503] smd_alloc_channel() cid=50 size=08192 'SMD_DATA5_CNTL'
[   11.416687] smd_alloc_channel() cid=51 size=08192 'SMD_DATA6_CNTL'
[   11.416931] smd_alloc_channel() cid=52 size=08192 'SMD_DATA7_CNTL'
[   11.417602] SMD: ch 2 1 -> 2
[   11.419525] mdp_probe: initialized
[   11.419677] spi: SPI_CONFIG=8f
[   11.419769] spi: SPI_IO_CONTROL=401
[   11.419891] spi: SPI_OPERATIONAL=85
[   11.420074] spi: SPI_ERROR_FLAGS_EN=7f
[   11.420166] spi: SPI_ERROR_FLAGS=7f
[   11.420288] -mahimahi_init_spi_hack()
[   11.420532] mahimahi_init_panel: amoled panel
[   11.420745] Registered led device: lcd-backlight
[   11.422790] mahimahi-microp 0-0066: microp version [0B][15]
[   11.423217] input: lightsensor-level as /devices/virtual/input/input0
[   11.423553] Registered led device: green
[   11.423736] Registered led device: amber
[   11.423919] Registered led device: red
[   11.424194] Registered led device: blue
[   11.424377] Registered led device: jogball-backlight
[   11.424560] Registered led device: button-backlight
[   11.424957] microp_function_initialize: als_kadc=0x6a, als_gadc=0xc0
[   11.442230] smd_alloc_channel() cid 41 does not exist
[   11.442443] smd_alloc_channel() cid 47 does not exist
[   11.443206] H2W: htc_35mm_jack driver register
[   11.443786] input: h2w headset as /devices/virtual/input/input1
[   11.447235] Registered led device: flashlight
[   11.447357] flashlight_probe: The Flashlight Driver is ready
[   11.447601] tpa2018d1_init
[   11.455383] highmem bounce pool size: 64 pages
[   11.455871] ashmem: initialized
[   11.456665] squashfs: version 4.0 (2009/01/31) Phillip Lougher
[   11.456848] yaffs built Aug 11 2010 00:53:50 Installing. 
[   11.460113] alg: No test for stdrng (krng)
[   11.460388] Block layer SCSI generic (bsg) driver version 0.4 loaded (major 250)
[   11.460571] io scheduler noop registered
[   11.460693] io scheduler deadline registered (default)
[   11.461364] samsung_oled_panel_init: +()
[   11.461730] samsung_oled_panel_init: -()
[   11.462249] msmfb_probe() installing 480 x 800 panel
[   11.462615] mdp_lcdc_probe: initialized
[   11.462860] kgsl kgsl: |kgsl_platform_probe| no grp_pclk, continuing
[   11.463806] msm_serial: driver initialized
[   11.464141] msm_serial_hs.0: ttyHS0 at MMIO 0xa0200000 (irq = 44) is a MSM HS UART
[   11.464538] msm_serial_hs module loaded
[   11.466796] loop: module loaded
[   11.466949] pmem: 1 init
[   11.467407] pmem_adsp: 1 init
[   11.468231] pmem_camera: 1 init
[   11.468688] pmem_venc: 1 init
[   11.469116] AKM8973 compass driver: init
[   11.470520] input: compass as /devices/virtual/input/input2
[   11.470794] a1026_init
[   11.471435] msm_nand: allocated dma buffer at ffa01000, dma_addr 27dc9000
[   11.471710] msm_nand: read CFG0 = aa5400c0 CFG1 = 6746a
[   11.471832] msm_nand: CFG0 cw/page=3 ud_sz=512 ecc_sz=10 spare_sz=4
[   11.472106] msm_nand: NAND_READ_ID = 5500bcec
[   11.472320] msn_nand: nandid 5500bcec status c03120
[   11.472534] msm_nand: manuf Samsung (0xec) device 0xbc blocksz 20000 pagesz 800 size 20000000
[   11.472747] msm_nand: save CFG0 = e85408c0 CFG1 = 4745e
[   11.472839] msm_nand: CFG0: cw/page=3 ud_sz=516 ecc_sz=10 spare_sz=0 num_addr_cycles=5
[   11.473083] msm_nand: DEV_CMD1: f00f3000
[   11.473266] msm_nand: NAND_EBI2_ECC_BUF_CFG: 1ff
[   11.473358] Creating 6 MTD partitions on "msm_nand":
[   11.473571] 0x000003ee0000-0x000003fc0000 : "misc"
[   11.475219] 0x000004240000-0x000004740000 : "recovery"
[   11.481170] 0x000004740000-0x0000049c0000 : "boot"
[   11.484375] 0x0000049c0000-0x00000dac0000 : "system"
[   11.632965] 0x00000dac0000-0x0000139c0000 : "cache"
[   11.730560] 0x0000139c0000-0x00001fe00000 : "userdata"
[   11.931976] PPP generic driver version 2.4.2
[   11.932250] PPP Deflate Compression module registered
[   11.932373] PPP BSD Compression module registered
[   11.933319] PPP MPPE Compression module registered
[   11.933410] NET: Registered protocol family 24
[   11.933990] tun: Universal TUN/TAP device driver, 1.6
[   11.934082] tun: (C) 1999-2004 Max Krasnyansky <maxk@qualcomm.com>
[   11.935272] msm72k_udc: msm72k_probe
[   11.935424] msm72k_udc: msm72k_probe() io=c8872000, irq=58, dma=ffa02000(27dec000)
[   11.935943] android init
[   11.936157] android_probe pdata: c048c548
[   11.936340] android_bind
[   11.936431] android_bind_config
[   11.936676] android_usb gadget: android_usb ready
[   11.936798] msm72k_udc: msm72k_udc: registered gadget driver 'android_usb'
[   11.937072] f_adb init
[   11.937164] android_register_function adb
[   11.937255] f_mass_storage init
[   11.937377] android_register_function usb_mass_storage
[   11.937561] f_rndis init
[   11.937744] android_register_function rndis
[   11.937927] diag init
[   11.938049] android_register_function diag
[   11.938140] rndis_function_bind_config MAC: 02:2A:59:00:01:01
[   11.938354] android_usb gadget: using random self ethernet address
[   11.938476] android_usb gadget: using random host ethernet address
[   11.938995] usb0: MAC ae:c9:75:b3:44:38
[   11.939117] usb0: HOST MAC 3a:89:f7:0a:bb:41
[   11.939300] mass_storage_bind_config
[   11.939575] fsg_probe pdata: c048d888
[   11.939849] msm72k_udc: IDLE -> ONLINE
[   11.940093] hsusb: reset controller
[   11.940399] android_usb gadget: Number of LUNs=1
[   11.940521] adb_bind_config
[   11.940917] diag_bind_config
[   11.941162] SMD: ch 40 1 -> 2
[   11.941284] SMD: ch 1 1 -> 2
[   11.941864] mahimahi_ts_power: power 1
[   11.996490] msm_hsusb_phy_reset: success
[   12.087066] msm_i2c msm_i2c.0: error, status 43c8
[   12.087188] msm_i2c msm_i2c.0: Error during data xfer (-5)
[   12.186645] usb: notify offline
[   12.186767] msm_hsusb: enable pullup
[   12.186859] msm72k_udc: ONLINE -> OFFLINE
[   12.187072] msm_hsusb: disable pullup
[   12.187164] ### notify_usb_connected(0) ###
[   12.187286] usb: notify offline
[   12.197265] synaptics_ts_probe: Product Major Version 1
[   12.198028] synaptics_ts_probe: Product Minor Version 3
[   12.198760] synaptics_ts_probe: product property 2
[   12.199615] synaptics_ts_probe: device control 81
[   12.200347] synaptics_ts_probe: interrupt enable 1
[   12.202331] synaptics_ts_probe: 0xe0: 1 1 1 2 1 3 0 0
[   12.203460] synaptics_ts_probe: Sensor properties 701
[   12.206726] synaptics_ts_probe: max_x 4050, max_y 6822
[   12.206848] synaptics_ts_probe: inactive_x -126 -126, inactive_y -127 -341
[   12.207031] synaptics_ts_probe: snap_x 0-0 0-0, snap_y 0-0 0-0
[   12.207336] input: synaptics-rmi-touchscreen as /devices/virtual/input/input3
[   12.208099] synaptics_ts_probe: Start touchscreen synaptics-rmi-touchscreen in interrupt mode
[   12.208435] capella_cm3602_probe: probe
[   12.208526] capella_cm3602_probe: allocating input device
[   12.208648] capella_cm3602_probe: registering input device
[   12.209014] input: proximity as /devices/virtual/input/input4
[   12.209197] capella_cm3602_probe: registering misc device
[   12.209503] capella_cm3602_setup
[   12.209625] proximity 1
[   12.210113] GPIO Matrix Keypad Driver: Start keypad matrix for mahimahi-keypad... in interrupt mode
[   12.210388] GPIO Input Driver: Start gpio inputs for mahimahi-keypad... in interrupt mode
[   12.210937] input: mahimahi-keypad as /devices/virtual/input/input5
[   12.211303] input: mahimahi-nav as /devices/virtual/input/input6
[   12.211914] using input dev h2w headset for key reset
[   12.212066] using input dev mahimahi-keypad for key reset
[   12.212249] using input dev mahimahi-nav for key reset
[   12.212921] using rtc device, msm_rtc, for alarms
[   12.213134] rs30000048:00010000 rs30000048:00010000: rtc core: registered msm_rtc as rtc0
[   12.213897] s5k3e2fx_sensor_probe
[   12.226684] msm_hsusb_phy_reset: success
[   12.809967] Driver for 1-wire Dallas network protocol.
[   12.811248] msm_i2c msm_i2c.0: error, status 43c8
[   12.811370] msm_i2c msm_i2c.0: Error during data xfer (-5)
[   12.811523] ds2482 0-0018: i2c write c3 87 failed, -5, retries left 5
[   12.812011] msm_i2c msm_i2c.0: error, status 43c8
[   12.812133] msm_i2c msm_i2c.0: Error during data xfer (-5)
[   12.812347] ds2482 0-0018: i2c write c3 87 failed, -5, retries left 4
[   12.812774] msm_i2c msm_i2c.0: error, status 43c8
[   12.812896] msm_i2c msm_i2c.0: Error during data xfer (-5)
[   12.813018] ds2482 0-0018: i2c write c3 87 failed, -5, retries left 3
[   12.813537] msm_i2c msm_i2c.0: error, status 43c8
[   12.813659] msm_i2c msm_i2c.0: Error during data xfer (-5)
[   12.813873] ds2482 0-0018: i2c write c3 87 failed, -5, retries left 2
[   12.814300] msm_i2c msm_i2c.0: error, status 43c8
[   12.814514] msm_i2c msm_i2c.0: Error during data xfer (-5)
[   12.814636] ds2482 0-0018: i2c write c3 87 failed, -5, retries left 1
[   12.815155] msm_i2c msm_i2c.0: error, status 43c8
[   12.815277] msm_i2c msm_i2c.0: Error during data xfer (-5)
[   12.815490] ds2482 0-0018: i2c write c3 87 failed, -5, retries left 0
[   12.816528] device-mapper: uevent: version 1.0.3
[   12.817077] device-mapper: ioctl: 4.17.0-ioctl (2010-03-05) initialised: dm-devel@redhat.com
[   12.817504] Bluetooth: HCI UART driver ver 2.2
[   12.817626] Bluetooth: HCI H4 protocol initialized
[   12.817749] Bluetooth: HCILL protocol initialized
[   12.819000] mmc0: Qualcomm MSM SDCC at 0x00000000a0300000 irq 24,0 dma 8
[   12.819122] mmc0: 4 bit data mode enabled
[   12.819305] mmc0: MMC clock 144000 -> 49152000 Hz, PCLK 64000000 Hz
[   12.819396] mmc0: Slot eject status = 1
[   12.819610] mmc0: Power save feature enable = 1
[   12.819702] mmc0: DM non-cached buffer at ffa04000, dma_addr 0x27e1a000
[   12.819915] mmc0: DM cmd busaddr 0x27e1a000, cmdptr busaddr 0x27e1a300
[   12.820739] mmc1: Qualcomm MSM SDCC at 0x00000000a0400000 irq 26,0 dma 8
[   12.820922] mmc1: 4 bit data mode enabled
[   12.821044] mmc1: MMC clock 144000 -> 49152000 Hz, PCLK 64000000 Hz
[   12.821228] mmc1: Slot eject status = 0
[   12.821350] mmc1: Power save feature enable = 1
[   12.821441] mmc1: DM non-cached buffer at ffa05000, dma_addr 0x27e1b000
[   12.821655] mmc1: DM cmd busaddr 0x27e1b000, cmdptr busaddr 0x27e1b300
[   12.822753] logger: created 64K log 'log_main'
[   12.822967] logger: created 256K log 'log_events'
[   12.823150] logger: created 64K log 'log_radio'
[   12.823394] logger: created 64K log 'log_system'
[   12.823822] Netfilter messages via NETLINK v0.30.
[   12.824066] nf_conntrack version 0.5.0 (6292 buckets, 25168 max)
[   12.824371] CONFIG_NF_CT_ACCT is deprecated and will be removed soon. Please use
[   12.824584] nf_conntrack.acct=1 kernel parameter, acct=1 nf_conntrack module option or
[   12.824676] sysctl net.netfilter.nf_conntrack_acct=1 to enable it.
[   12.824981] ctnetlink v0.93: registering with nfnetlink.
[   12.825286] xt_time: kernel timezone is -0000
[   12.825683] ip_tables: (C) 2000-2006 Netfilter Core Team
[   12.825897] TCP cubic registered
[   12.826324] NET: Registered protocol family 10
[   12.826965] lo: Disabled Privacy Extensions
[   12.827636] IPv6 over IPv4 tunneling driver
[   12.828247] sit0: Disabled Privacy Extensions
[   12.828430] NET: Registered protocol family 17
[   12.828674] NET: Registered protocol family 15
[   12.828857] Bridge firewalling registered
[   12.828979] Ebtables v2.0 registered
[   12.829498] Bluetooth: L2CAP ver 2.14
[   12.829620] Bluetooth: L2CAP socket layer initialized
[   12.829742] Bluetooth: SCO (Voice Link) ver 0.6
[   12.829925] Bluetooth: SCO socket layer initialized
[   12.830169] Bluetooth: RFCOMM TTY layer initialized
[   12.830383] Bluetooth: RFCOMM socket layer initialized
[   12.830474] Bluetooth: RFCOMM ver 1.11
[   12.830596] Bluetooth: BNEP (Ethernet Emulation) ver 1.3
[   12.830780] Bluetooth: HIDP (Human Interface Emulation) ver 1.2
[   12.830993] ThumbEE CPU extension supported.
[   12.831848] clock_late_init() disabled 23 unused clocks
[   12.832885] mahimahi_wifi_init: start
[   12.833343] VFP support v0.3: implementor 51 architecture 0 part 0f variant 0 rev 1
[   12.834777] regulator_init_complete: incomplete constraints, leaving ldo2 on
[   12.835998] regulator_init_complete: incomplete constraints, leaving ldo1 on
[   12.837097] regulator_init_complete: incomplete constraints, leaving dcdc3 on
[   12.838409] regulator_init_complete: incomplete constraints, leaving dcdc2 on
[   12.839660] regulator_init_complete: incomplete constraints, leaving dcdc1 on
[   12.841125] rs30000048:00010000 rs30000048:00010000: setting system clock to 2010-08-11 17:54:44 UTC (1281549284)
[   12.841430] Warning: unable to open an initial console.
[   12.841674] Freeing init memory: 128K
[   12.955017] keychord: using input dev h2w headset for fevent
[   12.955230] keychord: using input dev mahimahi-keypad for fevent
[   12.955352] keychord: using input dev mahimahi-nav for fevent
[   12.957824] yaffs: dev is 32505859 name is "mtdblock3"
[   12.957946] yaffs: passed flags ""
[   12.958068] yaffs: Attempting MTD mount of 31.3,"mtdblock3"
[   12.976287] mmc1: host does not support reading read-only switch. assuming write-enable.
[   12.976501] mmc1: new high speed SDHC card at address 0001
[   12.977172] mmcblk0: mmc1:0001 00000 7.60 GiB 
[   12.977600]  mmcblk0: p1 p2 p3
[   13.006652] yaffs: restored from checkpoint
[   13.007293] yaffs_read_super: isCheckpointed 1
[   13.017669] yaffs: dev is 32505861 name is "mtdblock5"
[   13.017852] yaffs: passed flags ""
[   13.017974] yaffs: Attempting MTD mount of 31.5,"mtdblock5"
[   13.308105] block 96 is bad
[   13.322906] batt:  84%, 4079 mV, 151 mA (353 avg), 29.8 C, 1147 mAh
[   13.330505] batt: charging OFF
[   13.345489] block 212 is bad
[   13.487640] block 678 is bad
[   13.644195] block 1191 is bad
[   13.705566] block 1392 is bad
[   16.957733] cable_status_update: status=1
[   16.980987] msm72k_udc: OFFLINE -> ONLINE
[   16.981262] hsusb: reset controller
[   17.041381] msm_hsusb_phy_reset: success
[   17.231201] usb: notify offline
[   17.231353] msm_hsusb: enable pullup
[   17.251556] ### notify_usb_connected(2) ###
[   17.258789] batt: charging FAST
[   28.509338] yaffs_read_super: isCheckpointed 0
[   28.612548] yaffs: dev is 32505860 name is "mtdblock4"
[   28.612670] yaffs: passed flags ""
[   28.612792] yaffs: Attempting MTD mount of 31.4,"mtdblock4"
[   28.624908] yaffs: restored from checkpoint
[   28.625152] yaffs_read_super: isCheckpointed 1
[   29.190551] init: service 'console' requires console
[   29.207000] enabling adb
[   29.207672] adb_open
[   29.223419] acpuclk_set_vdd_level got regulator
[   29.479614] warning: `rild' uses 32-bit capabilities (legacy support in use)
[   29.593902] SMD: ch 0 1 -> 2
[   29.596405] qmi: smd closed
[   29.596618] SMD: ch 50 1 -> 2
[   29.596801] qmi: smd opened
[   29.597290] qmi: smd closed
[   29.597473] SMD: ch 51 1 -> 2
[   29.597686] qmi: smd opened
[   29.597930] qmi: smd closed
[   29.598297] SMD: ch 52 1 -> 2
[   29.598480] qmi: smd opened
[   29.599334] qmi: ctl: wds use client_id 0x01
[   29.599578] qmi: ctl: wds use client_id 0x01
[   29.600036] qmi: ctl: wds use client_id 0x01
[   30.476623] a1026_bootup_init: starting to load image (863 passes)...
[   33.357330] a1026_bootup_init: firmware loaded successfully
[   33.517150] a1026_bootup_init: initialized!
[   33.520141] htc-acoustic: open
[   33.521209] smd_alloc_channel() cid 41 does not exist
[   33.521331] smd_alloc_channel() cid 47 does not exist
[   33.525238] htc-acoustic: mmap
[   33.525512] htc-acoustic: ioctl
[   33.525604] htc-acoustic: ioctl: ACOUSTIC_UPDATE_ADIE called 95.
[   33.529235] htc-acoustic: ioctl: ONCRPC_UPDATE_ADIE_PROC success.
[   33.530120] htc-acoustic: release
[   33.548065] audio: init: codecs
[   33.548370] SMD: ch 43 1 -> 2
[   33.661468] dal_attach: status = 0, name = 'DAL_AQ_AUD'
[   33.661651] audio: init: INIT
[   33.661956] audio: init: OPEN control
[   34.041931] audio: init: attach ACDB
[   34.042419] SMD: ch 48 1 -> 2
[   34.148101] dal_attach: status = 0, name = 'DAL_AM_AUD'
[   34.148223] audio: init: attach ADIE
[   34.148712] dal_attach: status = 0, name = 'DAL_AM_AUD'
[   35.827575] lcdc_unblank: ()
[   35.827728] samsung_oled_panel_unblank: +()
[   35.990570] msm_kgsl: initilized dev=1 mmu=on
[   35.999755] init: untracked pid 130 exited
[   36.006042] init: untracked pid 131 exited
[   36.110076] samsung_oled_panel_unblank: -()
[   47.574096] wifi_set_power = 1
[   47.574127] mahimahi_wifi_power: 1
[   47.917572] capella_cm3602_open
[   47.917724] capella_cm3602_ioctl cmd 2
[   47.917816] capella_cm3602_disable
[   47.917999] capella_cm3602_disable: already disabled
[   47.918090] capella_cm3602_ioctl cmd 1
[   47.965454] request_suspend_state: wakeup (3->0) at 43684278062 (2010-08-11 17:55:19.575579269 UTC)
[   48.501525] capella_cm3602_ioctl cmd 1
[   49.388336] wifi_set_carddetect = 1
[   49.388458] mahimahi_wifi_set_carddetect: 1
[   49.395874] mmc0: card_present 1
[   49.395996] mmc0: Slot status change detected (0 -> 1)
[   49.408935] 
[   49.408935] Dongle Host Driver, version 4.218.246.0
[   49.475158] mmc0: queuing unknown CIS tuple 0x91 (3 bytes)
[   49.475158] mmc0: new high speed SDIO card at address 0001
[   49.482238] DHD: dongle ram size is set to 294912(orig 294912)
[   49.690612] wifi_get_mac_addr
[   49.691864] Firmware version = wl0: Apr 22 2010 10:02:12 version 4.218.223.0
[   49.831634] eth0: Broadcom Dongle Host Driver mac=00:23:76:af:d9:1c
[   54.448333] STA connect received 1
[   60.713653] eth0: no IPv6 routers present
[   63.439453] batt:  85%, 4099 mV, 316 mA (348 avg), 29.8 C, 1150 mAh
[   71.037292] STA connect received 1
[   81.824249] eth0: no IPv6 routers present
[   93.428009] mahimahi-microp 0-0066: Setting Jogball flash period to 6
[   93.895660] pcm_out: open
[   93.895843] acdb: load 'default.acdb'
[   93.932281] init: untracked pid 872 exited
[   93.932586] acdb: 588 bytes for device 607, rate 48000.
[   98.274963] pcm_out: release
[  107.709930] mahimahi-microp 0-0066: Setting Jogball flash period to 6
[  108.052337] pcm_out: open
[  108.052612] acdb: 588 bytes for device 607, rate 48000.
[  112.405487] pcm_out: release
[  114.695861] wds: 0020 @ 01
[  114.695983] qmi: wds: got handle 0x0224dd50
[  114.696411] wds: 0022 @ ff
[  114.696502] qmi: wds: CONNECTED
[  114.697387] wds: 002d @ 01
[  114.697479] qmi: got network profile
[  114.697967] rmnet_open()
[  114.698150] SMD: ch 11 1 -> 2
[  115.156951] wds: 0021 @ 01
[  115.157043] qmi: wds: network stopped
[  115.157257] wds: 0022 @ ff
[  115.157348] qmi: wds: DISCONNECTED
[  115.157592] rmnet_stop()
[  128.593017] batt:  85%, 4104 mV, 314 mA (318 avg), 29.8 C, 1156 mAh
[  167.116546] Unable to handle kernel paging request at virtual address 7aa23cda
[  167.117126] pgd = c76b0000
[  167.117401] [7aa23cda] *pgd=00000000
[  167.117980] Internal error: Oops: 805 [#1] PREEMPT
[  167.118530] last sysfs file: /sys/devices/system/cpu/cpu0/cpufreq/stats/time_in_state
[  167.118835] Modules linked in: bcm4329
[  167.119934] CPU: 0    Tainted: G        W    (2.6.35-cyanogenmod+ #18)
[  167.120269] PC is at move_freepages_block+0xf0/0x15c
[  167.120819] LR is at __rmqueue+0x30c/0x470
[  167.121124] pc : [<c00a5bb0>]    lr : [<c00a6304>]    psr: 00000093
[  167.121154] sp : c7723ca0  ip : 1a180000  fp : 00000020
[  167.121978] r10: 00000001  r9 : 00100100  r8 : 00000000
[  167.122283] r7 : c04b84c8  r6 : c0810fe0  r5 : 00000000  r4 : c0809080
[  167.122802] r3 : 7aa23cd6  r2 : 0020fc00  r1 : 00000017  r0 : 00000008
[  167.123352] Flags: nzcv  IRQs off  FIQs on  Mode SVC_32  ISA ARM  Segment user
[  167.123687] Control: 10c5787d  Table: 276b0019  DAC: 00000015
[  167.124206] 
[  167.124237] PC: 0xc00a5b30:
[  167.124786] 5b30  e1a02183 e1a01283 e0621001 e0631001 e5962000 e1a02f22 e1a00182 e1a03282
[  167.127777] 5b50  e0603003 e0623003 e1a03283 e1530281 1a000003 e1540006 83a05000 9a000003
[  167.130737] 5b70  ea000024 e3a03000 e5833000 eafffffd e3a05000 e59f908c e3a0b020 e1a08188
[  167.133514] 5b90  e3a0a001 e5943000 e3130702 02844020 0a000016 e594c00c e594201c e5943018
[  167.136474] 5bb0  e5832004 e5823000 e1a00004 e5a09018 e1a0210c e1a0320c e0623003 e06c3003
[  167.139221] 5bd0  e1a03103 e0883003 e0871003 e5b12020 e5820004 e5842018 e2833020 e0873003
[  167.141967] 5bf0  e584301c e5810000 e0844c1b e0855c1a e1540006 9affffe2 e1a00005 e8bd0ff0
[  167.144989] 5c10  e12fff1e c04f1644 00100100 e3a03001 e1a01113 e1510003 d12fff1e e1a02003
[  167.147979] 
[  167.148010] LR: 0xc00a6284:
[  167.148559] 6284  e58da01c e58d6018 e1a03184 e1a01100 e1a02200 e0612002 e0602002 e1a02102
[  167.151550] 62a4  e0833002 e0883003 e5933020 e2439018 e0882002 e5b23048 e2433001 e5823000
[  167.154296] 62c4  e59d1008 e3510001 13a03000 03a03001 e3560004 c3833001 e3530000 1a000003
[  167.157012] 62e4  e59f3178 e5933000 e3530000 0a00000e e1a00008 e1a01009 e59d2014 ebfffdee
[  167.160034] 6304  e3500c02 2a000004 e59f3150 e5933000 e3530000 059d4008 0a000003 e1a00009
[  167.163055] 6324  e59d1014 ebffff26 e59d4008 e599201c e5993018 e5832004 e5823000 e59f3110
[  167.166046] 6344  e5893018 e59f310c e589301c e5993000 e3c33702 e5893000 e3a03000 e589300c
[  167.168823] 6364  e59d2018 e3520009 da00000b e242200a e2833001 e1b03213 0a000007 e1a07003
[  167.171813] 
[  167.171844] SP: 0xc7723c20:
[  167.172393] 3c20  c7722000 c77053e0 00000035 c7e95c60 c0491338 c007cbb0 00000000 c7723c48
[  167.175415] 3c40  c0056fc4 ffffffff c7723c8c c0810fe0 c04b84c8 c0028aec 00000008 00000017
[  167.178405] 3c60  0020fc00 7aa23cd6 c0809080 00000000 c0810fe0 c04b84c8 00000000 00100100
[  167.181365] 3c80  00000001 00000020 1a180000 c7723ca0 c00a6304 c00a5bb0 00000093 ffffffff
[  167.184112] 3ca0  00000002 c038430c 00000005 c03842fc c04b84c8 c080e000 c04b85c4 00000000
[  167.187072] 3cc0  c7723d0c 00000000 00000000 00000000 c04b84e8 00000000 00000005 c04b85c4
[  167.190032] 3ce0  00000003 c080daf8 c7c02b60 00000008 c7c02b6c 60000013 c04b84c8 00000001
[  167.193023] 3d00  c04b8724 c00a86c8 00000041 c7705560 00000008 00000000 00000000 00000008
[  167.195770] 
[  167.195770] R4: 0xc0809000:
[  167.196563] 9000  574752e5 317e524f 20455341 7a110000 3ce93cd6 7a110005 78913cd6 0020fc00
[  167.199310] 9020  76006943 74006900 0f007900 002de200 002e0031 00730061 00000065 00000063
[  167.202301] 9040  61007002 61007400 0f006c00 006be200 00640078 002e0061 00000061 00740063
[  167.205261] 9060  6f006301 2e006d00 0f007100 0075e200 006f006f 00640072 0000002e 00610074
[  167.208282] 9080  514d4f43 317e4f55 20455341 1a180000 3ce93cd6 1a180005 7aa23cd6 0020fc00
[  167.210998] 90a0  64006e42 6f007200 0f006900 00641800 0031002d 0061002e 00000073 00630065
[  167.214019] 90c0  6f006301 2e006d00 0f007000 00611800 0064006e 0072006f 00000061 0061002e
[  167.217041] 90e0  504d4f43 317e4e41 20455341 0aeb0000 3d0b3ce5 0aeb0001 41483ce5 0020fc00
[  167.219757] 
[  167.219757] R6: 0xc0810f60:
[  167.220550] 0f60  40100028 00000001 00000000 00000000 c7ecdb31 00000003 c0810f58 c0810f98
[  167.223541] 0f80  40100028 00000020 0000001f 00000000 c7ecdb51 00000023 c0810f78 c0810fb8
[  167.226318] 0fa0  40100028 00000001 00000000 00000000 c7ecdb49 00000023 c0810f98 c0810fd8
[  167.229278] 0fc0  40100028 00000001 00000000 00000000 c7ecdb41 00000023 c0810fb8 c0810ff8
[  167.232238] 0fe0  40100028 00000001 00000000 00000000 c7ecdb29 0000000e c0810fd8 c07292f8
[  167.234985] 1000  40020028 00000001 ffffffff 00000000 c7abceec 0000005f c081f8f8 c081f918
[  167.237976] 1020  40020028 00000001 ffffffff 00000000 c7a882ac 0000005c c0813e98 c0811058
[  167.240966] 1040  40020028 00000001 ffffffff 00000000 c7a882ac 0000005d c0811038 c0811078
[  167.243957] 
[  167.243957] R7: 0xc04b8448:
[  167.244537] 8448  0000000f 000016e3 00001ebe 00000563 00000000 00000000 000016df 00000157
[  167.247497] 8468  00002434 00000000 00000000 000003fb 0000154e 00000bc4 00000244 00000000
[  167.250244] 8488  00000000 00000000 00000000 00000000 00000000 00000013 0000000a 00000001
[  167.253234] 84a8  c0979020 00000080 00000007 c04b81e8 00020000 00008000 00007f00 c0416638
[  167.256225] 84c8  00000043 00000103 000001c3 00000000 00000000 00000000 c7c02b60 00000000
[  167.259216] 84e8  c04b84e8 c04b84e8 c04b84f0 c04b84f0 c080d938 c080e5d8 c0680098 c067ff18
[  167.261962] 8508  c04b8508 c04b8508 00000066 c04b8514 c04b8514 c04b851c c04b851c c080d958
[  167.264709] 8528  c080e598 c06800d8 c0680698 c04b8534 c04b8534 00000027 c04b8540 c04b8540
[  167.267700] Process SurfaceFlinger (pid: 128, stack limit = 0xc77222f0)
[  167.268005] Stack: (0xc7723ca0 to 0xc7724000)
[  167.268554] 3ca0: 00000002 c038430c 00000005 c03842fc c04b84c8 c080e000 c04b85c4 00000000
[  167.268890] 3cc0: c7723d0c 00000000 00000000 00000000 c04b84e8 00000000 00000005 c04b85c4
[  167.269470] 3ce0: 00000003 c080daf8 c7c02b60 00000008 c7c02b6c 60000013 c04b84c8 00000001
[  167.270050] 3d00: c04b8724 c00a86c8 00000041 c7705560 00000008 00000000 00000000 00000008
[  167.270629] 3d20: 00000000 00000000 00000000 000280d2 00000001 00000000 00000001 00000001
[  167.270935] 3d40: c7722000 c7722000 c7722000 ffffffff 0000000f 00000047 c7722000 c7722000
[  167.271514] 3d60: c7722000 c04b8a8c c0491338 c04b84c8 00000000 000080d2 000080d2 00000001
[  167.272094] 3d80: c04b8a88 00000000 00000000 00000000 c04b8a8c c00a8ba8 00000001 00000041
[  167.272644] 3da0: c04b84c8 00000000 c7722000 c7722000 c7722000 c7722000 c7722000 c7722000
[  167.272979] 3dc0: c7722000 000280d2 00000001 c04ddbe0 c7723dfc ffffce46 c6d883ac c6d883a0
[  167.273559] 3de0: 00010fff ffffc000 f8000000 c00c3824 c61f5a00 c962c000 c8800000 c00c4544
[  167.274139] 3e00: c8810fff c8811000 00003fff 00003fff c6d883a0 c04b84c8 c7722000 00000004
[  167.274475] 3e20: c61f5a00 000080d2 00000000 c04b8a88 000000cf ffffffff 00010000 c00c4d3c
[  167.275054] 3e40: 00010000 c00c4680 ffffffff c6d884e0 000080d2 000000cf c52d53a0 c7519980
[  167.275634] 3e60: 00010000 4530dccc 4520e000 c00c4e40 c01c41d4 ffffffff 000080d2 c01c41d4
[  167.276214] 3e80: 4530dccc c00c0923 c6ee79c0 c00c4f5c ffffffff c01c41d4 c00c0923 c01c41d4
[  167.276550] 3ea0: c6ee79c0 c7e95c60 00000010 c6ee79c0 00000000 47edf000 00000001 c00b43d4
[  167.277130] 3ec0: c6ee79c0 c6ee79c0 c54bd7ec c00bd510 c7e95c60 c00bdf18 c6132b90 c00b2110
[  167.277709] 3ee0: 47eef000 4530dccc c771dbe0 c771dbe0 c00c0923 4530dccc c7722000 4520e000
[  167.278289] 3f00: 00134658 c00da0fc 4530dccc c771dbe0 4530dccc c771dbe0 c0029144 c00da854
[  167.278625] 3f20: c6132b94 c6132b78 00000007 47edf000 00010000 00000003 c7e95c60 00000000
[  167.279174] 3f40: 00000007 00000010 000000ff 80000013 002000ff c7722000 47edf000 00000000
[  167.279754] 3f60: 00000000 0000001d c00c0923 4530dccc c771dbe0 c0029144 c7722000 4520e000
[  167.280090] 3f80: 00134658 c00da8e0 4530dd18 00000001 00000000 4530dd54 a2e080d0 00010000
[  167.280670] 3fa0: 00000036 c0028fc0 4530dd54 a2e080d0 0000001d c00c0923 4530dccc 4530dcb4
[  167.281250] 3fc0: 4530dd54 a2e080d0 00010000 00000036 00000000 a811c319 4520e000 00134658
[  167.281829] 3fe0: a2e080e0 4530dc98 afd231dd afd0de0c 00000010 0000001d 2097c021 2097c421
[  167.282165] [<c00a5bb0>] (move_freepages_block+0xf0/0x15c) from [<c7723d0c>] (0xc7723d0c)
[  167.282745] Code: 0a000016 e594c00c e594201c e5943018 (e5832004) 
[  167.283508] ---[ end trace 1b75b31a2719ed1f ]---
[  167.283782] Kernel panic - not syncing: Fatal exception
[  167.284332] Rebooting in 5 seconds..
[  172.264282] Restarting Linux version 2.6.35-cyanogenmod+ (root@pershoot-ubuntu) (gcc version 4.3.1 (GCC) ) #18 PREEMPT Wed Aug 11 00:54:35 EDT 2010
[  172.264343] 

No errors detected
