[    0.000000] Initializing cgroup subsys cpu
[    0.000000] Linux version 2.6.29-disco-unstable (joao@joao-u) (gcc version 4.4.0 (GCC) ) #1 PREEMPT Thu Feb 4 18:04:15 WET 2010
[    0.000000] CPU: ARMv7 Processor [510f00f2] revision 2 (ARMv7), cr=10c5387f
[    0.000000] CPU: VIPT nonaliasing data cache, VIVT ASID tagged instruction cache
[    0.000000] Machine: salsa
[    0.000000] Partition (from atag) misc -- Offset:1c3 Size:5
[    0.000000] Partition (from atag) recovery -- Offset:1c8 Size:28
[    0.000000] Partition (from atag) boot -- Offset:1f0 Size:28
[    0.000000] Partition (from atag) system -- Offset:218 Size:400
[    0.000000] Partition (from atag) userdata -- Offset:618 Size:606
[    0.000000] Partition (from atag) cache -- Offset:c1e Size:2db
[    0.000000] Partition (from atag) dinfo -- Offset:ef9 Size:2
[    0.000000] Partition (from atag) setupdata -- Offset:efb Size:3
[    0.000000] Memory policy: ECC disabled, Data cache writeback
[    0.000000] On node 0 totalpages: 59392
[    0.000000] free_area_init_node: node 0, pgdat 804929c8, node_mem_map 80939000
[    0.000000]   Normal zone: 464 pages used for memmap
[    0.000000]   Normal zone: 0 pages reserved
[    0.000000]   Normal zone: 58928 pages, LIFO batch:15
[    0.000000] allocating 2097152 bytes at 80c00000 (20c00000 physical) for kernel ebi1 pmem arena
[    0.000000] allocating 23068672 bytes at 80e00000 (20e00000 physical) for mdp pmem arena
[    0.000000] allocating 42991616 bytes at 8402c000 (2402c000 physical) for adsp pmem arena
[    0.000000] allocating 8388608 bytes at 86a00000 (26a00000 physical) for gpu1 pmem arena
[    0.000000] using 5242880 bytes of SMI at 2b00000 physical for fb
[    0.000000] allocating 524288 bytes at 8692c000 (2692c000 physical) for audio
[    0.000000] Built 1 zonelists in Zone order, mobility grouping on.  Total pages: 58928
[    0.000000] Kernel command line: console=tty0 boot_delay=50
[    0.000000] boot_delay: 50, preset_lpj: 0, lpj: 1000000, HZ: 100, printk_delay_msec: 100000
[    0.000000] PID hash table entries: 1024 (order: 10, 4096 bytes)
[    0.050046] Console: colour dummy device 80x30
[    0.170100] console [tty0] enabled
[    0.230133] Lock dependency validator: Copyright (c) 2006 Red Hat, Inc., Ingo Molnar
[    0.290160] ... MAX_LOCKDEP_SUBCLASSES:  8
[    0.350186] ... MAX_LOCK_DEPTH:          48
[    0.410220] ... MAX_LOCKDEP_KEYS:        8191
[    0.470246] ... CLASSHASH_SIZE:          4096
[    0.530273] ... MAX_LOCKDEP_ENTRIES:     8192
[    0.590306] ... MAX_LOCKDEP_CHAINS:      16384
[    0.650333] ... CHAINHASH_SIZE:          8192
[    0.710360]  memory used by lock dependency info: 2399 kB
[    0.770393]  per task-struct memory footprint: 1152 bytes
[    0.830420] Dentry cache hash table entries: 32768 (order: 5, 131072 bytes)
[    0.890453] Inode-cache hash table entries: 16384 (order: 4, 65536 bytes)
[    0.960553] Memory: 232MB = 232MB total
[    1.140646] Memory: 150400KB available (4272K code, 4986K data, 140K init)
[    1.200686] Calibrating delay loop... 511.18 BogoMIPS (lpj=2555904)
[    1.560860] Mount-cache hash table entries: 512
[    1.620913] Initializing cgroup subsys debug
[    1.680940] Initializing cgroup subsys cpuacct
[    1.740966] Initializing cgroup subsys freezer
[    1.801000] CPU: Testing write buffer coherency: ok
[    1.921126] khelper used greatest stack depth: 6376 bytes left
[    1.981206] net_namespace: 672 bytes
[    2.041306] NET: Registered protocol family 16
[    2.101380] khelper used greatest stack depth: 6312 bytes left
[    2.161446] socinfo_init: v2, id=36, ver=2.0, raw_id=576, raw_ver=2
[    2.221486] Max ACPU freq from efuse data is 768000 KHz
[    2.281540] ACPU running at 768000 KHz
[    2.341580] 4 scaling frequencies supported.
[    2.411693] Bluetooth power switch: initialized
[    2.571806] AVR gpio init done.
[    2.731920] Yamaha MS-3C gpio init done.
[    2.832146] bio: create slab <bio-0> at 0
[    2.892220] msm_i2c_probe
[    2.952273] msm_i2c_probe: clk_ctl 35d, 100000 Hz
[    3.022386] Bluetooth: Core ver 2.15
[    3.082453] NET: Registered protocol family 31
[    3.142500] Bluetooth: HCI device and connection manager initialized
[    3.202546] Bluetooth: HCI socket layer initialized
[    3.323300] Switched to high resolution mode on CPU 0
[    3.323466] NET: Registered protocol family 2
[    3.382580] IP route cache hash table entries: 2048 (order: 1, 8192 bytes)
[    3.442586] TCP established hash table entries: 8192 (order: 4, 65536 bytes)
[    3.502579] TCP bind hash table entries: 8192 (order: 6, 262144 bytes)
[    3.562573] TCP: Hash tables configured (established 8192 bind 8192)
[    3.622573] TCP reno registered
[    3.682573] NET: Registered protocol family 1
[    3.742573] checking if image is initramfs... it is
[    3.892586] Freeing initrd memory: 172K
[    3.972586] khelper used greatest stack depth: 5940 bytes left
[    4.092573] SMD Control Port Driver Initialized.
[    4.092826] smd_alloc_channel: cid 41 does not exist
[    4.152586] smd_alloc_channel: cid 47 does not exist
[    4.212579] Using very old AMSS modem firmware.
[    4.272573] Using very old AMSS modem firmware.
[    4.362573] [BATT] probe done
[    4.422573] [VIBRATOR]Init Done
[    4.492573] [FM2018] Probe!!
[    4.654213] i2c error: STATUS_ERROR_MASK
[    4.769653] msm_i2c msm_i2c.0: (0xc0) error, status c8
[    4.822579] msm_i2c msm_i2c.0: (0x0) Error during data xfer (-5)
[    4.882573] [FM2018] i2c_write --> Send reg. info error
[    5.013686] i2c error: STATUS_ERROR_MASK
[    5.124413] msm_i2c msm_i2c.0: (0xc0) error, status 83c8
[    5.182579] msm_i2c msm_i2c.0: (0x0) Error during data xfer (-5)
[    5.242573] [FM2018] i2c_write --> Send reg. info error
[    5.452573] [FM2018] probe done
[    5.512573] [FM2018] fm2018-380 device init ok!
[    5.592573] [TPA2018] probe done
[    5.652573] [TPA2018] tpa2018 device init ok!
[    5.712573] [ACER-HS]: Registering ACER headset driver
[    5.772579] input: acer-hs-butt as /devices/virtual/input/input0
[    5.832573] [HS-BUTT] Probe done
[    5.902573] ashmem: initialized
[    5.962579] fuse init (API version 7.11)
[    6.022573] yaffs Feb  4 2010 18:02:17 Installing. 
[    6.082573] msgmni has been set to 294
[    6.142573] alg: No test for stdrng (krng)
[    6.202573] io scheduler noop registered
[    6.262573] io scheduler anticipatory registered (default)
[    6.322573] msm_fb_probe:  phy_Addr = 0x2b00000 virt = 0x8f800000
[    6.382579] MDP HW Base phy_Address = 0xaa200000 virt = 0x8f200000
[    7.042579] Console: switching to colour frame buffer device 60x50
[    7.172599] FrameBuffer[0] 480x800 size=1536000 bytes is registered successfully!
[    7.232573] load_565rle_image: Can not open /initlogo.rle
[    7.292573] Registered led device: lcd-backlight
[    7.392573] diagfwd initializing ..
[    7.452579] diag opened SMD port ; r = 0
[    7.512573] diag opened SMD port ; r = 0
[    7.572593] diagchar initializing ..
[    7.632573] diagchar initialized
[    7.692579] [drm] Initialized drm 1.1.0 20060810
[    7.752573] msm_serial: detected port #2
[    7.812579] msm_serial.2: ttyMSM2 at MMIO 0xa9c00000 (irq = 231) is a MSM
[    7.872573] msm_serial: driver initialized
[    7.932579] msm_serial_hs.0: ttyHS0 at MMIO 0xa0200000 (irq = 44) is a MSM HS UART
[    7.992586] msm_serial_hs.1: ttyHS1 at MMIO 0xa0900000 (irq = 52) is a MSM HS UART
[    8.052573] msm_serial_hs module loaded
[    8.122573] brd: module loaded
[    8.192573] loop: module loaded
[    8.252573] pmem: 1 init
[    8.312573] pmem_adsp: 0 init
[    8.372599] pmem_gpu0: 0 init
[    8.432573] pmem_gpu1: 0 init
[    8.492573] TPS65023: PMIC probed.
[    8.552573] PPP generic driver version 2.4.2
[    8.612573] PPP Deflate Compression module registered
[    8.672573] PPP BSD Compression module registered
[    8.732573] PPP MPPE Compression module registered
[    8.792573] NET: Registered protocol family 24
[    8.852579] SLIP: version 0.8.4-NET3.019-NEWTTY (dynamic channels, max=256) (6 bit encapsulation enabled).
[    8.912573] CSLIP: code copyright 1989 Regents of the University of California.
[    8.972599] wifi_power_probe
[    9.132579] wifi_set_carddetect: 0
[    9.192573] Wifi Power OFF
[    9.252573] rmnet0 (): not using net_device_ops yet
[    9.312579] rmnet1 (): not using net_device_ops yet
[    9.372593] rmnet2 (): not using net_device_ops yet
[    9.432573] Linux video capture interface: v2.00
[    9.772593] [CAM]mt9p012 sensor detected,model_id = = 0x2801
[    9.889566] i2c error: STATUS_ERROR_MASK
[   10.002813] msm_i2c msm_i2c.0: (0x6c) error, status 63c8
[   10.062573] msm_i2c msm_i2c.0: (0x0) Error during data xfer (-5)
[   10.122573] mt9p012_i2c_txdata failed
[   10.182573] i2c_write_w failed, addr = 0x301a, val = 0x10cc!
[   10.242573] enable parallel interface failed. rc = -5
[   10.302573] msm_camera: failed to initialize mt9p012
[   10.362573] msm_camera_mt9p012: probe of msm_camera_mt9p012. failed with error -5
[   10.422579] msm_nand: phys addr 0xa0a00000 dmac 0x7
[   10.482573] allocated dma buffer at ffa06000, dma_addr 2d8b5000
[   10.542573] ONFI probe : Found a nonONFI Compliant device 
[   10.602593] status: c00020
[   10.662573] nandid: 5501bcec maker ec device bc
[   10.722573] Found a supported NAND device
[   10.782573] NAND Id  : 0x5501bcec
[   10.842573] Buswidth : 16 Bits 
[   10.902573] Density  : 512 MByte
[   10.962573] Pagesize : 2048 Bytes
[   11.022573] Erasesize: 131072 Bytes
[   11.082573] Oobsize  : 64 Bytes
[   11.142573] CFG0 Init  : 0xe85408c0 
[   11.202579] CFG1 Init  : 0x0004745e 
[   11.262573] ECCBUFCFG  : 0x00000203 
[   11.322573] Creating 8 MTD partitions on "msm_nand":
[   11.382573] 0x000003860000-0x000003900000 : "misc"
[   11.442579] 0x000003900000-0x000003e00000 : "recovery"
[   11.502579] 0x000003e00000-0x000004300000 : "boot"
[   11.562579] 0x000004300000-0x00000c300000 : "system"
[   11.622579] 0x00000c300000-0x0000183c0000 : "userdata"
[   11.682579] 0x0000183c0000-0x00001df20000 : "cache"
[   11.742579] 0x00001df20000-0x00001df60000 : "dinfo"
[   11.822586] 0x00001df60000-0x00001dfc0000 : "setupdata"
[   11.882579] msm_hsusb_rpc_connect: rpc connect success vers = 10001
[   11.942579] usb_set_composition: composition set to product id = 3203
[   12.002599] phy info:(513)
[   12.062579] usb_probe() io=8f020000, irq=58, dma=ffa07000(2d8d5000)
[   12.122573] Created the sysfs entry successfully 
[   12.182579] usb_function_register: name = 'adb',  map = 1
[   12.242579] usb_function_register: name = 'mass_storage',  map = 4
[   12.302579] usb_function_register: name = 'diag',  map = 0
[   12.362579] usb_function_register: name = 'modem',  map = 2
[   12.422579] usb_function_register: name = 'nmea',  map = 3
[   12.482573] usb_set_composition: composition set to product id = 3203
[   12.542579] msm_hsusb_is_serial_num_null: rpc call success
[   12.602593] msm_hsusb_send_productID: rpc call success
[   12.662573] msm_hsusb: functions bound. starting.
[   12.722573] usb_bind_func() (diag)
[   12.782573] usb_bind_func() (modem)
[   12.842573] usb_bind_func() (nmea)
[   12.902573] usb_bind_func() (mass_storage)
[   12.962573] usb_start: pm_app_rpc connect failed
[   13.022579] input: auo-touch as /devices/virtual/input/input1
[   13.082579] msm_i2c msm_i2c.0: (0xb8) Status(0x0) Warning bus was busy (74)
[   13.142573] [TS] version = 501
[   13.202586] [TS] probe done
[   13.262573] RTC Registering with rs30000048:00010000
[   13.322579] msm_rtc: dev (254:0)
[   13.382579] rs30000048:00010000 rs30000048:00010000: rtc core: registered msm_rtc as rtc0
[   13.442579] msm_rtc_secure: dev (254:1)
[   13.502573] rs30000048:00010000 rs30000048:00010000: rtc core: registered msm_rtc_secure as rtc1
[   13.562573] i2c /dev entries driver
[   13.622573] [BMA150] BMA150 init
[   13.682579] 
[   13.682586] *********** Charger Type: HOST PC
[   13.682593] 
[   13.742573] hsusb: IDLE -> ONLINE
[   13.856333] hsusb resume: speed = HIGH
[   13.970046] hsusb reset interrupt
[   14.083713] hsusb suspend interrupt
[   14.152573] [BMA150] probe done
[   14.212573] [ISL] ISL29018 init
[   14.282593] [ISL] probe done
[   14.342579] input: avr as /devices/virtual/input/input2
[   14.402579] [AVR] Firmware ver=0x38
[   14.462573] Bluetooth: HCI UART driver ver 2.2
[   14.522573] Bluetooth: HCI H4 protocol initialized
[   14.582573] Bluetooth: MSM Sleep Mode Driver Ver 1.1
[   14.642573] bluetooth_power_init
[   14.702573] bt_power_probe
[   14.816519] msmsdcc_platform_status_irq: 101
[   14.927219] mmc0: Slot status change detected (0 -> 1)
[   14.982579] mmc0: Qualcomm MSM SDCC at 0x00000000a0300000 irq 24,101 dma 8
[   15.042573] mmc0: 4 bit data mode enabled
[   15.102573] mmc0: polling status mode disabled
[   15.162573] mmc0: MMC clock 144000 -> 45000000 Hz, PCLK 64000000 Hz
[   15.222573] mmc0: Slot eject status = 0
[   15.282573] mmc0: Power save feature enable = 1
[   15.342579] mmc0: DM non-cached buffer at ffa09000, dma_addr 0x2d804000
[   15.402573] mmc0: DM cmd busaddr 0x2d804000, cmdptr busaddr 0x2d804300
[   15.462579] mmc1: Qualcomm MSM SDCC at 0x00000000a0400000 irq 26,0 dma 8
[   15.522593] mmc1: 4 bit data mode enabled
[   15.582579] mmc1: polling status mode disabled
[   15.642573] mmc1: MMC clock 144000 -> 45000000 Hz, PCLK 64000000 Hz
[   15.702573] mmc1: Slot eject status = 0
[   15.762573] mmc1: Power save feature enable = 1
[   15.822573] mmc1: DM non-cached buffer at ffa0a000, dma_addr 0x2d805000
[   15.882573] mmc1: DM cmd busaddr 0x2d805000, cmdptr busaddr 0x2d805300
[   16.012579] logger: created 64K log 'log_main'
[   16.072579] logger: created 256K log 'log_events'
[   16.132579] logger: created 64K log 'log_radio'
[   16.202579] Advanced Linux Sound Architecture Driver Version 1.0.18a.
[   16.262579] No device for DAI CODEC_DAI
[   16.322599] No device for DAI CPU_DAI
[   16.382573] msm_soc: create pcms
[   16.442579] asoc: CODEC_DAI <-> CPU_DAI mapping ok
[   16.502573] ALSA device list:
[   16.562573]   #0: qsd-audio (MSM-CARD)
[   16.622573] TCP cubic registered
[   16.682573] NET: Registered protocol family 17
[   16.742579] NET: Registered protocol family 15
[   16.802573] Bluetooth: L2CAP ver 2.13
[   16.862573] Bluetooth: L2CAP socket layer initialized
[   16.922579] Bluetooth: SCO (Voice Link) ver 0.6
[   16.982573] Bluetooth: SCO socket layer initialized
[   17.042573] Bluetooth: RFCOMM socket layer initialized
[   17.102573] Bluetooth: RFCOMM TTY layer initialized
[   17.162573] Bluetooth: RFCOMM ver 1.11
[   17.222573] Bluetooth: BNEP (Ethernet Emulation) ver 1.3
[   17.282573] Bluetooth: BNEP filters: protocol multicast
[   17.342573] Bluetooth: HIDP (Human Interface Emulation) ver 1.2
[   17.402579] RPC: Registered udp transport module.
[   17.462573] RPC: Registered tcp transport module.
[   17.522586] clock_late_init() disabled 22 unused clocks
[   17.582579] VFP support v0.3: implementor 51 architecture 0 part 0f variant 0 rev 1
[   17.775299] 
[   17.775306] =======================================================
[   17.893999] [ INFO: possible circular locking dependency detected ]
[   18.010019] 2.6.29-disco-unstable #1
[   18.123406] -------------------------------------------------------
[   18.239479] swapper/1 is trying to acquire lock:
[   18.352879]  (&host->lock#2){+...}, at: [<80257ef0>] msmsdcc_dma_complete_func+0x28/0x214
[   18.911913] 
[   18.911919] but task is already holding lock:
[   19.027973]  (msm_dmov_lock){++..}, at: [<80035668>] msm_datamover_irq_handler+0x1c/0x520
[   19.476133] 
[   19.476139] which lock already depends on the new lock.
[   19.476146] 
[   19.595059] 
[   19.595066] the existing dependency chain (in reverse order) is:
[   19.713779] 
[   19.713786] -> #1 (msm_dmov_lock){++..}:
[   20.161913]        [<80096324>] __lock_acquire+0x13f0/0x17ac
[   20.388759]        [<80096744>] lock_acquire+0x64/0x78
[   20.612973]        [<80326f20>] _spin_lock_irqsave+0x54/0x68
[   20.839986]        [<80035bcc>] msm_dmov_enqueue_cmd+0x1c/0x1c4
[   21.067113]        [<80256c08>] msmsdcc_start_data+0x334/0x37c
[   21.294373]        [<80257e1c>] msmsdcc_request+0x110/0x1bc
[   21.521726]        [<8024f54c>] mmc_wait_for_req+0x154/0x16c
[   21.749226]        [<80251cb0>] mmc_sd_switch+0x104/0x11c
[   21.973766]        [<80251684>] mmc_sd_init_card+0x478/0x6ac
[   22.201346]        [<802519ac>] mmc_attach_sd+0xf4/0x170
[   22.425859]        [<8024f364>] mmc_rescan+0x21c/0x2b0
[   22.650413]        [<8007fd60>] run_workqueue+0x11c/0x218
[   22.874979]        [<800802bc>] worker_thread+0x108/0x11c
[   23.099506]        [<80084274>] kthread+0x5c/0x98
[   23.324013]        [<80071aa0>] do_exit+0x0/0x7ec
[   23.548506]        [<ffffffff>] 0xffffffff
[   23.772953] 
[   23.772959] -> #0 (&host->lock#2){+...}:
[   24.332359]        [<80095eb8>] __lock_acquire+0xf84/0x17ac
[   24.559726]        [<80096744>] lock_acquire+0x64/0x78
[   24.784126]        [<80326f20>] _spin_lock_irqsave+0x54/0x68
[   25.011399]        [<80257ef0>] msmsdcc_dma_complete_func+0x28/0x214
[   25.238679]        [<8003583c>] msm_datamover_irq_handler+0x1f0/0x520
[   25.466039]        [<800a7128>] handle_IRQ_event+0x2c/0x68
[   25.693379]        [<800a8604>] handle_level_irq+0xb4/0x11c
[   25.920793]        [<8002b054>] __exception_text_start+0x54/0x6c
[   26.148333]        [<8002bad0>] __irq_svc+0x50/0x94
[   26.372846]        [<803237cc>] printk+0x28/0x30
[   26.597333]        [<801e5c5c>] drm_platform_init+0xc8/0xf4
[   26.824906]        [<801de6b4>] drm_init+0x28/0x34
[   27.049426]        [<801da6b8>] kgsl_drm_init+0x24/0x2c
[   27.273926]        [<803231c0>] kgsl_platform_probe+0x264/0x2d0
[   27.501466]        [<801f51cc>] platform_drv_probe+0x20/0x24
[   27.728973]        [<801f442c>] driver_probe_device+0xd0/0x178
[   27.956559]        [<801f453c>] __driver_attach+0x68/0x8c
[   28.181059]        [<801f3ca4>] bus_for_each_dev+0x50/0x8c
[   28.408506]        [<801f4274>] driver_attach+0x20/0x28
[   28.632973]        [<801f35c8>] bus_add_driver+0xa8/0x208
[   28.857413]        [<801f4768>] driver_register+0x98/0x120
[   29.084793]        [<801f5648>] platform_driver_register+0x6c/0x88
[   29.312199]        [<8001dd78>] kgsl_mod_init+0x14/0x1c
[   29.536706]        [<8002b3ac>] __exception_text_end+0x5c/0x198
[   29.764213]        [<800085a4>] kernel_init+0x8c/0xfc
[   29.988746]        [<80071aa0>] do_exit+0x0/0x7ec
[   30.213293]        [<ffffffff>] 0xffffffff
[   30.437786] 
[   30.437793] other info that might help us debug this:
[   30.437799] 
[   30.557786] 1 lock held by swapper/1:
[   30.671559]  #0:  (msm_dmov_lock){++..}, at: [<80035668>] msm_datamover_irq_handler+0x1c/0x520
[   31.231253] 
[   31.231253] stack backtrace:
[   31.348013] [<8032362c>] (dump_stack+0x0/0x14) from [<80094aec>] (print_circular_bug_tail+0xe4/0x10c)
[   31.796953] [<80094a08>] (print_circular_bug_tail+0x0/0x10c) from [<80095eb8>] (__lock_acquire+0xf84/0x17ac)
[   32.249186]  r6:804ea038 r5:8e01e478 r4:8e01e020
[   32.704813] [<80094f34>] (__lock_acquire+0x0/0x17ac) from [<80096744>] (lock_acquire+0x64/0x78)
[   33.153786] [<800966e0>] (lock_acquire+0x0/0x78) from [<80326f20>] (_spin_lock_irqsave+0x54/0x68)
[   33.606059]  r7:8e3d76e4 r6:80257ef0 r5:a0000093 r4:8e3d76e4
[   34.178799] [<80326ecc>] (_spin_lock_irqsave+0x0/0x68) from [<80257ef0>] (msmsdcc_dma_complete_func+0x28/0x214)
[   34.631286]  r6:00000000 r5:00000008 r4:8e3d7660
[   35.087066] [<80257ec8>] (msmsdcc_dma_complete_func+0x0/0x214) from [<8003583c>] (msm_datamover_irq_handler+0x1f0/0x520)
[   35.539673] [<8003564c>] (msm_datamover_irq_handler+0x0/0x520) from [<800a7128>] (handle_IRQ_event+0x2c/0x68)
[   35.989139] [<800a70fc>] (handle_IRQ_event+0x0/0x68) from [<800a8604>] (handle_level_irq+0xb4/0x11c)
[   36.441873]  r7:8e1d6d40 r6:8046e8f0 r5:00000015 r4:8046e8bc
[   37.015019] [<800a8550>] (handle_level_irq+0x0/0x11c) from [<8002b054>] (__exception_text_start+0x54/0x6c)
[   37.467879]  r7:00000002 r6:8041e4ec r5:00000000 r4:00000015
[   38.041226] [<8002b000>] (__exception_text_start+0x0/0x6c) from [<8002bad0>] (__irq_svc+0x50/0x94)
[   38.490979] Exception stack(0x8e021ce0 to 0x8e021d28)
[   38.605173] 1ce0: ffffffff 00497563 00000000 00000004 00497563 00000000 8041e4ec ffff91bb 
[   39.719126] 1d00: 8e021dd4 00000000 8046c0a8 8e021db4 8e021d28 8e021d28 8006f020 8006f004 
[   40.833106] 1d20: 20000013 ffffffff                                                       
[   41.950359]  r5:e0000000 r4:ffffffff
[   42.292466] [<8006ef90>] (vprintk+0x0/0x460) from [<803237cc>] (printk+0x28/0x30)
[   42.742419] [<803237a4>] (printk+0x0/0x30) from [<801e5c5c>] (drm_platform_init+0xc8/0xf4)
[   43.195706]  r3:00000000 r2:00000002 r1:803fd213 r0:8041e4ec
[   43.769473] [<801e5b94>] (drm_platform_init+0x0/0xf4) from [<801de6b4>] (drm_init+0x28/0x34)
[   44.222973]  r6:80469890 r5:804849a8 r4:00000000
[   44.679226] [<801de68c>] (drm_init+0x0/0x34) from [<801da6b8>] (kgsl_drm_init+0x24/0x2c)
[   45.129433] [<801da694>] (kgsl_drm_init+0x0/0x2c) from [<803231c0>] (kgsl_platform_probe+0x264/0x2d0)
[   45.579666] [<80322f5c>] (kgsl_platform_probe+0x0/0x2d0) from [<801f51cc>] (platform_drv_probe+0x20/0x24)
[   46.033166]  r8:00000000 r7:8048504c r6:8048504c r5:80469898 r4:00000001
[   46.720999] [<801f51ac>] (platform_drv_probe+0x0/0x24) from [<801f442c>] (driver_probe_device+0xd0/0x178)
[   47.171226] [<801f435c>] (driver_probe_device+0x0/0x178) from [<801f453c>] (__driver_attach+0x68/0x8c)
[   47.624753]  r7:00000000 r6:8048504c r5:8046993c r4:80469898
[   48.198739] [<801f44d4>] (__driver_attach+0x0/0x8c) from [<801f3ca4>] (bus_for_each_dev+0x50/0x8c)
[   48.652266]  r7:00000000 r6:801f44d4 r5:8e021eb0 r4:8048504c
[   49.226206] [<801f3c54>] (bus_for_each_dev+0x0/0x8c) from [<801f4274>] (driver_attach+0x20/0x28)
[   49.679733]  r7:00000000 r6:804875e8 r5:8d814be0 r4:8048504c
[   50.253606] [<801f4254>] (driver_attach+0x0/0x28) from [<801f35c8>] (bus_add_driver+0xa8/0x208)
[   50.703873] [<801f3520>] (bus_add_driver+0x0/0x208) from [<801f4768>] (driver_register+0x98/0x120)
[   51.157419]  r8:00000000 r7:00000001 r6:00000000 r5:8001dd64 r4:8048504c
[   51.845319] [<801f46d0>] (driver_register+0x0/0x120) from [<801f5648>] (platform_driver_register+0x6c/0x88)
[   52.298899]  r9:00000000 r8:00000000 r7:00000001 r6:00000000 r5:8001dd64
[   52.872499] r4:80027790
[   53.104519] [<801f55dc>] (platform_driver_register+0x0/0x88) from [<8001dd78>] (kgsl_mod_init+0x14/0x1c)
[   53.554859] [<8001dd64>] (kgsl_mod_init+0x0/0x1c) from [<8002b3ac>] (__exception_text_end+0x5c/0x198)
[   54.005273] [<8002b350>] (__exception_text_end+0x0/0x198) from [<800085a4>] (kernel_init+0x8c/0xfc)
[   54.458959]  r9:00000000 r8:00000000 r7:00000000 r6:00000000 r5:800277a4
[   55.032566] r4:80027790
[   55.264693] [<80008518>] (kernel_init+0x0/0xfc) from [<80071aa0>] (do_exit+0x0/0x7ec)
[   55.718319]  r5:00000000 r4:00000000
[   56.060653] hsusb resume: speed = FULL
[   56.175086] hsusb reset interrupt
[   56.289439] hsusb suspend interrupt
[   56.404139] hsusb resume: speed = FULL
[   56.518419] hsusb reset interrupt
[   56.521986] [drm] Initialized kgsl 2.0.0 20090810 on minor 0
[   56.583086] mmc0: host does not support reading read-only switch. assuming write-enable.
[   56.642599] mmc0: new SD card at address aaaa
[   56.702613] mmcblk0: mmc0:aaaa SU02G 1.84 GiB 
[   56.762606]  mmcblk0:<6>msm_v4l2: msm_v4l2_init
[   56.882606]  p1
[   57.002619] rs30000048:00010000 rs30000048:00010000: setting system clock to 2010-02-04 18:13:00 UTC (1265307180)
[   57.062606] Freeing init memory: 140K
[   57.382359] init: cannot open '/initlogo.rle'
[   57.470733] yaffs: dev is 32505859 name is "mtdblock3"
[   57.476253] yaffs: passed flags ""
[   57.478926] yaffs: Attempting MTD mount on 31.3, "mtdblock3"
[   57.601479] yaffs: restored from checkpoint
[   57.604273] yaffs_read_super: isCheckpointed 1
[   57.607373] yaffs: dev is 32505860 name is "mtdblock4"
[   57.610073] yaffs: passed flags ""
[   57.612739] yaffs: Attempting MTD mount on 31.4, "mtdblock4"
[   57.741646] yaffs: restored from checkpoint
[   57.748466] yaffs_read_super: isCheckpointed 0
[   57.753706] yaffs: dev is 32505861 name is "mtdblock5"
[   57.756979] yaffs: passed flags ""
[   57.760126] yaffs: Attempting MTD mount on 31.5, "mtdblock5"
[   57.774653] yaffs: restored from checkpoint
[   57.777913] yaffs_read_super: isCheckpointed 1
[   57.978906] init: cannot find '/system/etc/install-recovery.sh', disabling 'flash_recovery'
[   58.038866] mount used greatest stack depth: 4988 bytes left
[   58.210839] enabling adb function
[   58.214446] usb_function_enable: name = adb, enable = 1
[   58.524253] usb_set_composition: composition set to product id = 3202
[   58.532073] msm_hsusb_is_serial_num_null: rpc call success
[   58.540379] msm_hsusb_send_productID: rpc call success
[   58.554886] save exit: isCheckpointed 1
[   58.644986] wifibtap used greatest stack depth: 4960 bytes left
[   58.779659] 
[   58.779666] *********** Charger Type: HOST PC
[   58.779679] 
[   58.790233] hsusb: IDLE -> ONLINE
[   58.793819] hsusb suspend interrupt
[   58.881353] hsusb reset interrupt
[   58.885113] hsusb resume: speed = HIGH
[   58.996426] hsusb reset interrupt
[   59.000179] hsusb resume: speed = HIGH
[   59.136033] hsusb set_configuration wValue = 1 usbcmd = 80001
[   59.145713] usb_mass_storage usb_mass_storage: config #1
[   64.231346] warning: `app_process' uses 32-bit capabilities (legacy support in use)
[   64.519919] pmem: pmem_allocator_buddy_bestfit: no space left to allocate!
[   64.519953] pmem: could not find allocation for map.
[   64.676359] pmem: successful request for physical address of pmem region id 4, offset 648019968, len 4194304
[   64.732759] misc kgsl: firmware: requesting yamato_pm4.fw
[   64.737279] init: untracked pid 1066 exited
[   64.737619] misc kgsl: firmware: requesting yamato_pfp.fw
[   64.739939] init: untracked pid 1069 exited
[   65.027119] Received write command in wrong state for ses: 2
[   65.027159] Received write command in wrong state for ses: 2
[   65.164413] [Audio adie] ADIE_TRUE and using RX path
[   65.164446] error: not stereo or mono
[   67.156533] [Audio adie] ADIE_FALSE and using RX path
[   67.156559] error: not stereo or mono
[   67.203166] init: untracked pid 1075 exited
[   70.306133] [TS] Sensitivity : X = 75  Y = 75
[   70.355486] request_suspend_state: wakeup (3->0) at 70362918407 (2010-02-04 18:13:13.907487386 UTC)
[   70.984779] binder: BC_ATTEMPT_ACQUIRE not supported
[   70.984819] binder: 985:1040 ioctl c0186201 100ffcc0 returned -22
[   70.993199] [Audio ARD] acdb send cal done.
[   70.997366] [Audio ARD] Switch device done.
[   71.006499] [Audio ARD] acdb send cal done.
[   71.010599] [Audio ARD] Switch device done.
[   73.640093] [Audio adie] ADIE_TRUE and using RX path
[   73.641033] [Audio adie] Enable mono SPKR
[   75.410619] BootAnimation used greatest stack depth: 4916 bytes left
[   77.804339] Applications Lo used greatest stack depth: 4872 bytes left
[   78.455586] [Audio adie] ADIE_FALSE and using RX path
[   78.456759] [Audio adie] Disable mono SPKR
[   78.503819] binder: BC_ATTEMPT_ACQUIRE not supported
[   78.503853] binder: 985:1040 ioctl c0186201 100ffd70 returned -22
[   81.035479] Thread-35 used greatest stack depth: 4584 bytes left
[  445.213439] select 1134 (app_process), adj 15, size 3441, to kill
[  445.213466] select 1173 (app_process), adj 15, size 3622, to kill
[  445.213493] select 1232 (app_process), adj 15, size 3708, to kill
[  445.213519] select 1442 (app_process), adj 15, size 4093, to kill
[  445.213546] send sigkill to 1442 (app_process), adj 15, size 4093
[  446.476893] select 1134 (app_process), adj 15, size 3428, to kill
[  446.476919] select 1152 (app_process), adj 15, size 3461, to kill
[  446.476946] select 1173 (app_process), adj 15, size 3602, to kill
[  446.476966] select 1232 (app_process), adj 15, size 3762, to kill
[  446.476999] select 1677 (app_process), adj 15, size 3951, to kill
[  446.477019] send sigkill to 1677 (app_process), adj 15, size 3951
[  588.280106] init: sys_prop: permission denied uid:1000  name:wifi.interface
[  588.731173] wifi_set_carddetect: 1
[  588.731193] mmc1: card_present 1
[  588.731226] <6>Wifi Power ON
[  588.776733] mmc1: new SDIO card at address 0001
[  588.802119] wifi_power_param_set: current wifi_power_state=1
[  588.884266] dhd: version magic '2.6.29 preempt mod_unload ARMv7 ' should be '2.6.29-disco-unstable preempt mod_unload ARMv7 '
[  588.964539] select 1134 (app_process), adj 15, size 3426, to kill
[  588.964573] select 1173 (app_process), adj 15, size 3597, to kill
[  588.964593] select 1232 (app_process), adj 15, size 3757, to kill
[  588.964619] send sigkill to 1232 (app_process), adj 15, size 3757
