[    0.000000] Initializing cgroup subsys cpu
[    0.000000] Linux version 2.6.34.1-cyanogenmod (brian@brian-laptop) (gcc version 4.4.0 (GCC) ) #1 PREEMPT Tue Aug 3 19:44:52 EDT 2010
[    0.000000] CPU: ARMv6-compatible processor [4117b362] revision 2 (ARMv6TEJ), cr=00c5387f
[    0.000000] CPU: VIPT aliasing data cache, VIPT aliasing instruction cache
[    0.000000] Machine: sapphire
[    0.000000] sapphire_fixup:smisize=32
[    0.000000] sapphire_fixup:hwid=0x1
[    0.000000] sapphire_fixup:skuid=0x21401
[    0.000000] sapphire_fixup:engineerid=0x2
[    0.000000] sapphire_fixup:diesize=0x0
[    0.000000] sapphire_fixup:bank size=0xc600000
[    0.000000] Ignoring unrecognised tag 0x4d534d74
[    0.000000] AKM Data size = 1018 , 0x89768976, size = 4064
[    0.000000] Memory policy: ECC disabled, Data cache writeback
[    0.000000] Built 1 zonelists in Zone order, mobility grouping on.  Total pages: 50292
[    0.000000] Kernel command line: board_sapphire.disable_uart3=0 board_sapphire.usb_h2w_sw=0 board_sapphire.disable_sdcard=0 smisize=32  androidboot.baseband=3.22.23.18 androidboot.cid=ORANGB10 androidboot.carrier=COMMON androidboot.keycaps=qwerty androidboot.mode=normal androidboot.serialno=XXXXXXXXXX androidboot.bootloader=1.33.2010 no_console_suspend=1 console=null
[    0.000000] PID hash table entries: 1024 (order: 0, 4096 bytes)
[    0.000000] Dentry cache hash table entries: 32768 (order: 5, 131072 bytes)
[    0.000000] Inode-cache hash table entries: 16384 (order: 4, 65536 bytes)
[    0.000000] Memory: 198MB = 198MB total
[    0.000000] Memory: 195836k/195836k available, 6916k reserved, 0K highmem
[    0.000000] Virtual kernel memory layout:
[    0.000000]     vector  : 0xffff0000 - 0xffff1000   (   4 kB)
[    0.000000]     fixmap  : 0xfff00000 - 0xfffe0000   ( 896 kB)
[    0.000000]     DMA     : 0xffa00000 - 0xffe00000   (   4 MB)
[    0.000000]     vmalloc : 0xcc800000 - 0xf8000000   ( 696 MB)
[    0.000000]     lowmem  : 0xc0000000 - 0xcc600000   ( 198 MB)
[    0.000000]     modules : 0xbf000000 - 0xc0000000   (  16 MB)
[    0.000000]       .init : 0xc0008000 - 0xc0025000   ( 116 kB)
[    0.000000]       .text : 0xc0025000 - 0xc03cd000   (3744 kB)
[    0.000000]       .data : 0xc03ea000 - 0xc041c660   ( 202 kB)
[    0.000000] Hierarchical RCU implementation.
[    0.000000] NR_IRQS:250
[    0.000000] Calibrating delay loop... 383.38 BogoMIPS (lpj=1916928)
[    0.220550] Mount-cache hash table entries: 512
[    0.221466] Initializing cgroup subsys cpuacct
[    0.221557] CPU: Testing write buffer coherency: ok
[    0.226104] NET: Registered protocol family 16
[    0.227264] sapphire_init() revision = 0x80
[    5.386840] acpu_clock_init()
[    5.386962] ACPU running at 480000 KHz
[    5.386993] sapphire_init: cpld_usb_hw2_sw = 0
[    5.488159] ram_console: got buffer at 7a0000, size 20000
[    5.488555] ram_console: found existing buffer, size 21488, start 21488
[    5.676269] console [ram-1] enabled
[    5.687164] bio: create slab <bio-0> at 0
[    5.689117] msm_i2c_probe
[    5.689727] msm_i2c_probe: clk_ctl 35d, 100000 Hz
[    5.693084] Bluetooth: Core ver 2.15
[    5.693908] NET: Registered protocol family 31
[    5.694305] Bluetooth: HCI device and connection manager initialized
[    5.694885] Bluetooth: HCI socket layer initialized
[    5.695556] Switching to clocksource gp_timer
[    5.698364] NET: Registered protocol family 2
[    5.699096] IP route cache hash table entries: 2048 (order: 1, 8192 bytes)
[    5.700592] TCP established hash table entries: 8192 (order: 4, 65536 bytes)
[    5.701507] TCP bind hash table entries: 8192 (order: 3, 32768 bytes)
[    5.702392] TCP: Hash tables configured (established 8192 bind 8192)
[    5.702697] TCP reno registered
[    5.703247] UDP hash table entries: 256 (order: 0, 4096 bytes)
[    5.703643] UDP-Lite hash table entries: 256 (order: 0, 4096 bytes)
[    5.704681] NET: Registered protocol family 1
[    5.705566] Unpacking initramfs...
[    5.743896] Freeing initrd memory: 164K
[    5.745086] smd_init()
[    5.745391] smd_core_init()
[    5.745849] smd_core_init() done
[    5.746582] msm_init_last_radio_log: could not retrieve SMEM_CLKREGIM_BSP
[    5.747558] smd_alloc_channel() cid=01 size=08192 'SMD_DIAG'
[    5.748382] smd_alloc_channel() cid=02 size=08192 'SMD_RPCCALL'
[    5.748931] smd_alloc_channel() cid=11 size=08192 'SMD_DATA5'
[    5.749694] smd_alloc_channel() cid=12 size=08192 'SMD_DATA6'
[    5.750152] smd_alloc_channel() cid=13 size=08192 'SMD_DATA7'
[    5.750854] smd_alloc_channel() cid=33 size=08192 'SMD_CS_A2M'
[    5.751312] smd_alloc_channel() cid=38 size=08192 'SMD_DATA5_CNTL'
[    5.752014] smd_alloc_channel() cid=39 size=08192 'SMD_DATA6_CNTL'
[    5.752471] smd_alloc_channel() cid=40 size=08192 'SMD_DATA7_CNTL'
[    5.754913] SMD: ch 2 1 -> 2
[    5.760375] sapphire_init_panel:machine_is_sapphire=1, machine_arch_type=1729, MACH_TYPE_SAPPHIRE=1729
[    5.761047] get_smi_size=32
[    5.762237] mdp_probe: initialized
[    5.763336] Registered led device: lcd-backlight
[    5.764251] sapphire_bt_fastclock_power on = 0
[    5.764648] BT disable vreg_wifi_osc.
[    5.766082] H2W: Registering H2W (headset) driver
[    5.780303] RPC_TIME_TOD_SET_APPS_BASES:
[    5.780303] 	tick = 253816
[    5.780334] 	stamp = 3773382592
[    5.781646] H2W route = H2W-GPIO, BT-UART1 
[    5.782501] input: h2w headset as /devices/virtual/input/input0
[    5.798095] ashmem: initialized
[    5.803253] adsp: probe
[    5.804962] squashfs: version 4.0 (2009/01/31) Phillip Lougher
[    5.805511] yaffs built Aug  3 2010 19:36:29 Installing. 
[    5.820526] alg: No test for stdrng (krng)
[    5.821136] io scheduler noop registered
[    5.821350] io scheduler deadline registered (default)
[    5.822082] mddi: init() base=0xcc834000 irq=16
[    5.846557] smd_alloc_channel() cid=27 size=08192 'SMD_GPSNMEA'
[    5.866729] mddi cmd send rtd: int 3a000, stat 8063, rtd val 10
[    5.868499] nt35399_fixup: enter.
[    5.869354] mddi: registering panel mddi_c_simple
[    5.870941] mddi: publish: 
[    5.887359] nt35399_detect_panel: got valid panel ID=0, without retry
[    5.888336] nt35399_detect_panel: final panel id=0
[    5.891662] msmfb_probe() installing 320 x 480 panel
[    5.897460] msm_serial: detected port #0
[    5.899414] msm_serial.0: ttyMSM0 at MMIO 0xa9a00000 (irq = 9) is a MSM
[    5.901275] msm_serial: detected port #2
[    5.902404] msm_serial.2: ttyMSM2 at MMIO 0xa9c00000 (irq = 11) is a MSM
[    5.905273] msm_serial: driver initialized
[    5.907836] msm_serial_hs.0: ttyHS0 at MMIO 0xa0200000 (irq = 45) is a MSM HS UART
[    5.908843] msm_serial_hs module loaded
[    5.913391] loop: module loaded
[    5.913970] pmem: 1 init
[    5.914825] pmem_adsp: 0 init
[    5.915771] pmem_camera: 0 init
[    5.918395] msm_nand: allocated dma buffer at ffa0b000, dma_addr 2562e000
[    5.919036] msm_nand: read CFG0 = aa5400c0 CFG1 = 4745e
[    5.919433] msm_nand: CFG0 cw/page=3 ud_sz=512 ecc_sz=10 spare_sz=4
[    5.919769] msm_nand: NAND_READ_ID = 5590bc2c
[    5.920318] msn_nand: nandid 5590bc2c status e03120
[    5.920745] msm_nand: manuf Micron (0x2c) device 0xbc blocksz 20000 pagesz 800 size 20000000
[    5.921142] msm_nand: save CFG0 = e85408c0 CFG1 = 4745e
[    5.921386] msm_nand: CFG0: cw/page=3 ud_sz=516 ecc_sz=10 spare_sz=0 num_addr_cycles=5
[    5.921875] msm_nand: DEV_CMD1: f00f3000
[    5.922180] msm_nand: NAND_EBI2_ECC_BUF_CFG: 1ff
[    5.922576] Creating 6 MTD partitions on "msm_nand":
[    5.922821] 0x0000024c0000-0x000002500000 : "misc"
[    5.924682] 0x0000026c0000-0x000002bc0000 : "recovery"
[    5.931488] 0x000002bc0000-0x000002e40000 : "boot"
[    5.935455] 0x000002e40000-0x000008840000 : "system"
[    6.023437] smd_alloc_channel() cid=00 size=08192 'SMD_DS'
[    6.024169] smd_alloc_channel() cid=07 size=08192 'SMD_DATA1'
[    6.024902] smd_alloc_channel() cid=08 size=08192 'SMD_DATA2'
[    6.025451] smd_alloc_channel() cid=09 size=08192 'SMD_DATA3'
[    6.026062] smd_alloc_channel() cid=10 size=08192 'SMD_DATA4'
[    6.062683] 0x000008840000-0x00000d840000 : "cache"
[    6.154388] 0x00000d840000-0x000020000000 : "userdata"
[    6.497802] PPP generic driver version 2.4.2
[    6.498840] PPP Deflate Compression module registered
[    6.499176] PPP BSD Compression module registered
[    6.502532] PPP MPPE Compression module registered
[    6.503143] NET: Registered protocol family 24
[    6.506439] tun: Universal TUN/TAP device driver, 1.6
[    6.507202] tun: (C) 1999-2004 Max Krasnyansky <maxk@qualcomm.com>
[    6.510955] msm72k_udc: msm72k_probe
[    6.511505] msm72k_udc: msm72k_probe() io=cc8fe000, irq=47, dma=ffa0c000(25617000)
[    6.512908] android init
[    6.513336] android_probe pdata: c03f34a8
[    6.514099] android_bind
[    6.514404] android_bind_config
[    6.514739] android_usb gadget: android_usb ready
[    6.515289] msm72k_udc: msm72k_udc: registered gadget driver 'android_usb'
[    6.515838] f_adb init
[    6.516143] android_register_function adb
[    6.516723] f_mass_storage init
[    6.517181] android_register_function usb_mass_storage
[    6.517761] f_rndis init
[    6.518371] android_register_function rndis
[    6.518707] rndis_function_bind_config MAC: 02:30:3C:00:0B:0F
[    6.519348] android_usb gadget: using random self ethernet address
[    6.519683] android_usb gadget: using random host ethernet address
[    6.521301] usb0: MAC ce:63:9e:3d:35:e5
[    6.521667] usb0: HOST MAC 02:82:d4:2d:d4:8b
[    6.522247] mass_storage_bind_config
[    6.523101] fsg_probe pdata: c03f3c50
[    6.523986] msm72k_udc: IDLE -> ONLINE
[    6.524444] hsusb: reset controller
[    6.525756] android_usb gadget: Number of LUNs=1
[    6.526031] adb_bind_config
[    6.527770] ekt8232_probe enter.
[    6.555358] msm_hsusb_phy_reset: success
[    6.567352] elan-touch 0-0010: touch panel is powered on. 
[    6.984344] msm_i2c msm_i2c.0: error, status 63c8
[    6.985198] msm_i2c msm_i2c.0: Error during data xfer (-5)
[    6.985473] elan-touch 0-0010: __hello_packet_handler: get hello packet failed!, rc = -5
[    6.985870] looks like it's not Elan, so..i'll quit
[    7.017639] msm72k_udc: ulpi: write 0x40 to 0x31
[    7.018524] msm72k_udc: ulpi: write 0x1d to 0x0d
[    7.019409] msm72k_udc: ulpi: write 0x1d to 0x10
[    7.020965] msm72k_udc: ept #0 out max:64 head:ffa0c000 bit:0
[    7.021850] msm72k_udc: ept #1 out max:512 head:ffa0c080 bit:1
[    7.023437] msm72k_udc: ept #2 out max:512 head:ffa0c100 bit:2
[    7.024322] msm72k_udc: ept #3 out max:512 head:ffa0c180 bit:3
[    7.025909] msm72k_udc: ept #4 out max:512 head:ffa0c200 bit:4
[    7.026763] msm72k_udc: ept #5 out max:512 head:ffa0c280 bit:5
[    7.028900] msm72k_udc: ept #6 out max:512 head:ffa0c300 bit:6
[    7.030029] msm72k_udc: ept #7 out max:512 head:ffa0c380 bit:7
[    7.031646] msm_i2c msm_i2c.0: error, status c8
[    7.032592] msm_i2c msm_i2c.0: Error during data xfer (-5)
[    7.034240] msm72k_udc: ept #8 out max:512 head:ffa0c400 bit:8
[    7.035156] msm72k_udc: ept #9 out max:512 head:ffa0c480 bit:9
[    7.036804] msm72k_udc: ept #10 out max:512 head:ffa0c500 bit:10
[    7.037841] msm72k_udc: ept #11 out max:512 head:ffa0c580 bit:11
[    7.039489] msm72k_udc: ept #12 out max:512 head:ffa0c600 bit:12
[    7.040374] msm72k_udc: ept #13 out max:512 head:ffa0c680 bit:13
[    7.042022] msm72k_udc: ept #14 out max:512 head:ffa0c700 bit:14
[    7.042938] msm72k_udc: ept #15 out max:512 head:ffa0c780 bit:15
[    7.044616] msm72k_udc: ept #0 in max:64 head:ffa0c040 bit:16
[    7.045532] msm72k_udc: ept #1 in max:512 head:ffa0c0c0 bit:17
[    7.047180] msm72k_udc: ept #2 in max:512 head:ffa0c140 bit:18
[    7.048645] msm72k_udc: ept #3 in max:512 head:ffa0c1c0 bit:19
[    7.049041] msm72k_udc: ept #4 in max:512 head:ffa0c240 bit:20
[    7.049438] msm72k_udc: ept #5 in max:512 head:ffa0c2c0 bit:21
[    7.049652] msm72k_udc: ept #6 in max:512 head:ffa0c340 bit:22
[    7.050048] msm72k_udc: ept #7 in max:512 head:ffa0c3c0 bit:23
[    7.050262] msm72k_udc: ept #8 in max:512 head:ffa0c440 bit:24
[    7.050659] msm72k_udc: ept #9 in max:512 head:ffa0c4c0 bit:25
[    7.050872] msm72k_udc: ept #10 in max:512 head:ffa0c540 bit:26
[    7.051269] msm72k_udc: ept #11 in max:512 head:ffa0c5c0 bit:27
[    7.051483] msm72k_udc: ept #12 in max:512 head:ffa0c640 bit:28
[    7.051910] msm72k_udc: ept #13 in max:512 head:ffa0c6c0 bit:29
[    7.052124] msm72k_udc: ept #14 in max:512 head:ffa0c740 bit:30
[    7.052490] msm72k_udc: ept #15 in max:512 head:ffa0c7c0 bit:31
[    7.052734] usb: notify offline
[    7.052947] msm_hsusb: enable pullup
[    7.053161] msm72k_udc: ONLINE -> OFFLINE
[    7.053375] msm_hsusb: disable pullup
[    7.053619] usb: notify offline
[    7.138793] synaptics_ts_probe: Product Major Version 3
[    7.140502] synaptics_ts_probe: Product Minor Version 1
[    7.142913] synaptics_ts_probe: product property 2
[    7.144592] synaptics_ts_probe: device control 81
[    7.146972] synaptics_ts_probe: interrupt enable 3
[    7.150024] synaptics_ts_probe: 0xe0: 1 1 1 2 3 1 0 1
[    7.152191] synaptics_ts_probe: Sensor properties 601
[    7.157592] synaptics_ts_probe: max_x 3475, max_y 5328
[    7.158660] synaptics_ts_probe: inactive_x -40 -40, inactive_y -31 -31
[    7.160308] synaptics_ts_probe: snap_x 40-48 40-48, snap_y 79-87 79-87
[    7.162628] input: synaptics-rmi-touchscreen as /devices/virtual/input/input1
[    7.165832] synaptics_ts_probe: Start touchscreen synaptics-rmi-touchscreen in interrupt mode
[    7.169372] GPIO Input Driver: Start gpio inputs for sapphire-nav in interrupt mode
[    7.172332] input: sapphire-nav as /devices/virtual/input/input2
[    7.174194] GPIO Input Driver: Start gpio inputs for sapphire-nav-button in interrupt mode
[    7.177124] input: sapphire-nav-button as /devices/virtual/input/input3
[    7.178100] gpio_keys_scan_keys: key 1-110, 0 (168) debounce pressed 0
[    7.179901] gpio_keys_scan_keys: key 1-110, 0 (168) changed to 0
[    7.182189] GPIO Matrix Keypad Driver: Start keypad matrix for sapphire-keypad in interrupt mode
[    7.184539] GPIO Input Driver: Start gpio inputs for sapphire-keypad in interrupt mode
[    7.187835] input: sapphire-keypad as /devices/virtual/input/input4
[    7.191802] using input dev h2w headset for key reset
[    7.192840] using input dev sapphire-nav for key reset
[    7.193817] using input dev sapphire-keypad for key reset
[    7.198760] using rtc device, msm_rtc, for alarms
[    7.199707] rs30000048:0da5b528 rs30000048:0da5b528: rtc core: registered msm_rtc as rtc0
[    7.202362] AKM8976A compass driver: init
[    7.210998] input: compass as /devices/virtual/input/input5
[    7.212524] Linux video capture interface: v2.00
[    7.344177] device-mapper: uevent: version 1.0.3
[    7.345489] device-mapper: ioctl: 4.17.0-ioctl (2010-03-05) initialised: dm-devel@redhat.com
[    7.346221] Bluetooth: HCI UART driver ver 2.2
[    7.346649] Bluetooth: HCI H4 protocol initialized
[    7.346862] Bluetooth: HCILL protocol initialized
[    7.349395] mmc0: Qualcomm MSM SDCC at 0x00000000a0400000 irq 24,0 dma 8
[    7.349639] mmc0: 4 bit data mode enabled
[    7.350036] mmc0: MMC clock 144000 -> 50000000 Hz, PCLK 64000000 Hz
[    7.350250] mmc0: Slot eject status = 1
[    7.350463] mmc0: Power save feature enable = 1
[    7.350860] mmc0: DM non-cached buffer at ffa0e000, dma_addr 0x2560c000
[    7.351074] mmc0: DM cmd busaddr 0x2560c000, cmdptr busaddr 0x2560c300
[    7.352691] mmc1: Qualcomm MSM SDCC at 0x00000000a0500000 irq 26,190 dma 8
[    7.353118] mmc1: 4 bit data mode enabled
[    7.353363] mmc1: MMC clock 144000 -> 50000000 Hz, PCLK 64000000 Hz
[    7.353729] mmc1: Slot eject status = 0
[    7.353942] mmc1: Power save feature enable = 1
[    7.354156] mmc1: DM non-cached buffer at ffa0f000, dma_addr 0x2560d000
[    7.354553] mmc1: DM cmd busaddr 0x2560d000, cmdptr busaddr 0x2560d300
[    7.355285] Registered led device: button-backlight
[    7.356140] Registered led device: red
[    7.356536] Registered led device: green
[    7.357055] Registered led device: blue
[    7.357391] Registered led device: jogball-backlight
[    7.359710] logger: created 64K log 'log_main'
[    7.360351] logger: created 256K log 'log_events'
[    7.360809] logger: created 64K log 'log_radio'
[    7.361389] logger: created 64K log 'log_system'
[    7.362060] GACT probability NOT on
[    7.362274] Mirror/redirect action on
[    7.362670] u32 classifier
[    7.362884]     Actions configured 
[    7.363098] Netfilter messages via NETLINK v0.30.
[    7.363647] nf_conntrack version 0.5.0 (3062 buckets, 12248 max)
[    7.364288] CONFIG_NF_CT_ACCT is deprecated and will be removed soon. Please use
[    7.364715] nf_conntrack.acct=1 kernel parameter, acct=1 nf_conntrack module option or
[    7.364929] sysctl net.netfilter.nf_conntrack_acct=1 to enable it.
[    7.365600] ctnetlink v0.93: registering with nfnetlink.
[    7.366119] xt_time: kernel timezone is -0000
[    7.367034] ip_tables: (C) 2000-2006 Netfilter Core Team
[    7.367492] arp_tables: (C) 2002 David S. Miller
[    7.368133] TCP cubic registered
[    7.368377] NET: Registered protocol family 17
[    7.368682] NET: Registered protocol family 15
[    7.369293] Bridge firewalling registered
[    7.369659] Bluetooth: L2CAP ver 2.14
[    7.369873] Bluetooth: L2CAP socket layer initialized
[    7.370300] Bluetooth: SCO (Voice Link) ver 0.6
[    7.370483] Bluetooth: SCO socket layer initialized
[    7.371276] Bluetooth: RFCOMM TTY layer initialized
[    7.371520] Bluetooth: RFCOMM socket layer initialized
[    7.371917] Bluetooth: RFCOMM ver 1.11
[    7.372131] Bluetooth: BNEP (Ethernet Emulation) ver 1.3
[    7.372344] Bluetooth: HIDP (Human Interface Emulation) ver 1.2
[    7.373382] clock_late_init() disabled 18 unused clocks
[    7.375762] rs30000048:0da5b528 rs30000048:0da5b528: setting system clock to 2010-08-04 18:39:54 UTC (1280947194)
[    7.376434] Warning: unable to open an initial console.
[    7.376922] Freeing init memory: 116K
[    7.587768] keychord: using input dev sapphire-keypad for fevent
[    7.593933] yaffs: dev is 32505859 name is "mtdblock3"
[    7.594207] yaffs: passed flags ""
[    7.594421] yaffs: Attempting MTD mount of 31.3,"mtdblock3"
[    7.660156] yaffs: restored from checkpoint
[    7.661499] yaffs_read_super: isCheckpointed 1
[    7.674682] mmc1: host does not support reading read-only switch. assuming write-enable.
[    7.675079] mmc1: new SD card at address aaaa
[    7.676574] mmcblk0: mmc1:aaaa SU02G 1.84 GiB 
[    7.677459]  mmcblk0: p1 p2 p3
[    7.688659] yaffs: dev is 32505861 name is "mtdblock5"
[    7.689300] yaffs: passed flags ""
[    7.689636] yaffs: Attempting MTD mount of 31.5,"mtdblock5"

No errors detected
