<6>[    0.000000] Initializing cgroup subsys cpu
<5>[    0.000000] Linux version 2.6.34.5-cyanogenmod (toastcfh@OlDsChOoL-EVO) (gcc version 4.4.0 (GCC) ) #126 PREEMPT Sun Aug 22 21:00:00 EDT 2010
<4>[    0.000000] CPU: ARMv7 Processor [510f00f2] revision 2 (ARMv7), cr=10c53c7f
<4>[    0.000000] CPU: VIPT nonaliasing data cache, VIVT ASID tagged instruction cache
<4>[    0.000000] Machine: supersonic
<7>[    0.000000] find the skuid tag
<7>[    0.000000] parse_tag_skuid: hwid = 0x23303
<6>[    0.000000] supersonic_fixup:skuid=0x23303
<4>[    0.000000] Ignoring unrecognised tag 0x4d534d71
<4>[    0.000000] Ignoring unrecognised tag 0x4d534d72
<7>[    0.000000] find the skuid tag
<7>[    0.000000] parse_tag_skuid: hwid = 0x23303
<7>[    0.000000] tag_panel_parsing: panel type = 0
<4>[    0.000000] Ignoring unrecognised tag 0x4d534d75
<4>[    0.000000] Ignoring unrecognised tag 0x4d534d76
<4>[    0.000000] Ignoring unrecognised tag 0x5441000a
<6>[    0.000000] CAM_AWB_CAL Data size = 514 , 0x59504550, size = 2048
<4>[    0.000000] Ignoring unrecognised tag 0x59504551
<4>[    0.000000] Ignoring unrecognised tag 0x41387898
<4>[    0.000000] BT Data size= 4, 0x43294329,38,e7,d8,38,71,18,00,00,
<4>[    0.000000] Ignoring unrecognised tag 0x5441001b
<4>[    0.000000] Memory policy: ECC disabled, Data cache writeback
<7>[    0.000000] On node 0 totalpages: 103168
<7>[    0.000000] free_area_init_node: node 0, pgdat c0476a08, node_mem_map c0530000
<7>[    0.000000]   Normal zone: 256 pages used for memmap
<7>[    0.000000]   Normal zone: 0 pages reserved
<7>[    0.000000]   Normal zone: 32512 pages, LIFO batch:7
<7>[    0.000000]   HighMem zone: 598 pages used for memmap
<7>[    0.000000]   HighMem zone: 69802 pages, LIFO batch:15
<4>[    0.000000] Built 1 zonelists in Zone order, mobility grouping on.  Total pages: 102314
<5>[    0.000000] Kernel command line: board_supersonic.disable_uart3=0 board_supersonic.usb_h2w_sw=0 board_supersonic.disable_sdcard=0 diag.enabled=0 board_supersonic.debug_uart=0 smisize=0 userdata_sel=0 androidboot.emmc=false  androidboot.baseband=2.15.00.07.28 androidboot.cid=SPCS_001 androidboot.batt_poweron=die_battery androidboot.carrier=COMMON androidboot.mid=PC3610000 androidboot.keycaps=qwerty androidboot.mode=normal androidboot.serialno=XXXXXXXXXX androidboot.bootloader=0.76.2000 no_console_suspend=1 console=null
<6>[    0.000000] PID hash table entries: 512 (order: -1, 2048 bytes)
<6>[    0.000000] Dentry cache hash table entries: 16384 (order: 4, 65536 bytes)
<6>[    0.000000] Inode-cache hash table entries: 8192 (order: 3, 32768 bytes)
<6>[    0.000000] Memory: 128MB 104MB 171MB = 403MB total
<5>[    0.000000] Memory: 403856k/403856k available, 8816k reserved, 281600K highmem
<5>[    0.000000] Virtual kernel memory layout:
<5>[    0.000000]     vector  : 0xffff0000 - 0xffff1000   (   4 kB)
<5>[    0.000000]     fixmap  : 0xfff00000 - 0xfffe0000   ( 896 kB)
<5>[    0.000000]     DMA     : 0xffa00000 - 0xffe00000   (   4 MB)
<5>[    0.000000]     vmalloc : 0xc8800000 - 0xf8000000   ( 760 MB)
<5>[    0.000000]     lowmem  : 0xc0000000 - 0xc8000000   ( 128 MB)
<5>[    0.000000]     pkmap   : 0xbfe00000 - 0xc0000000   (   2 MB)
<5>[    0.000000]     modules : 0xbf000000 - 0xbfe00000   (  14 MB)
<5>[    0.000000]       .init : 0xc0008000 - 0xc0026000   ( 120 kB)
<5>[    0.000000]       .text : 0xc0026000 - 0xc0426000   (4096 kB)
<5>[    0.000000]       .data : 0xc0446000 - 0xc0477300   ( 197 kB)
<6>[    0.000000] Hierarchical RCU implementation.
<6>[    0.000000] NR_IRQS:332
<6>[    0.000000] Calibrating delay loop... 509.54 BogoMIPS (lpj=2547712)
<4>[    0.229644] Mount-cache hash table entries: 512
<6>[    0.229949] Initializing cgroup subsys cpuacct
<6>[    0.229980] Initializing cgroup subsys bfqio
<6>[    0.230010] CPU: Testing write buffer coherency: ok
<6>[    0.231445] regulator: core version 0.5
<6>[    0.231597] NET: Registered protocol family 16
<4>[    0.231994] supersonic_init() revision=3
<6>[    3.615966] YoYo--BD_ADDRESS=38:e7:d8:38:71:18
<6>[    3.616363] supersonic_init_panel: panel_type=0
<6>[    3.616638] ram_console: got buffer at 3a00000, size 40000
<6>[    3.616729] ram_console: found existing buffer, size 46439, start 46439
<6>[    3.822998] console [ram-1] enabled
<6>[    3.823822] config_supersonic_usb_id_gpios 37 input none pull
<6>[    3.823944] supersonic_init_mmc()+
<4>[    3.824218] config wimax power gpio table
<6>[    3.824493] supersonic_init_mmc()-
<4>[    3.827178] bio: create slab <bio-0> at 0
<6>[    3.827941] mdp_probe: initialized
<6>[    3.828216] msm_i2c_probe
<6>[    3.828399] msm_i2c_probe: clk_ctl 35d, 100000 Hz
<3>[    6.796905] msm_i2c msm_i2c.0: Error waiting for notbusy
<3>[    6.797027] msm_i2c msm_i2c.0: Still busy after xfer completion (48)
<3>[    6.797241] msm_i2c msm_i2c.0: Transaction timed out
<3>[    6.797363] msm_i2c msm_i2c.0: Error during data xfer (-110) @48
<4>[    6.797515] msm_i2c msm_i2c.0: Still the bus master, status a700, intf 0
<4>[    6.797637] msm_i2c msm_i2c.0: i2c_scl: 1, i2c_sda: 1
<6>[    6.797943] msm_i2c msm_i2c.0: Bus busy cleared after 1 clock cycles, status d0, intf 300
<3>[    6.798126] tps65023 0-0048: Read from reg 0x6 failed
<6>[    6.798339] regulator: dcdc1: 950 <--> 1300 mV 
<6>[    6.798522] regulator: dcdc2: 1260 mV 
<6>[    6.798675] regulator: dcdc3: 800 <--> 3300 mV at 1800 mV 
<3>[    9.770721] msm_i2c msm_i2c.0: Error waiting for notbusy
<3>[    9.770843] msm_i2c msm_i2c.0: Still busy after xfer completion (48)
<3>[    9.771057] msm_i2c msm_i2c.0: Transaction timed out
<3>[    9.771148] msm_i2c msm_i2c.0: Error during data xfer (-110) @48
<4>[    9.771423] msm_i2c msm_i2c.0: Still the bus master, status a700, intf 0
<4>[    9.771667] msm_i2c msm_i2c.0: i2c_scl: 0, i2c_sda: 0
<6>[    9.771850] msm_i2c msm_i2c.0: Bus busy cleared after 1 clock cycles, status d0, intf 300
<3>[    9.772125] tps65023 0-0048: Read from reg 0x8 failed
<6>[    9.772247] regulator: ldo1: 1000 <--> 3150 mV 
<6>[    9.772491] regulator: ldo2: 3300 mV 
<6>[    9.773223] Bluetooth: Core ver 2.15
<6>[    9.773437] NET: Registered protocol family 31
<6>[    9.773651] Bluetooth: HCI device and connection manager initialized
<6>[    9.773773] Bluetooth: HCI socket layer initialized
<6>[    9.774078] Switching to clocksource gp_timer
<7>[    9.774841] spi clk = 0x960000
<4>[    9.774932] spi: SPI_CONFIG=88
<4>[    9.775054] spi: SPI_IO_CONTROL=401
<4>[    9.775268] spi: SPI_OPERATIONAL=85
<4>[    9.775390] spi: SPI_ERROR_FLAGS_EN=7f
<4>[    9.775512] spi: SPI_ERROR_FLAGS=0
<4>[    9.775695] -msm_spi_probe()
<6>[    9.775970] NET: Registered protocol family 2
<6>[    9.776214] IP route cache hash table entries: 1024 (order: 0, 4096 bytes)
<6>[    9.776672] TCP established hash table entries: 4096 (order: 3, 32768 bytes)
<6>[    9.776947] TCP bind hash table entries: 4096 (order: 2, 16384 bytes)
<6>[    9.777099] TCP: Hash tables configured (established 4096 bind 4096)
<6>[    9.777313] TCP reno registered
<6>[    9.777435] UDP hash table entries: 256 (order: 0, 4096 bytes)
<6>[    9.777557] UDP-Lite hash table entries: 256 (order: 0, 4096 bytes)
<6>[    9.777893] NET: Registered protocol family 1
<6>[    9.778167] Unpacking initramfs...
<6>[    9.788879] Freeing initrd memory: 160K
<6>[    9.789276] smd_init()
<6>[    9.789398] smd_core_init()
<6>[    9.789550] smd_core_init() done
<3>[    9.789672] msm_init_last_radio_log: last radio log is 40000 bytes long
<6>[    9.789978] smd_alloc_channel() cid=00 size=08192 'SMD_DS'
<6>[    9.790283] smd_alloc_channel() cid=01 size=08192 'SMD_DIAG'
<6>[    9.790435] smd_alloc_channel() cid=02 size=08192 'SMD_RPCCALL'
<6>[    9.790710] smd_alloc_channel() cid=07 size=32768 'SMD_DATA1'
<6>[    9.790863] smd_alloc_channel() cid=08 size=08192 'SMD_DATA2'
<6>[    9.791107] smd_alloc_channel() cid=09 size=08192 'SMD_DATA3'
<6>[    9.791259] smd_alloc_channel() cid=11 size=32768 'SMD_DATA5'
<6>[    9.791503] smd_alloc_channel() cid=12 size=32768 'SMD_DATA6'
<6>[    9.791656] smd_alloc_channel() cid=13 size=32768 'SMD_DATA7'
<6>[    9.791931] smd_alloc_channel() cid=15 size=32768 'SMD_DATA9'
<6>[    9.792083] smd_alloc_channel() cid=26 size=08192 'SMD_DATA20'
<6>[    9.792327] smd_alloc_channel() cid=27 size=08192 'SMD_GPSNMEA'
<6>[    9.792510] smd_alloc_channel() cid=40 size=08192 'DSP_DIAG'
<6>[    9.792755] smd_alloc_channel() cid=42 size=08192 'DSP_DAL_AQ_VID'
<6>[    9.792999] smd_alloc_channel() cid=43 size=08192 'DSP_DAL_AQ_AUD'
<6>[    9.793182] smd_alloc_channel() cid=46 size=08192 'DSP_DAL00'
<6>[    9.793426] smd_alloc_channel() cid=48 size=08192 'SMD_DAL_AM_AUD'
<6>[    9.793579] smd_alloc_channel() cid=49 size=08192 'SMD_DAL00'
<6>[    9.793853] smd_alloc_channel() cid=50 size=08192 'SMD_DATA5_CNTL'
<6>[    9.794006] smd_alloc_channel() cid=51 size=08192 'SMD_DATA6_CNTL'
<6>[    9.794708] smd_alloc_channel() cid=52 size=08192 'SMD_DATA7_CNTL'
<6>[    9.795135] SMD: ch 2 1 -> 2
<6>[    9.796600] tpa2018d1_init
<6>[    9.796936] [HS_MGR] (htc_35mm_probe) ++++++++++++++++++++
<4>[    9.797210] [RR] - ver=1 type=2 src=0:fffffffe crx=0 siz=20 dst=0:fffffffe
<4>[    9.797424] [RR] o HELLO
<4>[    9.797546] [RR] x HELLO
<4>[    9.797760] Creating a master local ept c7c84ca0
<4>[    9.797973] [RR] x NEW_SERVER id=1:c7c84ca0 prog=30100000:00000000
<4>[    9.798126] [RR] x NEW_SERVER id=1:c7c84ca0 prog=3000005d:9202a8e4
<4>[    9.798339] [RR] x NEW_SERVER id=1:c7c84ca0 prog=30000015:731fa727
<4>[    9.798583] [RR] - ver=1 type=4 src=0:fffffffe crx=0 siz=20 dst=1:fffffffe
<4>[    9.798828] [RR] o NEW_SERVER id=0:00000001 prog=30000081:00010002
<4>[    9.799102] [RR] - ver=1 type=4 src=0:fffffffe crx=0 siz=20 dst=1:fffffffe
<4>[    9.799346] [RR] o NEW_SERVER id=0:00000001 prog=30100003:00000000
<4>[    9.799682] [RR] - ver=1 type=4 src=0:fffffffe crx=0 siz=20 dst=1:fffffffe
<4>[    9.799804] [RR] o NEW_SERVER id=0:00000001 prog=30000080:00010001
<6>[    9.800354] input: h2w headset as /devices/virtual/input/input0
<6>[    9.800567] [HS_MGR] (htc_35mm_probe) --------------------
<6>[    9.800872] [HS_GPIO] (audiojack_probe) ++++++++++++++++++++
<6>[    9.801055] [HS_GPIO] (audiojack_probe) --------------------
<7>[    9.801513] flashlight: enable flash_adj function
<7>[    9.801696] Registered led device: flashlight
<6>[    9.801910] flashlight_probe: The Flashlight Driver is ready
<4>[    9.802154] [RR] - ver=1 type=4 src=0:fffffffe crx=0 siz=20 dst=1:fffffffe
<4>[    9.802368] [RR] o NEW_SERVER id=0:00000001 prog=30000061:00010001
<4>[    9.802703] [RR] - ver=1 type=4 src=0:fffffffe crx=0 siz=20 dst=1:fffffffe
<4>[    9.802917] [RR] o NEW_SERVER id=0:00000001 prog=30000003:f94d6efb
<4>[    9.803192] [RR] - ver=1 type=4 src=0:fffffffe crx=0 siz=20 dst=1:fffffffe
<4>[    9.803405] [RR] o NEW_SERVER id=0:00000001 prog=30000060:00010002
<4>[    9.803771] [RR] - ver=1 type=4 src=0:fffffffe crx=0 siz=20 dst=1:fffffffe
<4>[    9.803894] [RR] o NEW_SERVER id=0:00000001 prog=30100001:00000000
<4>[    9.804290] Creating a master local ept c7c84ba0
<4>[    9.804687] [RPC] CALL on ept c7c84ba0 to 30100001:00000000 @ 0:00000001 (40 bytes) (xid 2 proc 2)
<4>[    9.804901] [RPC] READ on ept c7c84ba0
<4>[    9.805053] [RR] - ver=1 type=4 src=0:fffffffe crx=0 siz=20 dst=1:fffffffe
<4>[    9.805267] [RR] o NEW_SERVER id=0:00000001 prog=30000000:dfe0120c
<4>[    9.805480] [RR] - ver=1 type=4 src=0:fffffffe crx=0 siz=20 dst=1:fffffffe
<4>[    9.805694] [RR] o NEW_SERVER id=0:00000001 prog=3000001d:00010001
<4>[    9.805969] [RR] - ver=1 type=4 src=0:fffffffe crx=0 siz=20 dst=1:fffffffe
<4>[    9.806091] [RR] o NEW_SERVER id=0:00000001 prog=3000005b:a60286b0
<4>[    9.806365] [RR] - ver=1 type=4 src=0:fffffffe crx=0 siz=20 dst=1:fffffffe
<4>[    9.806488] [RR] o NEW_SERVER id=0:00000001 prog=3000003c:d0fd1992
<4>[    9.806762] [RR] - ver=1 type=4 src=0:fffffffe crx=0 siz=20 dst=1:fffffffe
<4>[    9.806884] [RR] o NEW_SERVER id=0:00000001 prog=3000001b:90258183
<4>[    9.807159] [RR] - ver=1 type=4 src=0:fffffffe crx=0 siz=20 dst=1:fffffffe
<4>[    9.807373] [RR] o NEW_SERVER id=0:00000001 prog=30000019:821a1945
<4>[    9.807556] [RR] - ver=1 type=4 src=0:fffffffe crx=0 siz=20 dst=1:fffffffe
<4>[    9.807769] [RR] o NEW_SERVER id=0:00000001 prog=30000018:7be7bde7
<4>[    9.807922] [RR] - ver=1 type=4 src=0:fffffffe crx=0 siz=20 dst=1:fffffffe
<4>[    9.808135] [RR] o NEW_SERVER id=0:00000001 prog=30000017:00010001
<4>[    9.808410] [RR] - ver=1 type=4 src=0:fffffffe crx=0 siz=20 dst=1:fffffffe
<4>[    9.808532] [RR] o NEW_SERVER id=0:00000001 prog=30000016:e1a0bf01
<4>[    9.808837] [RR] - ver=1 type=4 src=0:fffffffe crx=0 siz=20 dst=1:fffffffe
<4>[    9.808929] [RR] o NEW_SERVER id=0:00000001 prog=30000091:00010001
<4>[    9.809234] [RR] - ver=1 type=4 src=0:fffffffe crx=0 siz=20 dst=1:fffffffe
<4>[    9.809356] [RR] o NEW_SERVER id=0:00000001 prog=30000014:cf2ba98e
<4>[    9.809631] [RR] - ver=1 type=4 src=0:fffffffe crx=0 siz=20 dst=1:fffffffe
<4>[    9.809844] [RR] o NEW_SERVER id=0:00000001 prog=30000012:00010001
<4>[    9.810028] [RR] - ver=1 type=4 src=0:fffffffe crx=0 siz=20 dst=1:fffffffe
<4>[    9.810241] [RR] o NEW_SERVER id=0:00000001 prog=3000fe00:a82d4624
<4>[    9.810424] [RR] - ver=1 type=4 src=0:fffffffe crx=0 siz=20 dst=1:fffffffe
<4>[    9.810638] [RR] o NEW_SERVER id=0:00000001 prog=3000008c:00040001
<4>[    9.810821] [RR] - ver=1 type=4 src=0:fffffffe crx=0 siz=20 dst=1:fffffffe
<4>[    9.811035] [RR] o NEW_SERVER id=0:00000001 prog=3000006b:00010001
<4>[    9.811309] [RR] - ver=1 type=4 src=0:fffffffe crx=0 siz=20 dst=1:fffffffe
<4>[    9.811431] [RR] o NEW_SERVER id=0:00000001 prog=3000000e:00040001
<4>[    9.811706] [RR] - ver=1 type=4 src=0:fffffffe crx=0 siz=20 dst=1:fffffffe
<4>[    9.811828] [RR] o NEW_SERVER id=0:00000001 prog=30000048:00010004
<6>[    9.815002] atmega-microp 0-0066: microp version [04][1F]
<6>[    9.815490] capella_cm3602_probe: probe
<6>[    9.815856] input: proximity as /devices/virtual/input/input1
<6>[    9.816314] [HS_MICROP] (htc_headset_microp_probe) ++++++++++++++++++++
<4>[    9.844207] [RR] - ver=1 type=1 src=0:00000001 crx=0 siz=60 dst=1:c7c84ba0
<4>[    9.844360] [RPC] READ on ept c7c84ba0 (56 bytes)
<6>[    9.844604] batt: A2M_RPC: get_batt_info: batt_id=1, batt_vol=3827, batt_temp=340, batt_current=0, level=68, charging_source=0, charging_enabled=0, full_bat=1500000, over_vchg=0 at 6480598566 (1970-01-01 00:00:06.480354693 UTC)
<4>[    9.845062] [RPC] CALL on ept c7c84ba0 to 30100001:00000000 @ 0:00000001 (44 bytes) (xid 3 proc 4)
<4>[    9.845184] [RPC] READ on ept c7c84ba0
<4>[    9.846008] [RR] - ver=1 type=1 src=0:00000001 crx=0 siz=28 dst=1:c7c84ba0
<4>[    9.846130] [RPC] READ on ept c7c84ba0 (24 bytes)
<6>[    9.854980] [HS_MGR] (headset_notifier_register) Register REMOTE_ADC notifier
<6>[    9.855102] [HS_MGR] (headset_notifier_register) Register MIC_STATUS notifier
<6>[    9.855316] [HS_MGR] (headset_notifier_register) Register KEY_INT_ENABLE notifier
<6>[    9.855529] [HS_MICROP] (htc_headset_microp_probe) --------------------
<3>[    9.855651] microp_function_check: No function 2 !!
<4>[    9.902282] highmem bounce pool size: 64 pages
<6>[    9.902587] ashmem: initialized
<6>[    9.903228] squashfs: version 4.0 (2009/01/31) Phillip Lougher
<7>[    9.903503] yaffs built Aug 22 2010 18:50:18 Installing. 
<6>[    9.906341] alg: No test for stdrng (krng)
<6>[    9.906616] io scheduler noop registered
<6>[    9.906799] io scheduler cfq registered (default)
<6>[    9.907043] io scheduler bfq registered
<6>[    9.907348] mddi: init() base=0xc885c000 irq=16
<6>[    9.908020] mddi cmd send rtd: int 2a000, stat 8023, rtd val 7
<6>[    9.908294] mddi: registering panel mddi_c_4ca3_0000
<6>[    9.908386] mddi: publish: 
<7>[    9.908905] mddi_epson_probe
<6>[    9.909118] CABC enabled
<7>[    9.909851] Registered led device: lcd-backlight
<6>[    9.910339] msmfb_probe() installing 480 x 800 panel
<4>[    9.911102] [hdmi]suc_hdmi_gpio_on
<4>[    9.911590] [hdmi]hdmi_power(1)
<4>[    9.965545] [hdmi/tx]hdmi_disable_int
<4>[    9.966705] [hdmi/tpi]tpi_prepare
<4>[    9.966857] [hdmi/tx]hdmi_enable_int
<6>[    9.967926] SiL902x-hdmi 0-003b: hdmi is on line with irq Enabled
<4>[    9.968322] [hdmi/tx]hdmi_irq_handler
<7>[    9.968566] hdmi_lcdc_probe
<7>[    9.968994] pclk = 74250000, pad_pclk = 74250000
<4>[    9.969207] solomon: polarity=0000
<6>[    9.969451] hdmi_lcdc_probe: initialized
<7>[    9.969665] hdmifb_probe
<7>[    9.979675] HDMI FB: 0x2b00000 0x2efffff
<6>[    9.979919] hdmi_fb 1280 * 720 initialed
<4>[    9.980041] [hdmi/lcdc]lcdc_disable_video: disable clocks
<4>[    9.980255] [hdmi/tx]hdmi_panel_blank
<4>[    9.980438] [hdmi/lcdc]lcdc_disable_video, blank_count=0
<7>[    9.980651] msm_hdmi hdmi0: hdmifb_add_hdmi_device
<6>[    9.981140] msm_serial: driver initialized
<6>[    9.981445] msm_serial_hs module loaded
<6>[    9.981750] BCM chip
<6>[    9.981903] msm_serial_hs_bcm.0: ttyHS0 at MMIO 0xa0200000 (irq = 44) is a MSM HS UART
<6>[    9.982330] msm_serial_hs module loaded
<6>[    9.983978] loop: module loaded
<6>[    9.984130] pmem: 1 init
<6>[    9.984924] pmem_adsp: 1 init
<6>[    9.985961] pmem_camera: 1 init
<6>[    9.986236] pmem_venc: 1 init
<6>[    9.986724] spi_bma150_probe: G-sensor connect with microP: start initial
<4>[   10.004547] [hdmi]hdmi_power(3)
<4>[   10.104705] [hdmi/tx]hdmi_wakeup
<6>[   10.125274] __spi_bma150_set_mode: BMA get into SLEEP mode!
<6>[   10.135009] msm_nand: allocated dma buffer at ffa02000, dma_addr 27d9e000
<6>[   10.135223] msm_nand: read CFG0 = aa5400c0 CFG1 = 6744a
<6>[   10.135437] msm_nand: CFG0 cw/page=3 ud_sz=512 ecc_sz=10 spare_sz=4
<6>[   10.135620] msm_nand: NAND_READ_ID = 5501b3ec
<6>[   10.135955] msn_nand: nandid 5501b3ec status c03120
<6>[   10.136077] msm_nand: manuf Samsung (0xec) device 0xb3 blocksz 20000 pagesz 800 size 40000000
<6>[   10.136291] msm_nand: save CFG0 = e85408c0 CFG1 = 4745e
<6>[   10.136413] msm_nand: CFG0: cw/page=3 ud_sz=516 ecc_sz=10 spare_sz=0 num_addr_cycles=5
<6>[   10.136718] msm_nand: DEV_CMD1: f00f3000
<6>[   10.136993] msm_nand: NAND_EBI2_ECC_BUF_CFG: 1ff
<5>[   10.137115] Creating 7 MTD partitions on "msm_nand":
<5>[   10.137237] 0x00003f360000-0x00003ff60000 : "wimax"
<5>[   10.150756] 0x00003ff60000-0x000040000000 : "misc"
<5>[   10.151885] 0x000004240000-0x000004740000 : "recovery"
<5>[   10.157745] 0x000004740000-0x0000049c0000 : "boot"
<5>[   10.160858] 0x0000049c0000-0x00001a7c0000 : "system"
<4>[   10.300872] [hdmi/tpi]tpi_start, ID=9024
<4>[   10.301055] [hdmi/hdcp]hdcp_init: 
<4>[   10.301849] [hdmi/hdcp]hdcp_check_support: ret=1
<4>[   10.304870] [hdmi/hdcp]hdcp_check_aksv:  askv={35, 26, 66, 9d, 2e}
<4>[   10.305053] [hdmi/hdcp]hdcp_check_aksv: :ret=true
<4>[   10.305328] [hdmi/hdcp]hdcp_off: 
<4>[   10.332489] [hdmi/tpi]tpi_cable_disconn, into_d3=1
<4>[   10.332672] [hdmi/hdcp]hdcp_off: 
<4>[   10.366424] [hdmi/tpi]tpi_cable_disconn, playing=0
<4>[   10.366577] [hdmi/lcdc]lcdc_disable_video, blank_count=0
<4>[   10.366699] [hdmi/tx]hdmi_standby
<4>[   10.369445] [hdmi/tx]hdmi_standby: INT_EN=01
<3>[   10.370880] msm_i2c msm_i2c.0: error, status 43c8 (3B)
<3>[   10.371124] msm_i2c msm_i2c.0: Error during data xfer (-5) @3B
<4>[   10.371276] [hdmi]hdmi_power(2)
<4>[   10.371398] [hdmi/tpi]Cable unplugged.
<5>[   10.537811] 0x00001a7c0000-0x0000247c0000 : "cache"
<5>[   10.710601] 0x0000247c0000-0x00003f360000 : "userdata"
<6>[   11.173706] PPP generic driver version 2.4.2
<6>[   11.173950] PPP Deflate Compression module registered
<6>[   11.174072] PPP BSD Compression module registered
<6>[   11.175018] PPP MPPE Compression module registered
<6>[   11.175140] NET: Registered protocol family 24
<6>[   11.176116] tun: Universal TUN/TAP device driver, 1.6
<6>[   11.176239] tun: (C) 1999-2004 Max Krasnyansky <maxk@qualcomm.com>
<6>[   11.177429] msm72k_udc: msm72k_probe
<6>[   11.177581] msm72k_udc: msm72k_probe() io=c8864000, irq=58, dma=ffa03000(27dcb000)
<6>[   11.178039] android init
<6>[   11.178161] android_probe pdata: c044dab8
<6>[   11.178344] android_bind
<7>[   11.178436] android_bind_config
<6>[   11.178680] android_usb gadget: android_usb ready
<6>[   11.178802] msm72k_udc: msm72k_udc: registered gadget driver 'android_usb'
<6>[   11.179077] f_adb init
<6>[   11.179199] android_register_function adb
<6>[   11.179321] f_mass_storage init
<6>[   11.179412] android_register_function usb_mass_storage
<6>[   11.179534] f_rndis init
<6>[   11.179718] android_register_function rndis
<6>[   11.179962] rndis_function_bind_config MAC: 02:35:2A:00:0C:7C
<4>[   11.180084] android_usb gadget: using random self ethernet address
<4>[   11.180297] android_usb gadget: using random host ethernet address
<6>[   11.180694] usb0: MAC a6:41:1a:17:88:cf
<6>[   11.180786] usb0: HOST MAC e6:a8:37:a6:1a:8b
<6>[   11.181091] mass_storage_bind_config
<6>[   11.181274] fsg_probe pdata: c044f2e0
<6>[   11.181549] msm72k_udc: IDLE -> ONLINE
<6>[   11.181854] hsusb: reset controller
<6>[   11.182098] android_usb gadget: Number of LUNs=1
<6>[   11.182312] adb_bind_config
<6>[   11.182769] atmel_ts_init():
<6>[   11.182983] supersonic_atmel_ts_power(1)
<6>[   11.286743] Touch: 0x01 0x90 0x84 0xE3 0x09 0x00 0x00
<6>[   11.287841] Touch: 0x01 0x00 0x84 0xE3 0x09 0x00 0x00
<6>[   11.305847] Touch: No more message
<6>[   11.325897] info block: 0x80 0x01 0x16 0xAB 0x12 0x0C 0x11
<6>[   11.327850] Type: 05, Start: 00F2, Size:  9, Instance:  0, RD#:  0,  0
<6>[   11.329895] Type: 06, Start: 00FB, Size:  6, Instance:  0, RD#:  1,  1
<6>[   11.331848] Type: 26, Start: 0101, Size:  8, Instance:  0, RD#:  0,  0
<6>[   11.333892] Type: 07, Start: 0109, Size:  3, Instance:  0, RD#:  0,  0
<6>[   11.335845] Type: 08, Start: 010C, Size:  8, Instance:  0, RD#:  0,  0
<6>[   11.338043] Type: 09, Start: 0114, Size: 1F, Instance:  0, RD#:  A,  2
<6>[   11.340148] Type: 0F, Start: 0133, Size:  B, Instance:  0, RD#:  1,  C
<6>[   11.341583] Type: 12, Start: 013E, Size:  2, Instance:  0, RD#:  0,  0
<6>[   11.342956] Type: 13, Start: 0140, Size: 10, Instance:  0, RD#:  1,  D
<6>[   11.344238] Type: 14, Start: 0150, Size:  C, Instance:  0, RD#:  1,  E
<6>[   11.345611] Type: 16, Start: 015C, Size: 11, Instance:  0, RD#:  1,  F
<6>[   11.346099] msm72k_udc: ulpi: write 0x0c to 0x31
<6>[   11.346313] msm72k_udc: ulpi: write 0x30 to 0x32
<6>[   11.346435] msm72k_udc: ulpi: write 0x1d to 0x0d
<6>[   11.346649] msm72k_udc: ulpi: write 0x1d to 0x10
<6>[   11.346771] msm72k_udc: ept #0 out max:64 head:ffa03000 bit:0
<6>[   11.346984] msm72k_udc: ept #1 out max:512 head:ffa03080 bit:1
<6>[   11.347106] msm72k_udc: ept #2 out max:512 head:ffa03100 bit:2
<6>[   11.347320] msm72k_udc: ept #3 out max:512 head:ffa03180 bit:3
<6>[   11.347442] msm72k_udc: ept #4 out max:512 head:ffa03200 bit:4
<6>[   11.347656] msm72k_udc: ept #5 out max:512 head:ffa03280 bit:5
<6>[   11.347778] msm72k_udc: ept #6 out max:512 head:ffa03300 bit:6
<6>[   11.347991] msm72k_udc: ept #7 out max:512 head:ffa03380 bit:7
<6>[   11.348114] msm72k_udc: ept #8 out max:512 head:ffa03400 bit:8
<6>[   11.348327] msm72k_udc: ept #9 out max:512 head:ffa03480 bit:9
<6>[   11.348449] msm72k_udc: ept #10 out max:512 head:ffa03500 bit:10
<6>[   11.348663] msm72k_udc: ept #11 out max:512 head:ffa03580 bit:11
<6>[   11.348785] msm72k_udc: ept #12 out max:512 head:ffa03600 bit:12
<6>[   11.348999] msm72k_udc: ept #13 out max:512 head:ffa03680 bit:13
<6>[   11.349121] msm72k_udc: ept #14 out max:512 head:ffa03700 bit:14
<6>[   11.349334] msm72k_udc: ept #15 out max:512 head:ffa03780 bit:15
<6>[   11.349456] msm72k_udc: ept #0 in max:64 head:ffa03040 bit:16
<6>[   11.349670] msm72k_udc: ept #1 in max:512 head:ffa030c0 bit:17
<6>[   11.349792] msm72k_udc: ept #2 in max:512 head:ffa03140 bit:18
<6>[   11.350006] msm72k_udc: ept #3 in max:512 head:ffa031c0 bit:19
<6>[   11.350097] msm72k_udc: ept #4 in max:512 head:ffa03240 bit:20
<6>[   11.350311] msm72k_udc: ept #5 in max:512 head:ffa032c0 bit:21
<6>[   11.350433] msm72k_udc: ept #6 in max:512 head:ffa03340 bit:22
<6>[   11.350646] msm72k_udc: ept #7 in max:512 head:ffa033c0 bit:23
<6>[   11.350769] msm72k_udc: ept #8 in max:512 head:ffa03440 bit:24
<6>[   11.350982] msm72k_udc: ept #9 in max:512 head:ffa034c0 bit:25
<6>[   11.351104] msm72k_udc: ept #10 in max:512 head:ffa03540 bit:26
<6>[   11.351226] msm72k_udc: ept #11 in max:512 head:ffa035c0 bit:27
<6>[   11.351440] msm72k_udc: ept #12 in max:512 head:ffa03640 bit:28
<6>[   11.351562] msm72k_udc: ept #13 in max:512 head:ffa036c0 bit:29
<6>[   11.351776] msm72k_udc: ept #14 in max:512 head:ffa03740 bit:30
<6>[   11.351898] msm72k_udc: ept #15 in max:512 head:ffa037c0 bit:31
<6>[   11.352111] usb: notify offline
<6>[   11.352233] msm_hsusb: enable pullup
<6>[   11.352355] msm72k_udc: ONLINE -> OFFLINE
<6>[   11.352569] msm_hsusb: disable pullup
<6>[   11.352661] batt:online=0
<6>[   11.352783] batt: Update SMEM: cable type 0 at 7987265866 (1970-01-01 00:00:07.987052451 UTC)
<6>[   11.353240] usb: notify offline
<6>[   11.354644] Type: 17, Start: 016D, Size:  F, Instance:  0, RD#:  1, 10
<6>[   11.375946] Type: 18, Start: 017C, Size: 13, Instance:  0, RD#:  4, 11
<6>[   11.377899] Type: 19, Start: 018F, Size:  E, Instance:  0, RD#:  1, 15
<6>[   11.379943] Type: 1B, Start: 019D, Size:  7, Instance:  0, RD#:  1, 16
<6>[   11.381896] Type: 1C, Start: 01A4, Size:  6, Instance:  0, RD#:  1, 17
<6>[   11.383941] Type: 25, Start: 0070, Size: 82, Instance:  0, RD#:  0,  0
<6>[   11.384155] finger_type: 2, max finger: 2
<3>[   11.416931] CRC Error: 63, 84
<6>[   11.417053] GCAF_level: 20, 24, 28, 40, 63
<6>[   11.417266] filter_level: 46, 100, 923, 978
<6>[   11.417358] Touch: Config reload
<6>[   11.556579] Touch: 0x01 0x90 0x84 0xE3 0x09 0x00 0x00
<6>[   11.637298] Touch: 0x01 0x90 0x63 0x27 0x8E 0x00 0x00
<6>[   11.637603] input: atmel-touchscreen as /devices/virtual/input/input2
<6>[   11.638000] atmel_qt602240 0-004a: Start touchscreen atmel-touchscreen in interrupt mode
<6>[   11.638336] GPIO Input Driver: Start gpio inputs for supersonic-keypad in interrupt mode
<6>[   11.638702] input: supersonic-keypad as /devices/virtual/input/input3
<6>[   11.639282] using input dev h2w headset for key reset
<6>[   11.639404] using input dev supersonic-keypad for key reset
<4>[   11.639831] Creating a master local ept c7dc0ec0
<6>[   11.640167] using rtc device, msm_rtc, for alarms
<6>[   11.640289] rs30000048:00010000 rs30000048:00010000: rtc core: registered msm_rtc as rtc0
<6>[   11.640655] AKM8973 compass driver: init
<6>[   11.642486] Touch Status: 0x01 0x00 0x63 0x27 0x8E 
<6>[   11.644012] input: compass as /devices/virtual/input/input4
<6>[   11.644378] a1026_init
<3>[   11.644622] tpa6130 HP AMP: init
<6>[   11.644805] [TPS65200]: Driver registration done
<6>[   11.644958] Linux video capture interface: v2.00
<6>[   11.645599] ov9665_probe succeeded!
<6>[   11.645751] ov9665 s->node -1072671320
<6>[   11.645874] ov9665: ov9665_sensor_probe switch clk
<6>[   11.646118] SuperSoinc: Doing clk switch (supersonic)(ov9665)
<6>[   11.654235] ov9665: MCLK enable clk
<6>[   11.659423] gpio_keys_scan_keys: key 1-74, 0 (94) changed to 0
<6>[   11.659545] gpio_keys_scan_keys: key 1-73, 1 (41) changed to 0
<6>[   11.659759] gpio_keys_scan_keys: key 1-72, 2 (42) changed to 0
<6>[   11.770721] ov9665_sensor_init_probe 
<6>[   11.771942] ov9665: model_id = 0x9663
<6>[   12.754730] ov9665:kobject creat and add
<6>[   12.754882] ov9665:sysfs_create_file
<6>[   12.755004] drivers/media/video/msm/ov9665.c ov9665_sensor_probe:1101
<4>[   12.755889] __ov8810_probe
<6>[   12.756011] ov8810_vreg_enable camera vreg on
<3>[   12.756225] sensor platform_data didnt register
<3>[   12.756347] __ov8810_probe fail sensor power on error
<6>[   12.756805] ov8810_probe called!
<6>[   12.807281] ov8810_probe successed! rc = 0
<6>[   12.807434] ov8810 s->node -943587564
<6>[   12.807556] Ov8810: doing clk switch (ov8810)
<6>[   12.807769] SuperSoinc: clk switch (supersonic)(ov8810)
<6>[   12.817871] ov8810_sensor_probe, msm_camio_clk_rate_set 24000000
<6>[   12.957427] ov8810_probe_read_id, ov8810_probe_init_sensor 1
<6>[   12.958190] ov8810 model_id + ver = 0x8813
<6>[   12.958404] ov8810_probe_read_id, Expected id=0x8810
<6>[   12.958526] ov8810_probe_read_id, vreg_get vreg_af_actuator
<6>[   12.958740]  ov8810_probe_init_sensor finishes
<6>[   13.018096] <6>[LSC calibration]  read AWB table 0xc1b
<6>[   13.018218] <6>[LSC calibration]  read AWB table 0x2a5
<6>[   13.018432] <6>[LSC calibration]  read AWB table 0x2fe
<6>[   13.018554] <6>[LSC calibration]  read AWB table 0x11c7
<6>[   13.018768] <6>[LSC calibration]  read AWB table 0xc7e2
<6>[   13.018890] <6>[LSC calibration]  read AWB table 0x0
<6>[   13.019073] <6>[LSC calibration]  read AWB table 0x0
<6>[   13.019195] <6>[LSC calibration]  read AWB table 0x9697f58b
<6>[   13.019409] [LSC calibration]  read LSC table 0x3350, 0x6
<6>[   13.019531] [LSC calibration]  read LSC table 0x3351, 0xab
<6>[   13.019744] [LSC calibration]  read LSC table 0x3352, 0x5
<6>[   13.019866] [LSC calibration]  read LSC table 0x3353, 0x0
<6>[   13.020080] [LSC calibration]  read LSC table 0x3354, 0x4
<6>[   13.020202] [LSC calibration]  read LSC table 0x3355, 0xf8
<6>[   13.020416] [LSC calibration]  read LSC table 0x3356, 0x7
<6>[   13.020507] [LSC calibration]  read LSC table 0x3357, 0x74
<6>[   13.020629] [LSC calibration]  read LSC table 0x3358, 0x37
<6>[   13.020751] [LSC calibration]  read LSC table 0x3359, 0x1e
<6>[   13.020874] [LSC calibration]  read LSC table 0x335a, 0x16
<6>[   13.021087] [LSC calibration]  read LSC table 0x335b, 0x12
<6>[   13.021209] [LSC calibration]  read LSC table 0x335c, 0x11
<6>[   13.021423] [LSC calibration]  read LSC table 0x335d, 0x14
<6>[   13.021514] [LSC calibration]  read LSC table 0x335e, 0x1b
<6>[   13.021728] [LSC calibration]  read LSC table 0x335f, 0x23
<6>[   13.021850] [LSC calibration]  read LSC table 0x3360, 0x18
<6>[   13.022064] [LSC calibration]  read LSC table 0x3361, 0xf
<6>[   13.022186] [LSC calibration]  read LSC table 0x3362, 0xb
<6>[   13.022399] [LSC calibration]  read LSC table 0x3363, 0x9
<6>[   13.022521] [LSC calibration]  read LSC table 0x3364, 0x9
<6>[   13.022735] [LSC calibration]  read LSC table 0x3365, 0xa
<6>[   13.022857] [LSC calibration]  read LSC table 0x3366, 0xe
<6>[   13.023071] [LSC calibration]  read LSC table 0x3367, 0x14
<6>[   13.023162] [LSC calibration]  read LSC table 0x3368, 0xd
<6>[   13.023376] [LSC calibration]  read LSC table 0x3369, 0x8
<6>[   13.023498] [LSC calibration]  read LSC table 0x336a, 0x5
<6>[   13.023712] [LSC calibration]  read LSC table 0x336b, 0x3
<6>[   13.023834] [LSC calibration]  read LSC table 0x336c, 0x3
<6>[   13.024047] [LSC calibration]  read LSC table 0x336d, 0x4
<6>[   13.024169] [LSC calibration]  read LSC table 0x336e, 0x8
<6>[   13.024383] [LSC calibration]  read LSC table 0x336f, 0xa
<6>[   13.024505] [LSC calibration]  read LSC table 0x3370, 0xb
<6>[   13.024627] [LSC calibration]  read LSC table 0x3371, 0x6
<6>[   13.024841] [LSC calibration]  read LSC table 0x3372, 0x2
<6>[   13.024932] [LSC calibration]  read LSC table 0x3373, 0x0
<6>[   13.025146] [LSC calibration]  read LSC table 0x3374, 0x0
<6>[   13.025268] [LSC calibration]  read LSC table 0x3375, 0x2
<6>[   13.025482] [LSC calibration]  read LSC table 0x3376, 0x5
<6>[   13.025604] [LSC calibration]  read LSC table 0x3377, 0x9
<6>[   13.025817] [LSC calibration]  read LSC table 0x3378, 0xb
<6>[   13.025939] [LSC calibration]  read LSC table 0x3379, 0x6
<6>[   13.026153] [LSC calibration]  read LSC table 0x337a, 0x2
<6>[   13.026245] [LSC calibration]  read LSC table 0x337b, 0x0
<6>[   13.026458] [LSC calibration]  read LSC table 0x337c, 0x0
<6>[   13.026580] [LSC calibration]  read LSC table 0x337d, 0x2
<6>[   13.026794] [LSC calibration]  read LSC table 0x337e, 0x5
<6>[   13.026916] [LSC calibration]  read LSC table 0x337f, 0x9
<6>[   13.027130] [LSC calibration]  read LSC table 0x3380, 0xf
<6>[   13.027252] [LSC calibration]  read LSC table 0x3381, 0x9
<6>[   13.027465] [LSC calibration]  read LSC table 0x3382, 0x6
<6>[   13.027587] [LSC calibration]  read LSC table 0x3383, 0x4
<6>[   13.027801] [LSC calibration]  read LSC table 0x3384, 0x3
<6>[   13.027923] [LSC calibration]  read LSC table 0x3385, 0x5
<6>[   13.028045] [LSC calibration]  read LSC table 0x3386, 0x8
<6>[   13.028137] [LSC calibration]  read LSC table 0x3387, 0xb
<6>[   13.028259] [LSC calibration]  read LSC table 0x3388, 0x18
<6>[   13.028472] [LSC calibration]  read LSC table 0x3389, 0x10
<6>[   13.028594] [LSC calibration]  read LSC table 0x338a, 0xc
<6>[   13.028808] [LSC calibration]  read LSC table 0x338b, 0xa
<6>[   13.028930] [LSC calibration]  read LSC table 0x338c, 0xa
<6>[   13.029144] [LSC calibration]  read LSC table 0x338d, 0xb
<6>[   13.029235] [LSC calibration]  read LSC table 0x338e, 0xf
<6>[   13.029449] [LSC calibration]  read LSC table 0x338f, 0x14
<6>[   13.029571] [LSC calibration]  read LSC table 0x3390, 0x3c
<6>[   13.029785] [LSC calibration]  read LSC table 0x3391, 0x1f
<6>[   13.029907] [LSC calibration]  read LSC table 0x3392, 0x1a
<6>[   13.030120] [LSC calibration]  read LSC table 0x3393, 0x14
<6>[   13.030242] [LSC calibration]  read LSC table 0x3394, 0x13
<6>[   13.030456] [LSC calibration]  read LSC table 0x3395, 0x16
<6>[   13.030548] [LSC calibration]  read LSC table 0x3396, 0x1d
<6>[   13.030761] [LSC calibration]  read LSC table 0x3397, 0x28
<6>[   13.030883] [LSC calibration]  read LSC table 0x3398, 0xb
<6>[   13.031097] [LSC calibration]  read LSC table 0x3399, 0xa
<6>[   13.031219] [LSC calibration]  read LSC table 0x339a, 0x9
<6>[   13.031433] [LSC calibration]  read LSC table 0x339b, 0xa
<6>[   13.031555] [LSC calibration]  read LSC table 0x339c, 0xa
<6>[   13.031768] [LSC calibration]  read LSC table 0x339d, 0xd
<6>[   13.031890] [LSC calibration]  read LSC table 0x339e, 0xf
<6>[   13.032012] [LSC calibration]  read LSC table 0x339f, 0xd
<6>[   13.032104] [LSC calibration]  read LSC table 0x33a0, 0xf
<6>[   13.032226] [LSC calibration]  read LSC table 0x33a1, 0xe
<6>[   13.032440] [LSC calibration]  read LSC table 0x33a2, 0xe
<6>[   13.032562] [LSC calibration]  read LSC table 0x33a3, 0x9
<6>[   13.032775] [LSC calibration]  read LSC table 0x33a4, 0xc
<6>[   13.032897] [LSC calibration]  read LSC table 0x33a5, 0xe
<6>[   13.033111] [LSC calibration]  read LSC table 0x33a6, 0x11
<6>[   13.033233] [LSC calibration]  read LSC table 0x33a7, 0x10
<6>[   13.033447] [LSC calibration]  read LSC table 0x33a8, 0xf
<6>[   13.033538] [LSC calibration]  read LSC table 0x33a9, 0x9
<6>[   13.033752] [LSC calibration]  read LSC table 0x33aa, 0xb
<6>[   13.033874] [LSC calibration]  read LSC table 0x33ab, 0xf
<6>[   13.034088] [LSC calibration]  read LSC table 0x33ac, 0x10
<6>[   13.034210] [LSC calibration]  read LSC table 0x33ad, 0xf
<6>[   13.034423] [LSC calibration]  read LSC table 0x33ae, 0xe
<6>[   13.034545] [LSC calibration]  read LSC table 0x33af, 0x8
<6>[   13.034759] [LSC calibration]  read LSC table 0x33b0, 0xe
<6>[   13.034851] [LSC calibration]  read LSC table 0x33b1, 0xb
<6>[   13.035064] [LSC calibration]  read LSC table 0x33b2, 0xc
<6>[   13.035186] [LSC calibration]  read LSC table 0x33b3, 0xc
<6>[   13.035400] [LSC calibration]  read LSC table 0x33b4, 0xc
<6>[   13.035522] [LSC calibration]  read LSC table 0x33b5, 0x8
<6>[   13.035644] [LSC calibration]  read LSC table 0x33b6, 0xf
<6>[   13.035858] [LSC calibration]  read LSC table 0x33b7, 0xd
<6>[   13.035980] [LSC calibration]  read LSC table 0x33b8, 0xb
<6>[   13.036163] [LSC calibration]  read LSC table 0x33b9, 0xc
<6>[   13.036285] [LSC calibration]  read LSC table 0x33ba, 0xc
<6>[   13.036499] [LSC calibration]  read LSC table 0x33bb, 0xd
<6>[   13.036621] [LSC calibration]  read LSC table 0x33bc, 0x1f
<6>[   13.036834] [LSC calibration]  read LSC table 0x33bd, 0x1f
<6>[   13.036956] [LSC calibration]  read LSC table 0x33be, 0x1d
<6>[   13.037170] [LSC calibration]  read LSC table 0x33bf, 0x1e
<6>[   13.037261] [LSC calibration]  read LSC table 0x33c0, 0x1f
<6>[   13.037506] [LSC calibration]  read LSC table 0x33c1, 0x1f
<6>[   13.037628] [LSC calibration]  read LSC table 0x33c2, 0x1d
<6>[   13.037841] [LSC calibration]  read LSC table 0x33c3, 0x16
<6>[   13.037933] [LSC calibration]  read LSC table 0x33c4, 0x14
<6>[   13.038146] [LSC calibration]  read LSC table 0x33c5, 0x14
<6>[   13.038269] [LSC calibration]  read LSC table 0x33c6, 0x16
<6>[   13.038482] [LSC calibration]  read LSC table 0x33c7, 0x1e
<6>[   13.038604] [LSC calibration]  read LSC table 0x33c8, 0x17
<6>[   13.038818] [LSC calibration]  read LSC table 0x33c9, 0x13
<6>[   13.038940] [LSC calibration]  read LSC table 0x33ca, 0x10
<6>[   13.039154] [LSC calibration]  read LSC table 0x33cb, 0x10
<6>[   13.039276] [LSC calibration]  read LSC table 0x33cc, 0x11
<6>[   13.039489] [LSC calibration]  read LSC table 0x33cd, 0x18
<6>[   13.039581] [LSC calibration]  read LSC table 0x33ce, 0x18
<6>[   13.039794] [LSC calibration]  read LSC table 0x33cf, 0x13
<6>[   13.039916] [LSC calibration]  read LSC table 0x33d0, 0x10
<6>[   13.040130] [LSC calibration]  read LSC table 0x33d1, 0x10
<6>[   13.040252] [LSC calibration]  read LSC table 0x33d2, 0x11
<6>[   13.040374] [LSC calibration]  read LSC table 0x33d3, 0x18
<6>[   13.040588] [LSC calibration]  read LSC table 0x33d4, 0x1c
<6>[   13.040679] [LSC calibration]  read LSC table 0x33d5, 0x17
<6>[   13.040893] [LSC calibration]  read LSC table 0x33d6, 0x14
<6>[   13.041015] [LSC calibration]  read LSC table 0x33d7, 0x13
<6>[   13.041229] [LSC calibration]  read LSC table 0x33d8, 0x16
<6>[   13.041351] [LSC calibration]  read LSC table 0x33d9, 0x1f
<6>[   13.041564] [LSC calibration]  read LSC table 0x33da, 0x1f
<6>[   13.041687] [LSC calibration]  read LSC table 0x33db, 0x1f
<6>[   13.041900] [LSC calibration]  read LSC table 0x33dc, 0x1c
<6>[   13.042022] [LSC calibration]  read LSC table 0x33dd, 0x1f
<6>[   13.042236] [LSC calibration]  read LSC table 0x33de, 0x1f
<6>[   13.042358] [LSC calibration]  read LSC table 0x33df, 0x1f
<6>[   13.042572] [LSC calibration]checksum pass,use calibrated LSC
<6>[   13.106140] [LSC calibration] use calibrated LSC table done!
<6>[   13.128601] ov8810:kobject creat and add
<6>[   13.128753] Ov8810:sysfs_create_file
<6>[   13.128875] ov8810_sensor_probe: ov8810_probe_init_done 2676
<6>[   13.129852] device-mapper: uevent: version 1.0.3
<6>[   13.130218] device-mapper: ioctl: 4.17.0-ioctl (2010-03-05) initialised: dm-devel@redhat.com
<6>[   13.130584] Bluetooth: HCI UART driver ver 2.2
<6>[   13.130706] Bluetooth: HCI H4 protocol initialized
<6>[   13.130920] Bluetooth: HCILL protocol initialized
<6>[   13.132019] mmc0: Qualcomm MSM SDCC at 0x00000000a0300000 irq 24,0 dma 8
<6>[   13.132232] mmc0: Platform slot type: N/A
<6>[   13.132354] mmc0: 4 bit data mode enabled
<6>[   13.132568] mmc0: 8 bit data mode disabled
<6>[   13.132690] mmc0: MMC clock 144000 -> 50000000 Hz, PCLK 64000000 Hz
<6>[   13.132904] mmc0: Slot eject status = 1
<6>[   13.133026] mmc0: Power save feature enable = 1
<6>[   13.133117] mmc0: DM non-cached buffer at ffa05000, dma_addr 0x27df1000
<6>[   13.133331] mmc0: DM cmd busaddr 0x27df1000, cmdptr busaddr 0x27df1300
<4>[   13.133880] supersonic_wimax_status_register
<4>[   13.134094] supersonic_wimax_status
<6>[   13.134338] mmc1: Qualcomm MSM SDCC at 0x00000000a0500000 irq 10,0 dma 8
<6>[   13.134552] mmc1: Platform slot type: Unknown type
<6>[   13.134674] mmc1: 4 bit data mode enabled
<6>[   13.134796] mmc1: 8 bit data mode disabled
<6>[   13.134979] mmc1: MMC clock 144000 -> 50000000 Hz, PCLK 64000000 Hz
<6>[   13.135101] mmc1: Slot eject status = 1
<6>[   13.135314] mmc1: Power save feature enable = 1
<6>[   13.135437] mmc1: DM non-cached buffer at ffa06000, dma_addr 0x27df3000
<6>[   13.135650] mmc1: DM cmd busaddr 0x27df3000, cmdptr busaddr 0x27df3300
<6>[   13.136260] supersonic_sdslot_switchvdd: Disabling SD slot power
<6>[   13.136688] mmc2: Qualcomm MSM SDCC at 0x00000000a0400000 irq 26,0 dma 8
<6>[   13.136810] mmc2: Platform slot type: SD
<6>[   13.137023] mmc2: 4 bit data mode enabled
<6>[   13.137115] mmc2: 8 bit data mode disabled
<6>[   13.137237] mmc2: MMC clock 144000 -> 50000000 Hz, PCLK 64000000 Hz
<6>[   13.137451] mmc2: Slot eject status = 0
<6>[   13.137603] mmc2: Power save feature enable = 1
<6>[   13.137817] mmc2: DM non-cached buffer at ffa07000, dma_addr 0x27df8000
<6>[   13.137939] mmc2: DM cmd busaddr 0x27df8000, cmdptr busaddr 0x27df8300
<6>[   13.138153] mmc2: Polling status mode enabled
<7>[   13.138458] Registered led device: button-backlight
<7>[   13.138885] Registered led device: amber
<7>[   13.139038] Registered led device: green
<7>[   13.139221] Registered led device: wimax
<6>[   13.139434] microp_led_probe: succeeded
<6>[   13.140106] logger: created 64K log 'log_main'
<6>[   13.140289] logger: created 256K log 'log_events'
<6>[   13.140441] logger: created 64K log 'log_radio'
<6>[   13.140625] logger: created 64K log 'log_system'
<4>[   13.140991] GACT probability NOT on
<4>[   13.141113] Mirror/redirect action on
<4>[   13.141235] u32 classifier
<4>[   13.141418]     Actions configured 
<4>[   13.141540] Netfilter messages via NETLINK v0.30.
<4>[   13.141723] nf_conntrack version 0.5.0 (6312 buckets, 25248 max)
<4>[   13.142150] CONFIG_NF_CT_ACCT is deprecated and will be removed soon. Please use
<4>[   13.142272] nf_conntrack.acct=1 kernel parameter, acct=1 nf_conntrack module option or
<4>[   13.142486] sysctl net.netfilter.nf_conntrack_acct=1 to enable it.
<4>[   13.142791] ctnetlink v0.93: registering with nfnetlink.
<6>[   13.143005] xt_time: kernel timezone is -0000
<6>[   13.143402] ip_tables: (C) 2000-2006 Netfilter Core Team
<6>[   13.143585] arp_tables: (C) 2002 David S. Miller
<6>[   13.143768] TCP cubic registered
<6>[   13.143981] NET: Registered protocol family 17
<6>[   13.144104] NET: Registered protocol family 15
<5>[   13.144378] Bridge firewalling registered
<6>[   13.144500] Bluetooth: L2CAP ver 2.14
<6>[   13.144622] Bluetooth: L2CAP socket layer initialized
<6>[   13.144836] Bluetooth: SCO (Voice Link) ver 0.6
<6>[   13.144958] Bluetooth: SCO socket layer initialized
<6>[   13.145202] Bluetooth: RFCOMM TTY layer initialized
<6>[   13.145416] Bluetooth: RFCOMM socket layer initialized
<6>[   13.145538] Bluetooth: RFCOMM ver 1.11
<6>[   13.145751] Bluetooth: BNEP (Ethernet Emulation) ver 1.3
<6>[   13.145874] Bluetooth: HIDP (Human Interface Emulation) ver 1.2
<6>[   13.146148] lib80211: common routines for IEEE802.11 drivers
<7>[   13.146270] lib80211_crypt: registered algorithm 'NULL'
<7>[   13.146484] lib80211_crypt: registered algorithm 'WEP'
<7>[   13.146606] lib80211_crypt: registered algorithm 'CCMP'
<7>[   13.146820] lib80211_crypt: registered algorithm 'TKIP'
<6>[   13.146942] ThumbEE CPU extension supported.
<6>[   13.147399] clock_late_init() disabled 15 unused clocks
<4>[   13.147705] supersonic_wifi_init: start
<6>[   13.148101] VFP support v0.3: implementor 51 architecture 0 part 0f variant 0 rev 1
<4>[   13.149475] regulator_init_complete: incomplete constraints, leaving ldo2 on
<4>[   13.150238] regulator_init_complete: incomplete constraints, leaving ldo1 on
<4>[   13.151092] regulator_init_complete: incomplete constraints, leaving dcdc3 on
<4>[   13.151977] regulator_init_complete: incomplete constraints, leaving dcdc2 on
<4>[   13.152740] regulator_init_complete: incomplete constraints, leaving dcdc1 on
<4>[   13.152984] [RPC] CALL on ept c7dc0ec0 to 30000048:00010004 @ 0:00000001 (44 bytes) (xid 4 proc 7)
<4>[   13.153228] [RPC] READ on ept c7dc0ec0
<4>[   13.154327] [RR] - ver=1 type=1 src=0:00000001 crx=0 siz=60 dst=1:c7dc0ec0
<4>[   13.154571] [RPC] READ on ept c7dc0ec0 (56 bytes)
<6>[   13.154693] rs30000048:00010000 rs30000048:00010000: setting system clock to 2010-08-23 01:26:45 UTC (1282526805)
<4>[   13.154998] Warning: unable to open an initial console.
<6>[   13.155273] Freeing init memory: 120K
<6>[   13.201171] yaffs: dev is 32505860 name is "mtdblock4" rw
<6>[   13.201293] yaffs: passed flags ""
<7>[   13.201507] yaffs: Attempting MTD mount of 31.4,"mtdblock4"
<6>[   13.226867] supersonic_sdslot_switchvdd: Setting level to 2900 (Success)
<6>[   13.299285] supersonic_sdslot_switchvdd: Setting level to 2850 (Success)
<7>[   13.330749] yaffs: restored from checkpoint
<7>[   13.331329] yaffs_read_super: isCheckpointed 1
<6>[   13.357910] yaffs: dev is 32505862 name is "mtdblock6" rw
<6>[   13.358154] yaffs: passed flags ""
<7>[   13.358276] yaffs: Attempting MTD mount of 31.6,"mtdblock6"
<4>[   13.577545] mmc2: host does not support reading read-only switch. assuming write-enable.
<6>[   13.577789] mmc2: new high speed SDHC card at address e26b
<6>[   13.578308] mmcblk0: mmc2:e26b SU08G 7.40 GiB 
<6>[   13.578613]  mmcblk0: p1 p2
<7>[   13.959777] block 415 is bad
<7>[   14.078765] block 843 is bad
<7>[   14.254516] block 1471 is bad
<7>[   14.263336] block 1502 is bad
<7>[   14.808441] block 3405 is bad
<4>[   14.872070] [RR] - ver=1 type=1 src=0:00000001 crx=0 siz=48 dst=1:c7c84ca0
<4>[   14.872344] [RPC] READ on ept c7c84ca0
<4>[   14.872467] [RPC] READ on ept c7c84ca0 is a CALL on 30100000:00000000 proc 1 xid 0
<6>[   14.872680] batt: M2A_RPC: set_charging: 1 at 11503637816 (2010-08-23 01:26:47.216310976 UTC)
<6>[   14.873016] TPS65200 Switch charger set control1
<6>[   14.873138] Switch charger ON (SLOW)
<4>[   14.874450] [RPC] REPLY on ept c7c84ca0 to xid=0 @ 0:00000001 (24 bytes)
<4>[   14.883392] [RR] - ver=1 type=1 src=0:00000001 crx=0 siz=48 dst=1:c7c84ca0
<4>[   14.883697] [RPC] READ on ept c7c84ca0
<4>[   14.883819] [RPC] READ on ept c7c84ca0 is a CALL on 30100000:00000000 proc 2 xid 1
<6>[   14.884033] batt: M2A_RPC: cable_update: USB at 11514979279 (2010-08-23 01:26:47.227652439 UTC)
<6>[   14.884277] batt: htc_cable_status_update: 0 -> 1
<4>[   14.884399] [RPC] REPLY on ept c7c84ca0 to xid=1 @ 0:00000001 (24 bytes)
<6>[   14.884613] msm72k_udc: OFFLINE -> ONLINE
<6>[   14.884857] hsusb: reset controller
<4>[   14.884979] [RR] - ver=1 type=7 src=0:fffffffe crx=0 siz=20 dst=1:fffffffe
<4>[   14.885223] [RR] o RESUME_TX id=0:00000001
<6>[   15.049743] msm72k_udc: ulpi: write 0x0c to 0x31
<6>[   15.049957] msm72k_udc: ulpi: write 0x30 to 0x32
<6>[   15.050048] msm72k_udc: ulpi: write 0x1d to 0x0d
<6>[   15.050170] msm72k_udc: ulpi: write 0x1d to 0x10
<6>[   15.050384] msm72k_udc: ept #0 out max:64 head:ffa03000 bit:0
<6>[   15.050506] msm72k_udc: ept #1 out max:512 head:ffa03080 bit:1
<6>[   15.050750] msm72k_udc: ept #2 out max:512 head:ffa03100 bit:2
<6>[   15.050842] msm72k_udc: ept #3 out max:512 head:ffa03180 bit:3
<6>[   15.051055] msm72k_udc: ept #4 out max:512 head:ffa03200 bit:4
<6>[   15.051177] msm72k_udc: ept #5 out max:512 head:ffa03280 bit:5
<6>[   15.051391] msm72k_udc: ept #6 out max:512 head:ffa03300 bit:6
<6>[   15.051513] msm72k_udc: ept #7 out max:512 head:ffa03380 bit:7
<6>[   15.051727] msm72k_udc: ept #8 out max:512 head:ffa03400 bit:8
<6>[   15.051849] msm72k_udc: ept #9 out max:512 head:ffa03480 bit:9
<6>[   15.052062] msm72k_udc: ept #10 out max:512 head:ffa03500 bit:10
<6>[   15.052185] msm72k_udc: ept #11 out max:512 head:ffa03580 bit:11
<6>[   15.052398] msm72k_udc: ept #12 out max:512 head:ffa03600 bit:12
<6>[   15.052520] msm72k_udc: ept #13 out max:512 head:ffa03680 bit:13
<6>[   15.052642] msm72k_udc: ept #14 out max:512 head:ffa03700 bit:14
<6>[   15.052856] msm72k_udc: ept #15 out max:512 head:ffa03780 bit:15
<6>[   15.052978] msm72k_udc: ept #0 in max:64 head:ffa03040 bit:16
<6>[   15.053192] msm72k_udc: ept #1 in max:512 head:ffa030c0 bit:17
<6>[   15.053314] msm72k_udc: ept #2 in max:512 head:ffa03140 bit:18
<6>[   15.053527] msm72k_udc: ept #3 in max:512 head:ffa031c0 bit:19
<6>[   15.053619] msm72k_udc: ept #4 in max:512 head:ffa03240 bit:20
<6>[   15.053833] msm72k_udc: ept #5 in max:512 head:ffa032c0 bit:21
<6>[   15.053955] msm72k_udc: ept #6 in max:512 head:ffa03340 bit:22
<6>[   15.054168] msm72k_udc: ept #7 in max:512 head:ffa033c0 bit:23
<6>[   15.054290] msm72k_udc: ept #8 in max:512 head:ffa03440 bit:24
<6>[   15.054504] msm72k_udc: ept #9 in max:512 head:ffa034c0 bit:25
<6>[   15.054626] msm72k_udc: ept #10 in max:512 head:ffa03540 bit:26
<6>[   15.054840] msm72k_udc: ept #11 in max:512 head:ffa035c0 bit:27
<6>[   15.054962] msm72k_udc: ept #12 in max:512 head:ffa03640 bit:28
<6>[   15.055175] msm72k_udc: ept #13 in max:512 head:ffa036c0 bit:29
<6>[   15.055297] msm72k_udc: ept #14 in max:512 head:ffa03740 bit:30
<6>[   15.055511] msm72k_udc: ept #15 in max:512 head:ffa037c0 bit:31
<6>[   15.055633] usb: notify offline
<6>[   15.055847] msm_hsusb: enable pullup
<6>[   15.058990] msm72k_udc: msm72k_udc: suspend
<6>[   15.214569] msm72k_udc: msm72k_udc: reset
<6>[   15.216857] msm72k_udc: msm72k_udc: portchange USB_SPEED_HIGH
<6>[   15.337554] msm72k_udc: msm72k_udc: reset
<6>[   15.339843] msm72k_udc: msm72k_udc: portchange USB_SPEED_HIGH
<6>[   15.498199] batt:online=1
<6>[   15.498321] batt: Update SMEM: cable type 1 at 12128851231 (2010-08-23 01:26:47.841310976 UTC)
<6>[   15.498779] android_usb gadget: high speed config #1: android
<6>[   15.499206] msm72k_udc: ept #3 in max:512 head:ffa031c0 bit:19
<6>[   15.499328] msm72k_udc: ept #2 out max:512 head:ffa03100 bit:2
<7>[   15.613555] yaffs_read_super: isCheckpointed 0
<6>[   15.712158] yaffs: dev is 32505861 name is "mtdblock5" rw
<6>[   15.712280] yaffs: passed flags ""
<7>[   15.712524] yaffs: Attempting MTD mount of 31.5,"mtdblock5"
<7>[   15.731933] yaffs: restored from checkpoint
<7>[   15.732299] yaffs_read_super: isCheckpointed 1
<3>[   16.069763] init: service 'console' requires console
<3>[   16.072998] init: cannot find '/system/bin/wimax_mtd', disabling 'wimax_mtd'
<3>[   16.073242] init: cannot find '/system/bin/setWiMAXPropDaemond', disabling 'setWMXPropd'
<3>[   16.073486] init: cannot find '/system/bin/getWiMAXPropDaemond', disabling 'getWMXPropd'
<3>[   16.073608] init: cannot find '/system/bin/dmagent', disabling 'dmagent'
<3>[   16.073760] init: cannot find '/system/bin/htcipcd', disabling 'htcipcd'
<3>[   16.073974] init: cannot find '/system/bin/iqd', disabling 'iqd'
<3>[   16.074096] init: cannot find '/system/bin/iqfd', disabling 'iqfd'
<6>[   16.136505] enabling adb
<6>[   16.138397] msm_hsusb: disable pullup
<6>[   16.150939] msm_hsusb: enable pullup
<6>[   16.151885] adb_open
<6>[   16.154449] msm72k_udc: msm72k_udc: suspend
<6>[   16.333496] msm72k_udc: msm72k_udc: reset
<6>[   16.333740] usb: notify offline
<6>[   16.334075] adb_release
<6>[   16.334564] adb_open
<6>[   16.335784] msm72k_udc: msm72k_udc: portchange USB_SPEED_HIGH
<6>[   16.378295] warning: `rild' uses 32-bit capabilities (legacy support in use)
<6>[   16.456512] msm72k_udc: msm72k_udc: reset
<6>[   16.458984] msm72k_udc: msm72k_udc: portchange USB_SPEED_HIGH
<6>[   16.483306] SMD: ch 0 1 -> 2
<6>[   16.485595] qmi: smd closed
<6>[   16.485839] SMD: ch 50 1 -> 2
<6>[   16.485931] qmi: smd opened
<6>[   16.486877] qmi: ctl: wds use client_id 0x01
<6>[   16.488403] qmi: smd closed
<6>[   16.488525] SMD: ch 51 1 -> 2
<6>[   16.488616] qmi: smd opened
<6>[   16.488769] qmi: smd closed
<6>[   16.488983] SMD: ch 52 1 -> 2
<6>[   16.489105] qmi: smd opened
<6>[   16.490051] qmi: ctl: wds use client_id 0x01
<6>[   16.490631] qmi: ctl: wds use client_id 0x01
<6>[   16.616394] batt:online=1
<6>[   16.616516] batt: Update SMEM: cable type 1 at 13245863426 (2010-08-23 01:26:48.958445122 UTC)
<6>[   16.616973] android_usb gadget: high speed config #1: android
<6>[   16.617126] msm72k_udc: ept #4 in max:512 head:ffa03240 bit:20
<6>[   16.617340] msm72k_udc: ept #3 out max:512 head:ffa03180 bit:3
<6>[   16.617706] msm72k_udc: ept #3 in max:512 head:ffa031c0 bit:19
<6>[   16.617919] msm72k_udc: ept #2 out max:512 head:ffa03100 bit:2
<6>[   17.309753] htc-acoustic: open
<4>[   17.310241] Creating a master local ept c748f8e0
<4>[   17.310394] [RPC] CALL on ept c748f8e0 to 30100003:00000000 @ 0:00000001 (44 bytes) (xid 5 proc 1)
<4>[   17.310729] [RPC] READ on ept c748f8e0
<4>[   17.311920] [RR] - ver=1 type=1 src=0:00000001 crx=0 siz=32 dst=1:c748f8e0
<4>[   17.312316] [RPC] READ on ept c748f8e0 (28 bytes)
<6>[   17.314544] htc-acoustic: mmap
<6>[   17.314880] htc-acoustic: ioctl
<6>[   17.315277] htc-acoustic: ioctl: ACOUSTIC_UPDATE_ADIE called 92.
<4>[   17.315399] [RPC] CALL on ept c748f8e0 to 30100003:00000000 @ 0:00000001 (44 bytes) (xid 6 proc 2)
<4>[   17.315704] [RPC] READ on ept c748f8e0
<4>[   17.317321] [RR] - ver=1 type=1 src=0:00000001 crx=0 siz=32 dst=1:c748f8e0
<4>[   17.317626] [RPC] READ on ept c748f8e0 (28 bytes)
<6>[   17.317749] htc-acoustic: ioctl: ONCRPC_UPDATE_ADIE_PROC success.
<6>[   17.319152] htc-acoustic: release
<6>[   17.340454] audio: init: codecs
<6>[   17.340728] SMD: ch 43 1 -> 2
<6>[   17.446044] dal_attach: status = 0, name = 'DAL_AQ_AUD'
<6>[   17.446228] audio: init: INIT
<6>[   17.446533] audio: init: OPEN control
<6>[   17.833557] audio: init: attach ACDB
<6>[   17.833831] SMD: ch 48 1 -> 2
<6>[   17.942840] dal_attach: status = 0, name = 'DAL_AM_AUD'
<6>[   17.943115] audio: init: attach ADIE
<6>[   17.943664] dal_attach: status = 0, name = 'DAL_AM_AUD'
<6>[   17.943908] Audio: supersonic_analog_init
<4>[   17.944030] Creating a master local ept c748fee0
<4>[   17.944152] [RPC] CALL on ept c748fee0 to 30000061:00010001 @ 0:00000001 (48 bytes) (xid 7 proc 3d)
<4>[   17.944396] [RPC] READ on ept c748fee0
<4>[   17.945495] [RR] - ver=1 type=1 src=0:00000001 crx=0 siz=32 dst=1:c748fee0
<4>[   17.945800] [RPC] READ on ept c748fee0 (28 bytes)
<4>[   17.946014] [RPC] CALL on ept c748fee0 to 30000061:00010001 @ 0:00000001 (48 bytes) (xid 8 proc 3d)
<4>[   17.946166] [RPC] READ on ept c748fee0
<4>[   17.947021] [RR] - ver=1 type=1 src=0:00000001 crx=0 siz=32 dst=1:c748fee0
<4>[   17.947204] [RPC] READ on ept c748fee0 (28 bytes)
<4>[   17.947418] [RPC] CALL on ept c748fee0 to 30000061:00010001 @ 0:00000001 (44 bytes) (xid 9 proc 20)
<4>[   17.947540] [RPC] READ on ept c748fee0
<4>[   17.947998] [RR] - ver=1 type=7 src=0:fffffffe crx=0 siz=20 dst=1:fffffffe
<4>[   17.948181] [RR] o RESUME_TX id=0:00000001
<4>[   17.948883] [RR] - ver=1 type=1 src=0:00000001 crx=0 siz=32 dst=1:c748fee0
<4>[   17.949035] [RPC] READ on ept c748fee0 (28 bytes)
<4>[   17.949249] [RPC] CALL on ept c748fee0 to 30000061:00010001 @ 0:00000001 (44 bytes) (xid a proc 22)
<4>[   17.949462] [RPC] READ on ept c748fee0
<4>[   17.950347] [RR] - ver=1 type=1 src=0:00000001 crx=0 siz=32 dst=1:c748fee0
<4>[   17.950592] [RPC] READ on ept c748fee0 (28 bytes)
<4>[   17.950714] [RPC] CALL on ept c748fee0 to 30000061:00010001 @ 0:00000001 (44 bytes) (xid b proc 3c)
<4>[   17.950927] [RPC] READ on ept c748fee0
<4>[   17.951843] [RR] - ver=1 type=1 src=0:00000001 crx=1 siz=32 dst=1:c748fee0
<4>[   17.952087] [RPC] READ on ept c748fee0 (28 bytes)
<4>[   17.952239] [RPC] CALL on ept c748fee0 to 30000061:00010001 @ 0:00000001 (44 bytes) (xid c proc 32)
<4>[   17.952453] [RPC] READ on ept c748fee0
<4>[   17.952575] [RR] x RESUME_TX id=1:c748fee0
<4>[   17.953460] [RR] - ver=1 type=1 src=0:00000001 crx=0 siz=32 dst=1:c748fee0
<4>[   17.953643] [RPC] READ on ept c748fee0 (28 bytes)
<4>[   17.953857] [RPC] CALL on ept c748fee0 to 30000061:00010001 @ 0:00000001 (44 bytes) (xid d proc 34)
<4>[   17.954010] [RPC] READ on ept c748fee0
<4>[   17.954772] [RR] - ver=1 type=1 src=0:00000001 crx=0 siz=32 dst=1:c748fee0
<4>[   17.954925] [RPC] READ on ept c748fee0 (28 bytes)
<4>[   17.955139] [RPC] CALL on ept c748fee0 to 30000061:00010001 @ 0:00000001 (44 bytes) (xid e proc 36)
<4>[   17.955383] [RPC] READ on ept c748fee0
<4>[   17.955810] [RR] - ver=1 type=7 src=0:fffffffe crx=0 siz=20 dst=1:fffffffe
<4>[   17.956085] [RR] o RESUME_TX id=0:00000001
<4>[   17.956695] [RR] - ver=1 type=1 src=0:00000001 crx=0 siz=32 dst=1:c748fee0
<4>[   17.956848] [RPC] READ on ept c748fee0 (28 bytes)
<4>[   17.957061] [RPC] CALL on ept c748fee0 to 30000061:00010001 @ 0:00000001 (44 bytes) (xid f proc 38)
<4>[   17.957275] [RPC] READ on ept c748fee0
<4>[   17.958129] [RR] - ver=1 type=1 src=0:00000001 crx=0 siz=32 dst=1:c748fee0
<4>[   17.958435] [RPC] READ on ept c748fee0 (28 bytes)
<4>[   17.958557] [RPC] CALL on ept c748fee0 to 30000061:00010001 @ 0:00000001 (44 bytes) (xid 10 proc 3a)
<4>[   17.958770] [RPC] READ on ept c748fee0
<4>[   17.959655] [RR] - ver=1 type=1 src=0:00000001 crx=1 siz=32 dst=1:c748fee0
<4>[   17.959899] [RPC] READ on ept c748fee0 (28 bytes)
<4>[   17.960021] [RPC] CALL on ept c748fee0 to 30000061:00010001 @ 0:00000001 (44 bytes) (xid 11 proc 2f)
<4>[   17.960266] [RPC] READ on ept c748fee0
<4>[   17.960388] [RR] x RESUME_TX id=1:c748fee0
<4>[   17.961090] [RR] - ver=1 type=1 src=0:00000001 crx=0 siz=32 dst=1:c748fee0
<4>[   17.961242] [RPC] READ on ept c748fee0 (28 bytes)
<4>[   17.961456] [RPC] CALL on ept c748fee0 to 30000061:00010001 @ 0:00000001 (44 bytes) (xid 12 proc 1e)
<4>[   17.961700] [RPC] READ on ept c748fee0
<4>[   17.962585] [RR] - ver=1 type=1 src=0:00000001 crx=0 siz=32 dst=1:c748fee0
<4>[   17.962738] [RPC] READ on ept c748fee0 (28 bytes)
<4>[   17.962951] [RPC] CALL on ept c748fee0 to 30000061:00010001 @ 0:00000001 (44 bytes) (xid 13 proc 2d)
<4>[   17.963165] [RPC] READ on ept c748fee0
<4>[   17.963684] [RR] - ver=1 type=7 src=0:fffffffe crx=0 siz=20 dst=1:fffffffe
<4>[   17.963958] [RR] o RESUME_TX id=0:00000001
<4>[   17.964538] [RR] - ver=1 type=1 src=0:00000001 crx=0 siz=32 dst=1:c748fee0
<4>[   17.964782] [RPC] READ on ept c748fee0 (28 bytes)
<6>[   17.965972] Audio: supersonic_get_rx_vol 0
<7>[   23.452056] supersonic_panel_unblank
<7>[   23.452301] turn on backlight
<7>[   23.452392] set brightness = 128
<7>[   23.469085] backlight_control: 1
<6>[   23.618225] msm_kgsl: initilized dev=1 mmu=on
<6>[   23.618438] misc kgsl: firmware: requesting yamato_pm4.fw
<6>[   23.622619] misc kgsl: firmware: requesting yamato_pfp.fw
<3>[   23.623657] init: untracked pid 128 exited
<3>[   23.627288] init: untracked pid 129 exited
<6>[   29.127014] S1@938,316
<6>[   29.235748] E1@938,316
<6>[   30.885681] batt: SMEM_BATT: get_batt_info: batt_id=1, batt_vol=3834, batt_temp=340, batt_current=0, eval_current=0, level=68, charging_source=1, charging_enabled=1, full_bat=1500000, over_vchg=0 at 27501229280 (2010-08-23 01:27:03.213689026 UTC)
<6>[   30.886199] batt: SMEM_BATT: get_batt_info: batt_id=1, batt_vol=3834, batt_temp=340, batt_current=0, eval_current=0, level=68, charging_source=1, charging_enabled=1, full_bat=1500000, over_vchg=0 at 27501656110 (2010-08-23 01:27:03.214207318 UTC)
<4>[   30.915435] Creating a master local ept c7640760
<4>[   30.915588] [RPC] CALL on ept c7640760 to 30000061:00010001 @ 0:00000001 (44 bytes) (xid 14 proc 16)
<4>[   30.915802] [RPC] READ on ept c7640760
<4>[   30.916717] [RR] - ver=1 type=1 src=0:00000001 crx=0 siz=32 dst=1:c7640760
<4>[   30.916992] [RPC] READ on ept c7640760 (28 bytes)
<6>[   31.647521] Audio: supersonic_get_rx_vol -300
<4>[   31.886993] [RPC] CALL on ept c7640760 to 30000061:00010001 @ 0:00000001 (44 bytes) (xid 15 proc 16)
<4>[   31.887207] [RPC] READ on ept c7640760
<4>[   31.888061] [RR] - ver=1 type=1 src=0:00000001 crx=0 siz=32 dst=1:c7640760
<4>[   31.888305] [RPC] READ on ept c7640760 (28 bytes)
<4>[   31.898406] [RPC] CALL on ept c7640760 to 30000061:00010001 @ 0:00000001 (44 bytes) (xid 16 proc 16)
<4>[   31.898681] [RPC] READ on ept c7640760
<4>[   31.899536] [RR] - ver=1 type=1 src=0:00000001 crx=0 siz=32 dst=1:c7640760
<4>[   31.899871] [RPC] READ on ept c7640760 (28 bytes)
<4>[   31.899993] [RPC] CALL on ept c7640760 to 30000061:00010001 @ 0:00000001 (44 bytes) (xid 17 proc 16)
<4>[   31.900207] [RPC] READ on ept c7640760
<4>[   31.900878] [RR] - ver=1 type=1 src=0:00000001 crx=0 siz=32 dst=1:c7640760
<4>[   31.901123] [RPC] READ on ept c7640760 (28 bytes)
<4>[   31.920562] [RPC] CALL on ept c7640760 to 30000061:00010001 @ 0:00000001 (44 bytes) (xid 18 proc 16)
<4>[   31.920806] [RPC] READ on ept c7640760
<4>[   31.921813] [RR] - ver=1 type=7 src=0:fffffffe crx=0 siz=20 dst=1:fffffffe
<4>[   31.922027] [RR] o RESUME_TX id=0:00000001
<4>[   31.922241] [RR] - ver=1 type=1 src=0:00000001 crx=1 siz=32 dst=1:c7640760
<4>[   31.922454] [RR] x RESUME_TX id=1:c7640760
<4>[   31.922729] [RPC] READ on ept c7640760 (28 bytes)
<4>[   31.941925] [RPC] CALL on ept c7640760 to 30000061:00010001 @ 0:00000001 (44 bytes) (xid 19 proc 16)
<4>[   31.942169] [RPC] READ on ept c7640760
<4>[   31.942810] [RR] - ver=1 type=1 src=0:00000001 crx=0 siz=32 dst=1:c7640760
<4>[   31.943176] [RPC] READ on ept c7640760 (28 bytes)
<6>[   31.990966] request_suspend_state: wakeup (3->0) at 28605070744 (2010-08-23 01:27:04.317865855 UTC)
<7>[   31.997589] set brightness = 102
<4>[   34.750183] Creating local ept c70dc3a0 @ 3000005b:a60286b0
<4>[   35.007385] [RPC] CALL on ept c70dc3a0 to 3000005b:a60286b0 @ 0:00000001 (44 bytes) (xid 1 proc 2)
<4>[   35.009094] [RR] - ver=1 type=1 src=0:00000001 crx=0 siz=32 dst=1:c70dc3a0
<4>[   35.013244] [RPC] READ on ept c70dc3a0
<4>[   35.092346] [RPC] READ on ept c70dc3a0 (28 bytes)
<4>[   35.092712] [RPC] CALL on ept c70dc3a0 to 3000005b:a60286b0 @ 0:00000001 (44 bytes) (xid 2 proc 2)
<4>[   35.093841] [RR] - ver=1 type=1 src=0:00000001 crx=0 siz=32 dst=1:c70dc3a0
<4>[   35.094055] [RPC] READ on ept c70dc3a0
<4>[   35.094177] [RPC] READ on ept c70dc3a0 (28 bytes)
<4>[   35.094543] Creating local ept c70dc0a0 @ 3000001d:00010001
<4>[   35.112213] [RPC] CALL on ept c70dc0a0 to 3000001d:00010000 @ 0:00000001 (52 bytes) (xid 1 proc 3)
<4>[   35.113494] [RR] - ver=1 type=1 src=0:00000001 crx=0 siz=32 dst=1:c70dc0a0
<6>[   35.400665] led_ril_status_value = 0
<6>[   35.400878] led_ril_status_value = 0
<4>[   35.607849] [RPC] READ on ept c70dc0a0
<4>[   35.607879] [RPC] READ on ept c70dc0a0 (28 bytes)
<4>[   35.614898] [RPC] CALL on ept c70dc0a0 to 3000001d:00010000 @ 0:00000001 (52 bytes) (xid 2 proc 3)
<4>[   35.615722] [RR] - ver=1 type=7 src=0:fffffffe crx=0 siz=20 dst=1:fffffffe
<4>[   35.615966] [RR] o RESUME_TX id=0:00000001
<4>[   35.616394] [RR] - ver=1 type=1 src=0:00000001 crx=0 siz=32 dst=1:c70dc0a0
<4>[   35.641357] [RPC] READ on ept c70dc0a0
<4>[   35.656433] [RPC] READ on ept c70dc0a0 (28 bytes)
<4>[   35.674560] [RPC] CALL on ept c70dc3a0 to 3000005b:a60286b0 @ 0:00000001 (64 bytes) (xid 3 proc 4)
<4>[   35.686309] [RR] - ver=1 type=1 src=0:00000001 crx=0 siz=32 dst=1:c70dc3a0
<4>[   35.700347] [RPC] READ on ept c70dc3a0
<4>[   35.700469] [RPC] READ on ept c70dc3a0 (28 bytes)
<4>[   35.700683] [RPC] CALL on ept c70dc3a0 to 3000005b:a60286b0 @ 0:00000001 (64 bytes) (xid 4 proc 5)
<4>[   35.702392] [RR] - ver=1 type=1 src=0:00000001 crx=0 siz=32 dst=1:c70dc3a0
<4>[   35.735351] [RPC] READ on ept c70dc3a0
<4>[   35.735473] [RPC] READ on ept c70dc3a0 (28 bytes)
<4>[   35.735778] [RPC] CALL on ept c70dc3a0 to 3000005b:a60286b0 @ 0:00000001 (64 bytes) (xid 5 proc 6)
<4>[   35.736846] [RR] - ver=1 type=1 src=0:00000001 crx=1 siz=32 dst=1:c70dc3a0
<4>[   35.737091] [RR] x RESUME_TX id=1:c70dc3a0
<4>[   35.737274] [RPC] READ on ept c70dc3a0
<4>[   35.738403] [RPC] READ on ept c70dc3a0 (28 bytes)
<4>[   35.738616] [RPC] CALL on ept c70dc3a0 to 3000005b:a60286b0 @ 0:00000001 (64 bytes) (xid 6 proc 9)
<4>[   35.740936] [RR] - ver=1 type=1 src=0:00000001 crx=0 siz=32 dst=1:c70dc3a0
<4>[   35.746704] [RPC] READ on ept c70dc3a0
<4>[   35.747039] [RPC] READ on ept c70dc3a0 (28 bytes)
<4>[   35.747222] [RPC] CALL on ept c70dc3a0 to 3000005b:a60286b0 @ 0:00000001 (64 bytes) (xid 7 proc 7)
<4>[   35.748168] [RR] - ver=1 type=7 src=0:fffffffe crx=0 siz=20 dst=1:fffffffe
<4>[   35.748413] [RR] o RESUME_TX id=0:00000001
<4>[   35.749053] [RR] - ver=1 type=1 src=0:00000001 crx=0 siz=32 dst=1:c70dc3a0
<4>[   35.770111] [RPC] READ on ept c70dc3a0
<4>[   35.770263] [RPC] READ on ept c70dc3a0 (28 bytes)
<4>[   35.787750] [RPC] CALL on ept c70dc3a0 to 3000005b:a60286b0 @ 0:00000001 (44 bytes) (xid 8 proc a)
<4>[   35.820831] [RR] - ver=1 type=1 src=0:00000001 crx=0 siz=32 dst=1:c70dc3a0
<4>[   35.861480] [RPC] READ on ept c70dc3a0
<4>[   35.861602] [RPC] READ on ept c70dc3a0 (28 bytes)
<4>[   35.882049] [RPC] CALL on ept c70dc3a0 to 3000005b:a60286b0 @ 0:00000001 (44 bytes) (xid 9 proc a)
<4>[   35.883575] [RR] - ver=1 type=1 src=0:00000001 crx=0 siz=32 dst=1:c70dc3a0
<4>[   36.018371] [RPC] READ on ept c70dc3a0
<4>[   36.018524] [RPC] READ on ept c70dc3a0 (28 bytes)
<4>[   36.035491] [RPC] CALL on ept c70dc3a0 to 3000005b:a60286b0 @ 0:00000001 (68 bytes) (xid a proc 11)
<4>[   36.037628] [RR] - ver=1 type=1 src=0:00000001 crx=1 siz=32 dst=1:c70dc3a0
<4>[   36.037872] [RR] x RESUME_TX id=1:c70dc3a0
<4>[   36.047821] [RR] - ver=1 type=1 src=0:00000001 crx=0 siz=60 dst=1:c70dc3a0
<4>[   36.048095] [RPC] READ on ept c70dc3a0
<4>[   36.048217] [RPC] READ on ept c70dc3a0 (28 bytes)
<4>[   36.202423] [RPC] CALL on ept c7dc0ec0 to 30000048:00010004 @ 0:00000001 (72 bytes) (xid 1a proc 6)
<4>[   36.202819] [RPC] READ on ept c7dc0ec0
<4>[   36.204193] [RR] - ver=1 type=1 src=0:00000001 crx=0 siz=28 dst=1:c7dc0ec0
<4>[   36.207519] [RPC] READ on ept c7dc0ec0 (24 bytes)
<4>[   36.247039] [RPC] READ on ept c70dc3a0
<4>[   36.247192] [RPC] READ on ept c70dc3a0 is a CALL on 3100005b:ab221027 proc 14 xid 2
<4>[   36.261016] [RPC] REPLY on ept c70dc3a0 to xid=2 @ 0:00000001 (24 bytes)
<4>[   36.264251] [RR] - ver=1 type=7 src=0:fffffffe crx=0 siz=20 dst=1:fffffffe
<4>[   36.264404] [RR] o RESUME_TX id=0:00000001
<4>[   36.270050] [RR] - ver=1 type=1 src=0:00000001 crx=0 siz=84 dst=1:c70dc3a0
<4>[   36.450714] [RPC] READ on ept c70dc3a0
<4>[   36.450836] [RPC] READ on ept c70dc3a0 is a CALL on 3100005b:ab221027 proc 2 xid 3
<4>[   36.670959] [RPC] REPLY on ept c70dc3a0 to xid=3 @ 0:00000001 (24 bytes)
<6>[   41.856231] check_calibration: calibration confirm
<4>[   41.864135] [RPC] CALL on ept c7640760 to 30000061:00010001 @ 0:00000001 (44 bytes) (xid 1b proc 16)
<4>[   41.864379] [RPC] READ on ept c7640760
<4>[   41.865264] [RR] - ver=1 type=1 src=0:00000001 crx=0 siz=32 dst=1:c7640760
<4>[   41.865600] [RPC] READ on ept c7640760 (28 bytes)
<4>[   41.893005] [RPC] CALL on ept c7640760 to 30000061:00010001 @ 0:00000001 (44 bytes) (xid 1c proc 16)
<4>[   41.893249] [RPC] READ on ept c7640760
<4>[   41.894104] [RR] - ver=1 type=1 src=0:00000001 crx=0 siz=32 dst=1:c7640760
<4>[   41.894378] [RPC] READ on ept c7640760 (28 bytes)
<4>[   41.979797] [RPC] CALL on ept c7640760 to 30000061:00010001 @ 0:00000001 (44 bytes) (xid 1d proc 16)
<4>[   41.980102] [RPC] READ on ept c7640760
<4>[   41.984222] [RR] - ver=1 type=1 src=0:00000001 crx=0 siz=32 dst=1:c7640760
<4>[   41.984588] [RPC] READ on ept c7640760 (28 bytes)
<4>[   41.999176] [RPC] CALL on ept c7640760 to 30000061:00010001 @ 0:00000001 (44 bytes) (xid 1e proc 16)
<4>[   41.999176] [RPC] READ on ept c7640760
<4>[   41.999664] [RR] - ver=1 type=7 src=0:fffffffe crx=0 siz=20 dst=1:fffffffe
<4>[   41.999786] [RR] o RESUME_TX id=0:00000001
<4>[   42.000396] [RR] - ver=1 type=1 src=0:00000001 crx=1 siz=32 dst=1:c7640760
<4>[   42.000549] [RR] x RESUME_TX id=1:c7640760
<4>[   42.000579] [RPC] READ on ept c7640760 (28 bytes)
<4>[   42.039245] [RPC] CALL on ept c7640760 to 30000061:00010001 @ 0:00000001 (44 bytes) (xid 1f proc 16)
<4>[   42.039520] [RPC] READ on ept c7640760
<4>[   42.040679] [RR] - ver=1 type=1 src=0:00000001 crx=0 siz=32 dst=1:c7640760
<4>[   42.040985] [RPC] READ on ept c7640760 (28 bytes)
<4>[   42.041107] [RPC] CALL on ept c7640760 to 30000061:00010001 @ 0:00000001 (44 bytes) (xid 20 proc 16)
<4>[   42.041381] [RPC] READ on ept c7640760
<4>[   42.042114] [RR] - ver=1 type=1 src=0:00000001 crx=0 siz=32 dst=1:c7640760
<4>[   42.042388] [RPC] READ on ept c7640760 (28 bytes)
<6>[   62.188354] -- S UP --
<6>[   62.232543] -- CHIP HOST_WAKE=LOW --
<4>[   62.232666] ------------[ cut here ]------------
<4>[   62.232818] WARNING: at drivers/gpio/gpiolib.c:103 gpio_ensure_requested+0x4c/0x110()
<4>[   62.233032] autorequest GPIO-87
<4>[   62.233154] Modules linked in:
<4>[   62.233489] [<c002ba68>] (unwind_backtrace+0x0/0xf0) from [<c005a240>] (warn_slowpath_common+0x48/0x60)
<4>[   62.233612] [<c005a240>] (warn_slowpath_common+0x48/0x60) from [<c005a290>] (warn_slowpath_fmt+0x24/0x30)
<4>[   62.233856] [<c005a290>] (warn_slowpath_fmt+0x24/0x30) from [<c0195c50>] (gpio_ensure_requested+0x4c/0x110)
<4>[   62.234069] [<c0195c50>] (gpio_ensure_requested+0x4c/0x110) from [<c0195d98>] (gpio_direction_output+0x84/0x16c)
<4>[   62.234313] [<c0195d98>] (gpio_direction_output+0x84/0x16c) from [<c01c72fc>] (msm_hs_rx_wakeup_isr+0xe0/0x158)
<4>[   62.234558] [<c01c72fc>] (msm_hs_rx_wakeup_isr+0xe0/0x158) from [<c008f224>] (handle_IRQ_event+0x34/0xf4)
<4>[   62.234771] [<c008f224>] (handle_IRQ_event+0x34/0xf4) from [<c00913d4>] (handle_level_irq+0xdc/0x188)
<4>[   62.235015] [<c00913d4>] (handle_level_irq+0xdc/0x188) from [<c003395c>] (msm_gpio_irq_handler+0x58/0x90)
<4>[   62.235137] [<c003395c>] (msm_gpio_irq_handler+0x58/0x90) from [<c0031d88>] (sirc_irq_handler+0x74/0x8c)
<4>[   62.235382] [<c0031d88>] (sirc_irq_handler+0x74/0x8c) from [<c002606c>] (asm_do_IRQ+0x6c/0x8c)
<4>[   62.235595] [<c002606c>] (asm_do_IRQ+0x6c/0x8c) from [<c0026a8c>] (__irq_svc+0x4c/0x8c)
<4>[   62.235809] Exception stack(0xc6d0de30 to 0xc6d0de78)
<4>[   62.235931] de20:                                     fff04db0 fff03db0 00000009 00000000
<4>[   62.236145] de40: 426d6499 fff04000 41206000 38e4634f c7e7c660 00000209 c0771b00 c6c0c000
<4>[   62.236389] de60: 00000000 c6d0de78 401d53d0 c017fa10 20000113 ffffffff
<4>[   62.236511] [<c0026a8c>] (__irq_svc+0x4c/0x8c) from [<c017fa10>] (copy_page+0x30/0x60)
<4>[   62.236724] [<c017fa10>] (copy_page+0x30/0x60) from [<c7425338>] (0xc7425338)
<4>[   62.236938] ---[ end trace 7c2b7b27fa98001d ]---
<6>[   62.237060] SET BT_WAKE=LOW IN ADV
<6>[   66.014892] pcm_out: open
<6>[   66.015258] acdb: load 'default.acdb'
<6>[   66.015380] misc msm_audio_ctl: firmware: requesting default.acdb
<6>[   66.052459] acdb: 864 bytes for device 607, rate 48000.
<3>[   66.053314] init: untracked pid 527 exited
<6>[   66.189971] Audio: supersonic_speaker_enable 1
<4>[   66.190185] [RPC] CALL on ept c748fee0 to 30000061:00010001 @ 0:00000001 (48 bytes) (xid 21 proc 28)
<4>[   66.190338] [RPC] READ on ept c748fee0
<4>[   66.191253] [RR] - ver=1 type=1 src=0:00000001 crx=0 siz=32 dst=1:c748fee0
<4>[   66.191375] [RPC] READ on ept c748fee0 (28 bytes)
<4>[   66.191619] [RPC] CALL on ept c748fee0 to 30000061:00010001 @ 0:00000001 (76 bytes) (xid 22 proc 24)
<4>[   66.191833] [RPC] READ on ept c748fee0
<4>[   66.192749] [RR] - ver=1 type=1 src=0:00000001 crx=1 siz=32 dst=1:c748fee0
<4>[   66.192962] [RPC] READ on ept c748fee0 (28 bytes)
<4>[   66.193084] [RPC] CALL on ept c748fee0 to 30000061:00010001 @ 0:00000001 (48 bytes) (xid 23 proc 3e)
<4>[   66.193298] [RPC] READ on ept c748fee0
<4>[   66.193420] [RR] x RESUME_TX id=1:c748fee0
<4>[   66.193572] [RR] - ver=1 type=7 src=0:fffffffe crx=0 siz=20 dst=1:fffffffe
<4>[   66.194183] [RR] o RESUME_TX id=0:00000001
<4>[   66.194610] [RR] - ver=1 type=1 src=0:00000001 crx=0 siz=32 dst=1:c748fee0
<4>[   66.194854] [RPC] READ on ept c748fee0 (28 bytes)
<4>[   66.194976] [RPC] CALL on ept c748fee0 to 30000061:00010001 @ 0:00000001 (48 bytes) (xid 24 proc 28)
<4>[   66.195190] [RPC] READ on ept c748fee0
<4>[   66.196014] [RR] - ver=1 type=1 src=0:00000001 crx=0 siz=32 dst=1:c748fee0
<4>[   66.196136] [RPC] READ on ept c748fee0 (28 bytes)
<6>[   66.210357] tpa2018d1_set_speaker_amp: ON
<6>[   70.833587] Audio: supersonic_speaker_enable 0
<4>[   70.833709] [RPC] CALL on ept c748fee0 to 30000061:00010001 @ 0:00000001 (48 bytes) (xid 25 proc 28)
<4>[   70.833984] [RPC] READ on ept c748fee0
<4>[   70.835052] [RR] - ver=1 type=1 src=0:00000001 crx=0 siz=32 dst=1:c748fee0
<4>[   70.835296] [RPC] READ on ept c748fee0 (28 bytes)
<4>[   70.835418] [RPC] CALL on ept c748fee0 to 30000061:00010001 @ 0:00000001 (48 bytes) (xid 26 proc 3e)
<4>[   70.835632] [RPC] READ on ept c748fee0
<4>[   70.836669] [RR] - ver=1 type=1 src=0:00000001 crx=0 siz=32 dst=1:c748fee0
<4>[   70.836822] [RPC] READ on ept c748fee0 (28 bytes)
<4>[   70.837036] [RPC] CALL on ept c748fee0 to 30000061:00010001 @ 0:00000001 (76 bytes) (xid 27 proc 24)
<4>[   70.837158] [RPC] READ on ept c748fee0
<4>[   70.838195] [RR] - ver=1 type=1 src=0:00000001 crx=1 siz=32 dst=1:c748fee0
<4>[   70.838317] [RPC] READ on ept c748fee0 (28 bytes)
<4>[   70.838592] [RR] x RESUME_TX id=1:c748fee0
<6>[   70.853973] tpa2018d1_set_speaker_amp: OFF
<6>[   70.861755] pcm_out: release
<4>[   85.187408] wds: 0020 @ 01
<3>[   85.187530] qmi: wds: network start failed (000e)
<4>[  121.335723] wds: 0020 @ 01
<3>[  121.335968] qmi: wds: network start failed (000e)
<7>[  138.574645] set brightness = 97
<7>[  138.590545] set brightness = 92
<7>[  138.606262] set brightness = 88
<7>[  138.623199] set brightness = 83
<7>[  138.640228] set brightness = 79
<7>[  138.657135] set brightness = 74
<7>[  138.674102] set brightness = 70
<7>[  138.691040] set brightness = 65
<7>[  138.706665] set brightness = 60
<7>[  138.722381] set brightness = 56
<7>[  138.738983] set brightness = 51
<7>[  138.754638] set brightness = 47
<7>[  138.771240] set brightness = 42
<7>[  138.787933] set brightness = 38
<7>[  138.803588] set brightness = 33
<7>[  138.820159] set brightness = 29
<7>[  138.835815] set brightness = 24
<7>[  138.851867] set brightness = 20
<7>[  145.581756] set brightness = 15
<7>[  145.597381] set brightness = 10
<7>[  145.613098] set brightness = 5
<7>[  145.629699] set brightness = 0
<6>[  145.630218] request_suspend_state: sleep (0->3) at 142133485378 (2010-08-23 01:28:57.385067073 UTC)
<4>[  145.652282] [RPC] CALL on ept c7640760 to 30000061:00010001 @ 0:00000001 (44 bytes) (xid 28 proc 16)
<4>[  145.652526] [RPC] READ on ept c7640760
<4>[  145.652954] [RR] - ver=1 type=7 src=0:fffffffe crx=0 siz=20 dst=1:fffffffe
<4>[  145.653198] [RR] o RESUME_TX id=0:00000001
<4>[  145.653717] [RR] - ver=1 type=1 src=0:00000001 crx=0 siz=32 dst=1:c7640760
<4>[  145.653991] [RPC] READ on ept c7640760 (28 bytes)
<6>[  145.707611] __spi_bma150_set_mode: BMA get into SLEEP mode!
<7>[  145.707824] bma150_early_suspend: spi_bma150_set_mode returned = 0!
<7>[  145.725891] supersonic_panel_blank
<7>[  145.726013] suc_set_brightness: cabc.status has GATE_ON!
<7>[  145.726226] backlight_control: 0
<4>[  145.726928] [hdmi/fb]hdmifb_suspend, use_count=0
<4>[  145.727142] [hdmi/fb]hdmifb_suspend: hdmifb_suspending = true
<4>[  145.727325] [hdmi/lcdc]lcdc_suspend
<4>[  145.727447] [hdmi/tx]hdmi_panel_uninit
<4>[  145.727661] [hdmi]suc_hdmi_gpio_off
<4>[  145.728240] [hdmi/tx]suspending=true, disable timer
<4>[  145.728363] [hdmi/tx]hdmi_panel_uninit
<4>[  145.728790] [hdmi/tx]hdmi_standby
<4>[  145.728912] [hdmi]hdmi_power(4)
<4>[  145.729034] [hdmi/lcdc]lcdc_disable_video, blank_count=0
<6>[  145.729248] atmel_ts_suspend: enter
<7>[  145.837158] mddi_epson_power: power off.
<7>[  146.007354] spi_gpio_switch: off
<7>[  146.024841] save exit: isCheckpointed 1
<7>[  146.046478] save exit: isCheckpointed 1
<6>[  153.832550] gpio_keys_scan_keys: key 1-74, 0 (94) changed to 1
<6>[  153.834655] request_suspend_state: wakeup (3->0) at 150329891324 (2010-08-23 01:29:05.581473019 UTC)
<7>[  153.837402] suc_set_brightness: cabc.status has GATE_ON!
<7>[  153.865356] suc_set_brightness: cabc.status has GATE_ON!
<7>[  153.927520] suc_set_brightness: cabc.status has GATE_ON!
<7>[  153.927825] suc_set_brightness: cabc.status has GATE_ON!
<6>[  153.934906] <3>mddi_wait_interrupt 38, timeout waiting for 4000, INT = 10, STAT = 10 gotint = 2a004
<7>[  153.943328] suc_set_brightness: cabc.status has GATE_ON!
<7>[  153.960174] suc_set_brightness: cabc.status has GATE_ON!
<7>[  153.976837] suc_set_brightness: cabc.status has GATE_ON!
<7>[  153.992492] suc_set_brightness: cabc.status has GATE_ON!
<7>[  154.009185] suc_set_brightness: cabc.status has GATE_ON!
<7>[  154.026031] suc_set_brightness: cabc.status has GATE_ON!
<6>[  154.035156] <3>mddi_wait_interrupt 38, timeout waiting for 20000, INT = 8, STAT = 8 gotint = a004
<7>[  154.035400] mddi_epson_power: power on.
<7>[  154.041809] suc_set_brightness: cabc.status has GATE_ON!
<7>[  154.057556] suc_set_brightness: cabc.status has GATE_ON!
<7>[  154.074066] suc_set_brightness: cabc.status has GATE_ON!
<7>[  154.089813] suc_set_brightness: cabc.status has GATE_ON!
<7>[  154.105346] suc_set_brightness: cabc.status has GATE_ON!
<7>[  154.195312] spi_gpio_switch: on
<6>[  154.200408] gpio_keys_scan_keys: key 1-74, 0 (94) changed to 0
<6>[  154.338348] ov8810_resume
<4>[  154.338592] [hdmi/fb]hdmifb_resume
<4>[  154.338714] [hdmi/lcdc]lcdc_resume
<4>[  154.338867] [hdmi/tx]hdmi_panel_init
<4>[  154.339080] [hdmi]suc_hdmi_gpio_on
<4>[  154.339538] [hdmi]hdmi_power(5)
<6>[  154.357330] Touch Status: 0x01 0x10 0x63 0x27 0x8E 
<6>[  154.363128] Touch Status: 0x01 0x00 0x63 0x27 0x8E 
<7>[  154.387176] supersonic_panel_unblank
<7>[  154.387207] turn on backlight
<7>[  154.387207] set brightness = 102
<7>[  154.406616] backlight_control: 1
<6>[  155.146362] S1@831,964
<6>[  155.211059] Touch Status: 0x01 0x00 0x63 0x27 0x8E 
<6>[  155.237274] E1@875,932
<6>[  155.250152] Touch Status: 0x01 0x10 0x63 0x27 0x8E 
<6>[  155.256286] Touch Status: 0x01 0x00 0x63 0x27 0x8E 
<6>[  155.351593] Touch Status: 0x01 0x10 0x63 0x27 0x8E 
<6>[  155.357391] Touch Status: 0x01 0x00 0x63 0x27 0x8E 
<6>[  155.445678] Touch Status: 0x01 0x10 0x63 0x27 0x8E 
<6>[  155.451599] Touch Status: 0x01 0x00 0x63 0x27 0x8E 
<4>[  155.967041] [RPC] CALL on ept c7640760 to 30000061:00010001 @ 0:00000001 (44 bytes) (xid 29 proc 16)
<4>[  155.967193] [RPC] READ on ept c7640760
<4>[  155.968475] [RR] - ver=1 type=1 src=0:00000001 crx=0 siz=32 dst=1:c7640760
<4>[  155.968719] [RPC] READ on ept c7640760 (28 bytes)
<4>[  155.990386] [RPC] CALL on ept c7640760 to 30000061:00010001 @ 0:00000001 (44 bytes) (xid 2a proc 16)
<4>[  155.990631] [RPC] READ on ept c7640760
<4>[  156.006164] [RR] - ver=1 type=1 src=0:00000001 crx=1 siz=32 dst=1:c7640760
<4>[  156.006347] [RR] x RESUME_TX id=1:c7640760
<4>[  156.006622] [RPC] READ on ept c7640760 (28 bytes)
<4>[  156.006744] [RPC] CALL on ept c7640760 to 30000061:00010001 @ 0:00000001 (44 bytes) (xid 2b proc 16)
<4>[  156.007049] [RPC] READ on ept c7640760
<4>[  156.007720] [RR] - ver=1 type=1 src=0:00000001 crx=0 siz=32 dst=1:c7640760
<4>[  156.007965] [RPC] READ on ept c7640760 (28 bytes)
<4>[  156.240875] [RPC] CALL on ept c7640760 to 30000061:00010001 @ 0:00000001 (44 bytes) (xid 2c proc 16)
<4>[  156.240905] [RPC] READ on ept c7640760
<4>[  156.241790] [RR] - ver=1 type=1 src=0:00000001 crx=0 siz=32 dst=1:c7640760
<4>[  156.241943] [RPC] READ on ept c7640760 (28 bytes)
<4>[  156.241973] [RPC] CALL on ept c7640760 to 30000061:00010001 @ 0:00000001 (44 bytes) (xid 2d proc 16)
<4>[  156.242004] [RPC] READ on ept c7640760
<4>[  156.242462] [RR] - ver=1 type=7 src=0:fffffffe crx=0 siz=20 dst=1:fffffffe
<4>[  156.242462] [RR] o RESUME_TX id=0:00000001
<4>[  156.243865] [RR] - ver=1 type=1 src=0:00000001 crx=0 siz=32 dst=1:c7640760
<4>[  156.243896] [RPC] READ on ept c7640760 (28 bytes)
<4>[  156.280578] [RPC] CALL on ept c7640760 to 30000061:00010001 @ 0:00000001 (44 bytes) (xid 2e proc 16)
<4>[  156.280609] [RPC] READ on ept c7640760
<4>[  156.281372] [RR] - ver=1 type=1 src=0:00000001 crx=0 siz=32 dst=1:c7640760
<4>[  156.281524] [RPC] READ on ept c7640760 (28 bytes)
<6>[  159.251342] check_calibration: calibration confirm
<4>[  211.425537] wds: 0020 @ 01
<3>[  211.425781] qmi: wds: network start failed (000e)
<7>[  212.507354] set brightness = 97
<7>[  212.524322] set brightness = 92
<7>[  212.541412] set brightness = 88
<7>[  212.558441] set brightness = 83
<7>[  212.575134] set brightness = 79
<7>[  212.591033] set brightness = 74
<7>[  212.606781] set brightness = 70
<7>[  212.623352] set brightness = 65
<7>[  212.639282] set brightness = 60
<7>[  212.655242] set brightness = 56
<7>[  212.671112] set brightness = 51
<7>[  212.686737] set brightness = 47
<7>[  212.703399] set brightness = 42
<7>[  212.719970] set brightness = 38
<7>[  212.735748] set brightness = 33
<7>[  212.752624] set brightness = 29
<7>[  212.770050] set brightness = 24
<7>[  212.786712] set brightness = 20
<7>[  219.515594] set brightness = 15
<7>[  219.531311] set brightness = 10
<7>[  219.547912] set brightness = 5
<7>[  219.563690] set brightness = 0
<6>[  219.564147] request_suspend_state: sleep (0->3) at 215995253670 (2010-08-23 01:30:11.246835365 UTC)
<4>[  219.576141] [RPC] CALL on ept c7640760 to 30000061:00010001 @ 0:00000001 (44 bytes) (xid 2f proc 16)
<4>[  219.576354] [RPC] READ on ept c7640760
<4>[  219.577270] [RR] - ver=1 type=1 src=0:00000001 crx=1 siz=32 dst=1:c7640760
<4>[  219.577423] [RR] x RESUME_TX id=1:c7640760
<4>[  219.577636] [RPC] READ on ept c7640760 (28 bytes)
<6>[  219.639739] __spi_bma150_set_mode: BMA get into SLEEP mode!
<7>[  219.639984] bma150_early_suspend: spi_bma150_set_mode returned = 0!
<7>[  219.658020] supersonic_panel_blank
<7>[  219.658233] suc_set_brightness: cabc.status has GATE_ON!
<7>[  219.658355] backlight_control: 0
<4>[  219.659057] [hdmi/fb]hdmifb_suspend, use_count=0
<4>[  219.659271] [hdmi/fb]hdmifb_suspend: hdmifb_suspending = true
<4>[  219.659423] [hdmi/lcdc]lcdc_suspend
<4>[  219.659606] [hdmi/tx]hdmi_panel_uninit
<4>[  219.659729] [hdmi]suc_hdmi_gpio_off
<4>[  219.660217] [hdmi/tx]suspending=true, disable timer
<4>[  219.660430] [hdmi/tx]hdmi_panel_uninit
<4>[  219.660552] [hdmi/tx]hdmi_standby
<4>[  219.660644] [hdmi]hdmi_power(4)
<4>[  219.660858] [hdmi/lcdc]lcdc_disable_video, blank_count=0
<6>[  219.660980] atmel_ts_suspend: enter
<7>[  219.769226] mddi_epson_power: power off.
<7>[  219.939422] spi_gpio_switch: off
<7>[  219.956634] save exit: isCheckpointed 1
<4>[  249.844085] [RR] - ver=1 type=1 src=0:00000001 crx=0 siz=48 dst=1:c7c84ca0
<4>[  249.844329] [RPC] READ on ept c7c84ca0
<4>[  249.844451] [RPC] READ on ept c7c84ca0 is a CALL on 30100000:00000000 proc 3 xid 4
<6>[  249.844696] batt: M2A_RPC: level_update: 69 at 246246384258 (2010-08-23 01:30:41.497844010 UTC)
<6>[  249.845031] batt: batt:power_supply_changed: battery at 246246719603 (2010-08-23 01:30:41.498209840 UTC)
<4>[  249.845245] [RPC] REPLY on ept c7c84ca0 to xid=4 @ 0:00000001 (24 bytes)
<6>[  249.847045] batt: SMEM_BATT: get_batt_info: batt_id=1, batt_vol=3998, batt_temp=337, batt_current=416, eval_current=0, level=69, charging_source=1, charging_enabled=1, full_bat=1500000, over_vchg=0 at 246248975560 (2010-08-23 01:30:41.500191424 UTC)
<6>[  249.847564] batt: SMEM_BATT: get_batt_info: batt_id=1, batt_vol=3998, batt_temp=337, batt_current=416, eval_current=0, level=69, charging_source=1, charging_enabled=1, full_bat=1500000, over_vchg=0 at 246249463335 (2010-08-23 01:30:41.500709685 UTC)
<4>[  369.844207] [RR] - ver=1 type=1 src=0:00000001 crx=0 siz=48 dst=1:c7c84ca0
<4>[  369.844482] [RPC] READ on ept c7c84ca0
<4>[  369.844604] [RPC] READ on ept c7c84ca0 is a CALL on 30100000:00000000 proc 3 xid 5
<6>[  369.844818] batt: M2A_RPC: level_update: 70 at 366129463039 (2010-08-23 01:32:41.380922785 UTC)
<6>[  369.845062] batt: batt:power_supply_changed: battery at 366129798399 (2010-08-23 01:32:41.381166683 UTC)
<4>[  369.845397] [RPC] REPLY on ept c7c84ca0 to xid=5 @ 0:00000001 (24 bytes)
<6>[  369.847015] batt: SMEM_BATT: get_batt_info: batt_id=1, batt_vol=4008, batt_temp=333, batt_current=414, eval_current=0, level=70, charging_source=1, charging_enabled=1, full_bat=1500000, over_vchg=0 at 366131749531 (2010-08-23 01:32:41.383087336 UTC)
<6>[  369.847503] batt: SMEM_BATT: get_batt_info: batt_id=1, batt_vol=4008, batt_temp=333, batt_current=414, eval_current=0, level=70, charging_source=1, charging_enabled=1, full_bat=1500000, over_vchg=0 at 366132267797 (2010-08-23 01:32:41.383605602 UTC)
<4>[  519.844085] [RR] - ver=1 type=1 src=0:00000001 crx=1 siz=48 dst=1:c7c84ca0
<4>[  519.844238] [RR] x RESUME_TX id=1:c7c84ca0
<4>[  519.844482] [RPC] READ on ept c7c84ca0
<4>[  519.844604] [RPC] READ on ept c7c84ca0 is a CALL on 30100000:00000000 proc 3 xid 6
<6>[  519.844848] batt: M2A_RPC: level_update: 71 at 515983136571 (2010-08-23 01:35:11.234596307 UTC)
<6>[  519.845214] batt: batt:power_supply_changed: battery at 515983471957 (2010-08-23 01:35:11.234931693 UTC)
<4>[  519.845428] [RPC] REPLY on ept c7c84ca0 to xid=6 @ 0:00000001 (24 bytes)
<6>[  519.847290] batt: SMEM_BATT: get_batt_info: batt_id=1, batt_vol=4015, batt_temp=330, batt_current=412, eval_current=0, level=71, charging_source=1, charging_enabled=1, full_bat=1500000, over_vchg=0 at 515985789170 (2010-08-23 01:35:11.237035479 UTC)
<6>[  519.847808] batt: SMEM_BATT: get_batt_info: batt_id=1, batt_vol=4015, batt_temp=330, batt_current=412, eval_current=0, level=71, charging_source=1, charging_enabled=1, full_bat=1500000, over_vchg=0 at 515986307494 (2010-08-23 01:35:11.237553803 UTC)
<4>[  519.853179] [RR] - ver=1 type=7 src=0:fffffffe crx=0 siz=20 dst=1:fffffffe
<4>[  519.853424] [RR] o RESUME_TX id=0:00000001
<4>[  609.844329] [RR] - ver=1 type=1 src=0:00000001 crx=0 siz=48 dst=1:c7c84ca0
<4>[  609.844604] [RPC] READ on ept c7c84ca0
<4>[  609.844726] [RPC] READ on ept c7c84ca0 is a CALL on 30100000:00000000 proc 1 xid 7
<6>[  609.844940] batt: M2A_RPC: set_charging: 100 at 605895441976 (2010-08-23 01:36:41.146901729 UTC)
<6>[  609.845184] TPS65200 Switch charger set control100
<6>[  609.845397] Switch charger CHECK 
<6>[  609.846130] TPS65200 STATUS_A26
<4>[  609.846252] [RPC] REPLY on ept c7c84ca0 to xid=7 @ 0:00000001 (24 bytes)
<4>[  639.844116] [RR] - ver=1 type=1 src=0:00000001 crx=0 siz=48 dst=1:c7c84ca0
<4>[  639.844299] [RPC] READ on ept c7c84ca0
<4>[  639.844512] [RPC] READ on ept c7c84ca0 is a CALL on 30100000:00000000 proc 3 xid 8
<6>[  639.844635] batt: M2A_RPC: level_update: 72 at 635865954244 (2010-08-23 01:37:11.117322521 UTC)
<6>[  639.845001] batt: batt:power_supply_changed: battery at 635866289616 (2010-08-23 01:37:11.117657892 UTC)
<4>[  639.845336] [RPC] REPLY on ept c7c84ca0 to xid=8 @ 0:00000001 (24 bytes)
<6>[  639.847106] batt: SMEM_BATT: get_batt_info: batt_id=1, batt_vol=4022, batt_temp=327, batt_current=404, eval_current=0, level=72, charging_source=1, charging_enabled=1, full_bat=1500000, over_vchg=0 at 635868423798 (2010-08-23 01:37:11.119761587 UTC)
<6>[  639.847595] batt: SMEM_BATT: get_batt_info: batt_id=1, batt_vol=4022, batt_temp=327, batt_current=404, eval_current=0, level=72, charging_source=1, charging_enabled=1, full_bat=1500000, over_vchg=0 at 635868942100 (2010-08-23 01:37:11.120279888 UTC)
<6>[  678.742462] gpio_keys_scan_keys: key 1-74, 0 (94) changed to 1
<6>[  678.743713] request_suspend_state: wakeup (3->0) at 674726839355 (2010-08-23 01:37:49.978421050 UTC)
<7>[  678.745025] suc_set_brightness: cabc.status has GATE_ON!
<7>[  678.787261] suc_set_brightness: cabc.status has GATE_ON!
<6>[  678.837097] <3>mddi_wait_interrupt 38, timeout waiting for 4000, INT = 8, STAT = 8 gotint = 2a004
<7>[  678.849670] suc_set_brightness: cabc.status has GATE_ON!
<7>[  678.849975] suc_set_brightness: cabc.status has GATE_ON!
<7>[  678.866394] suc_set_brightness: cabc.status has GATE_ON!
<7>[  678.883148] suc_set_brightness: cabc.status has GATE_ON!
<7>[  678.898925] suc_set_brightness: cabc.status has GATE_ON!
<7>[  678.914489] suc_set_brightness: cabc.status has GATE_ON!
<7>[  678.931152] suc_set_brightness: cabc.status has GATE_ON!
<6>[  678.937225] <3>mddi_wait_interrupt 38, timeout waiting for 20000, INT = 8, STAT = 8 gotint = a004
<7>[  678.937438] mddi_epson_power: power on.
<7>[  678.946838] suc_set_brightness: cabc.status has GATE_ON!
<7>[  678.963073] suc_set_brightness: cabc.status has GATE_ON!
<7>[  678.978790] suc_set_brightness: cabc.status has GATE_ON!
<7>[  678.994812] suc_set_brightness: cabc.status has GATE_ON!
<7>[  679.011505] suc_set_brightness: cabc.status has GATE_ON!
<6>[  679.022308] gpio_keys_scan_keys: key 1-74, 0 (94) changed to 0
<7>[  679.028198] suc_set_brightness: cabc.status has GATE_ON!
<7>[  679.097259] spi_gpio_switch: on
<6>[  679.239929] ov8810_resume
<4>[  679.240051] [hdmi/fb]hdmifb_resume
<4>[  679.240173] [hdmi/lcdc]lcdc_resume
<4>[  679.240386] [hdmi/tx]hdmi_panel_init
<4>[  679.240509] [hdmi]suc_hdmi_gpio_on
<4>[  679.240966] [hdmi]hdmi_power(5)
<6>[  679.258819] Touch Status: 0x01 0x10 0x63 0x27 0x8E 
<6>[  679.265380] Touch Status: 0x01 0x00 0x63 0x27 0x8E 
<7>[  679.298858] supersonic_panel_unblank
<7>[  679.298858] turn on backlight
<7>[  679.298858] set brightness = 102
<7>[  679.318634] backlight_control: 1
<6>[  679.476593] Touch Status: 0x01 0x10 0x63 0x27 0x8E 
<6>[  679.482360] Touch Status: 0x01 0x00 0x63 0x27 0x8E 
<6>[  680.043731] Touch Status: 0x01 0x10 0x63 0x27 0x8E 
<6>[  680.049652] Touch Status: 0x01 0x00 0x63 0x27 0x8E 
<6>[  680.211395] Touch Status: 0x01 0x10 0x63 0x27 0x8E 
<6>[  680.218139] Touch Status: 0x01 0x00 0x63 0x27 0x8E 
<6>[  681.139709] S1@77,773
<4>[  681.141571] [RPC] CALL on ept c7640760 to 30000061:00010001 @ 0:00000001 (44 bytes) (xid 30 proc 16)
<4>[  681.141784] [RPC] READ on ept c7640760
<4>[  681.147064] [RR] - ver=1 type=1 src=0:00000001 crx=0 siz=32 dst=1:c7640760
<4>[  681.148315] [RPC] READ on ept c7640760 (28 bytes)
<4>[  681.148437] [RPC] CALL on ept c7640760 to 30000061:00010001 @ 0:00000001 (44 bytes) (xid 31 proc 16)
<4>[  681.148681] [RPC] READ on ept c7640760
<4>[  681.149444] [RR] - ver=1 type=1 src=0:00000001 crx=0 siz=32 dst=1:c7640760
<4>[  681.149871] [RPC] READ on ept c7640760 (28 bytes)
<4>[  681.172180] [RPC] CALL on ept c7640760 to 30000061:00010001 @ 0:00000001 (44 bytes) (xid 32 proc 16)
<4>[  681.172210] [RPC] READ on ept c7640760
<4>[  681.172576] [RR] - ver=1 type=7 src=0:fffffffe crx=0 siz=20 dst=1:fffffffe
<4>[  681.172943] [RR] o RESUME_TX id=0:00000001
<4>[  681.173461] [RR] - ver=1 type=1 src=0:00000001 crx=0 siz=32 dst=1:c7640760
<4>[  681.173645] [RPC] READ on ept c7640760 (28 bytes)
<4>[  681.173675] [RPC] CALL on ept c7640760 to 30000061:00010001 @ 0:00000001 (44 bytes) (xid 33 proc 16)
<4>[  681.173675] [RPC] READ on ept c7640760
<4>[  681.174438] [RR] - ver=1 type=1 src=0:00000001 crx=0 siz=32 dst=1:c7640760
<4>[  681.174591] [RPC] READ on ept c7640760 (28 bytes)
<4>[  681.372985] [RPC] CALL on ept c7640760 to 30000061:00010001 @ 0:00000001 (44 bytes) (xid 34 proc 16)
<4>[  681.373016] [RPC] READ on ept c7640760
<4>[  681.374786] [RR] - ver=1 type=1 src=0:00000001 crx=1 siz=32 dst=1:c7640760
<4>[  681.374938] [RR] x RESUME_TX id=1:c7640760
<4>[  681.374969] [RPC] READ on ept c7640760 (28 bytes)
<4>[  681.375000] [RPC] CALL on ept c7640760 to 30000061:00010001 @ 0:00000001 (44 bytes) (xid 35 proc 16)
<4>[  681.375030] [RPC] READ on ept c7640760
<4>[  681.375762] [RR] - ver=1 type=1 src=0:00000001 crx=0 siz=32 dst=1:c7640760
<4>[  681.375915] [RPC] READ on ept c7640760 (28 bytes)
<4>[  681.415435] [RPC] CALL on ept c7640760 to 30000061:00010001 @ 0:00000001 (44 bytes) (xid 36 proc 16)
<4>[  681.415435] [RPC] READ on ept c7640760
<4>[  681.416564] [RR] - ver=1 type=1 src=0:00000001 crx=0 siz=32 dst=1:c7640760
<4>[  681.416931] [RPC] READ on ept c7640760 (28 bytes)
<6>[  681.473754] E1@970,825
<6>[  683.362457] check_calibration: calibration confirm
<4>[  746.661254] wds: 0020 @ 01
<3>[  746.661468] qmi: wds: network start failed (000e)
<7>[  753.988128] set brightness = 97
<7>[  754.004241] set brightness = 92
<7>[  754.019866] set brightness = 88
<7>[  754.036651] set brightness = 83
<7>[  754.053375] set brightness = 79
<7>[  754.069030] set brightness = 74
<7>[  754.084838] set brightness = 70
<7>[  754.101562] set brightness = 65
<7>[  754.118408] set brightness = 60
<7>[  754.134460] set brightness = 56
<7>[  754.150207] set brightness = 51
<7>[  754.166229] set brightness = 47
<7>[  754.182159] set brightness = 42
<7>[  754.198150] set brightness = 38
<7>[  754.213989] set brightness = 33
<7>[  754.229919] set brightness = 29
<7>[  754.246673] set brightness = 24
<7>[  754.262603] set brightness = 20
<7>[  760.995452] set brightness = 15
<7>[  761.012420] set brightness = 10
<7>[  761.029205] set brightness = 5
<7>[  761.044921] set brightness = 0
<6>[  761.045349] request_suspend_state: sleep (0->3) at 756948210988 (2010-08-23 01:39:12.199762195 UTC)
<4>[  761.067504] [RPC] CALL on ept c7640760 to 30000061:00010001 @ 0:00000001 (44 bytes) (xid 37 proc 16)
<4>[  761.067749] [RPC] READ on ept c7640760
<4>[  761.068267] [RR] - ver=1 type=7 src=0:fffffffe crx=0 siz=20 dst=1:fffffffe
<4>[  761.068389] [RR] o RESUME_TX id=0:00000001
<4>[  761.070434] [RR] - ver=1 type=1 src=0:00000001 crx=0 siz=32 dst=1:c7640760
<4>[  761.070617] [RPC] READ on ept c7640760 (28 bytes)
<6>[  761.117980] __spi_bma150_set_mode: BMA get into SLEEP mode!
<7>[  761.118103] bma150_early_suspend: spi_bma150_set_mode returned = 0!
<7>[  761.136138] supersonic_panel_blank
<7>[  761.136260] suc_set_brightness: cabc.status has GATE_ON!
<7>[  761.136474] backlight_control: 0
<4>[  761.137176] [hdmi/fb]hdmifb_suspend, use_count=0
<4>[  761.137634] [hdmi/fb]hdmifb_suspend: hdmifb_suspending = true
<4>[  761.137847] [hdmi/lcdc]lcdc_suspend
<4>[  761.137969] [hdmi/tx]hdmi_panel_uninit
<4>[  761.138092] [hdmi]suc_hdmi_gpio_off
<4>[  761.139007] [hdmi/tx]suspending=true, disable timer
<4>[  761.139160] [hdmi/tx]hdmi_panel_uninit
<4>[  761.139373] [hdmi/tx]hdmi_standby
<4>[  761.139465] [hdmi]hdmi_power(4)
<4>[  761.139587] [hdmi/lcdc]lcdc_disable_video, blank_count=0
<6>[  761.139801] atmel_ts_suspend: enter
<7>[  761.247528] mddi_epson_power: power off.
<7>[  761.417785] spi_gpio_switch: off
<7>[  761.435089] save exit: isCheckpointed 1
<4>[  769.548950] wds: 0020 @ 01
<3>[  769.549072] qmi: wds: network start failed (000e)
<4>[  819.844207] [RR] - ver=1 type=1 src=0:00000001 crx=0 siz=48 dst=1:c7c84ca0
<4>[  819.844390] [RPC] READ on ept c7c84ca0
<4>[  819.844512] [RPC] READ on ept c7c84ca0 is a CALL on 30100000:00000000 proc 3 xid 9
<6>[  819.844848] batt: M2A_RPC: level_update: 73 at 815690436753 (2010-08-23 01:40:10.941896498 UTC)
<6>[  819.845184] batt: batt:power_supply_changed: battery at 815690802603 (2010-08-23 01:40:10.942262348 UTC)
<4>[  819.845520] [RPC] REPLY on ept c7c84ca0 to xid=9 @ 0:00000001 (24 bytes)
<6>[  819.847015] batt: SMEM_BATT: get_batt_info: batt_id=1, batt_vol=4016, batt_temp=327, batt_current=344, eval_current=0, level=73, charging_source=1, charging_enabled=1, full_bat=1500000, over_vchg=0 at 815692845267 (2010-08-23 01:40:10.944091599 UTC)
<6>[  819.847534] batt: SMEM_BATT: get_batt_info: batt_id=1, batt_vol=4016, batt_temp=327, batt_current=344, eval_current=0, level=73, charging_source=1, charging_enabled=1, full_bat=1500000, over_vchg=0 at 815693333067 (2010-08-23 01:40:10.944609887 UTC)
